******************************************************************************
               TMS320C6x Linker PC v7.4.2                      
******************************************************************************
>> Linked Mon Nov 04 22:25:25 2013

OUTPUT FILE NAME:   <cosdp_66_LE_COFF.out>
ENTRY POINT SYMBOL: "_c_int00"  address: 00838100


MEMORY CONFIGURATION

         name            origin    length      used     unused   attr    fill
----------------------  --------  ---------  --------  --------  ----  --------
  L2SRAM                00800000   00080000  000415c1  0003ea3f  RW X
  MSMCSRAM              0c000000   00200000  00000000  00200000  RW X


SECTION ALLOCATION MAP

 output                                  attributes/
section   page    origin      length       input sections
--------  ----  ----------  ----------   ----------------
.pinit     0    00800000    00000000     UNINITIALIZED

.neardata 
*          0    00800000    00000000     UNINITIALIZED

.rodata    0    00800000    00000000     UNINITIALIZED

.bss       0    00800000    00000000     UNINITIALIZED

xdc.meta   0    00800000    00000000     COPY SECTION

.far       0    00800000    00023ee8     UNINITIALIZED
                  00800000    000238e0     drvdp.obj (.far)
                  008238e0    00000324     rts6600_coff.lib : defs.obj (.far)
                  00823c04    00000004                      : fopen.obj (.far)
                  00823c08    0000011c                      : lowlev.obj (.far)
                  00823d24    00000004     --HOLE--
                  00823d28    000000a0     tables.obj (.far)
                  00823dc8    00000060     driver.obj (.far)
                  00823e28    00000050     cosdp_d.obj (.far)
                  00823e78    00000040     rts6600_coff.lib : cos.obj (.far)
                  00823eb8    0000000c                      : exit.obj (.far)
                  00823ec4    00000008                      : _lock.obj (.far)
                  00823ecc    00000008                      : memory.obj (.far)
                  00823ed4    00000004     --HOLE--
                  00823ed8    00000008                      : rand.obj (.far)
                  00823ee0    00000008                      : trgdrv.obj (.far)

.stack     0    00823ee8    0000c000     UNINITIALIZED
                  00823ee8    00000008     rts6600_coff.lib : boot.obj (.stack)
                  00823ef0    0000bff8     --HOLE--

.text      0    0082ff00    00008a20     
                  0082ff00    000015e0     cosdp_d.obj (.text)
                  008314e0    00000660     driver.obj (.text)
                  00831b40    000005c0     rts6600_coff.lib : divd.obj (.text:__divd)
                  00832100    00000560                      : _printfi.obj (.text:__getarg_diouxp)
                  00832660    00000440                      : _printfi.obj (.text:__printfi)
                  00832aa0    00000440                      : _printfi.obj (.text:__setfield)
                  00832ee0    000003a0                      : fputs.obj (.text:_fputs)
                  00833280    00000360     drvdp.obj (.text)
                  008335e0    00000320     rts6600_coff.lib : _printfi.obj (.text:__pproc_fge)
                  00833900    000002c0                      : _printfi.obj (.text:__pproc_fwp)
                  00833bc0    000002c0                      : cos.obj (.text:_cos)
                  00833e80    00000280                      : _printfi.obj (.text:_ecvt)
                  00834100    00000280                      : _printfi.obj (.text:_fcvt)
                  00834380    00000280                      : memory.obj (.text:_free)
                  00834600    00000240                      : imath64.obj (.text:__divull)
                  00834840    00000240                      : _printfi.obj (.text:__pconv_e)
                  00834a80    00000240                      : _printfi.obj (.text:__pproc_diouxp)
                  00834cc0    00000220                      : _printfi.obj (.text:__pproc_str)
                  00834ee0    00000220                      : fputc.obj (.text:_fputc)
                  00835100    00000200                      : _printfi.obj (.text:__pconv_g)
                  00835300    00000200                      : setvbuf.obj (.text:_setvbuf)
                  00835500    000001c0                      : _printfi.obj (.text:__mcpy)
                  008356c0    000001c0                      : fopen.obj (.text:__openfile)
                  00835880    000001a0                      : trgdrv.obj (.text:_HOSTrename)
                  00835a20    000001a0                      : imath40.obj (.text:__divul)
                  00835bc0    00000180                      : memory.obj (.text:_malloc)
                  00835d40    00000180                      : lowlev.obj (.text:_open)
                  00835ec0    00000140                      : _printfi.obj (.text:__pproc_fflags)
                  00836000    00000140                      : lowlev.obj (.text:_getdevice)
                  00836140    00000120                      : fclose.obj (.text:__closefile)
                  00836260    00000120                      : _printfi.obj (.text:__ltostr)
                  00836380    00000120                      : fopen.obj (.text:__search_fp)
                  008364a0    00000120                      : fseek.obj (.text:_fseek)
                  008365c0    00000100                      : trgdrv.obj (.text:_HOSTlseek)
                  008366c0    00000100                      : fixdlli.obj (.text:__fixdlli)
                  008367c0    00000100                      : _io_perm.obj (.text:__wrt_ok)
                  008368c0    00000100                      : fprintf.obj (.text:_fprintf)
                  008369c0    000000e0                      : trgdrv.obj (.text:_HOSTopen)
                  00836aa0    000000e0                      : _printfi.obj (.text:__div)
                  00836b80    000000e0                      : fltllif.obj (.text:__fltllif)
                  00836c60    000000e0                      : atoi.obj (.text:_atoi)
                  00836d40    000000e0                      : lowlev.obj (.text:_close)
                  00836e20    000000e0                      : ltoa.obj (.text:_ltoa)
                  00836f00    000000e0                      : memset.obj (.text:_memset)
                  00836fe0    000000e0                      : printf.obj (.text:_printf)
                  008370c0    000000c0                      : trgdrv.obj (.text:_HOSTread)
                  00837180    000000c0                      : trgdrv.obj (.text:_HOSTunlink)
                  00837240    000000c0                      : trgdrv.obj (.text:_HOSTwrite)
                  00837300    000000c0                      : autoinit.obj (.text:__auto_init)
                  008373c0    000000c0                      : divu.obj (.text:__divu)
                  00837480    000000c0                      : fflush.obj (.text:__doflush)
                  00837540    000000c0                      : exit.obj (.text:_exit)
                  00837600    000000a0                      : trgdrv.obj (.text:_HOSTclose)
                  008376a0    000000a0                      : fopen.obj (.text:__cleanup)
                  00837740    000000a0                      : imath40.obj (.text:__divli)
                  008377e0    000000a0                      : _printfi.obj (.text:__ecpy)
                  00837880    000000a0                      : _printfi.obj (.text:__fcpy)
                  00837920    000000a0                      : fixdli.obj (.text:__fixdli)
                  008379c0    000000a0                      : round.obj (.text:__nround)
                  00837a60    000000a0                      : _printfi.obj (.text:__pconv_f)
                  00837b00    000000a0                      : cpy_tbl.obj (.text:_copy_in)
                  00837ba0    000000a0                      : lowlev.obj (.text:_finddevice)
                  00837c40    000000a0                      : lowlev.obj (.text:_lseek)
                  00837ce0    000000a0                      : memcpy64.obj (.text:_memcpy)
                  00837d80    000000a0                      : memory.obj (.text:_minsert)
                  00837e20    000000a0                      : modf.obj (.text:_modf)
                  00837ec0    000000a0                      : memory.obj (.text:_mremove)
                  00837f60    000000a0                      : lowlev.obj (.text:_write)
                  00838000    00000080                      : fltlid.obj (.text:__fltlid)
                  00838080    00000080                      : llshift.obj (.text:__llshl)
                  00838100    00000080                      : boot.obj (.text:_c_int00)
                  00838180    00000080                      : rand.obj (.text:_rand)
                  00838200    00000080                      : trgmsg.obj (.text:_readmsg)
                  00838280    00000080                      : lowlev.obj (.text:_unlink)
                  00838300    00000060                      : cpp_init.obj (.text:___TI_cpp_init)
                  00838360    00000060                      : frcmpyd_div.obj (.text:__frcmpyd_div)
                  008383c0    00000060                      : llshift.obj (.text:__llshru)
                  00838420    00000060                      : imath64.obj (.text:__subcull)
                  00838480    00000060                      : fclose.obj (.text:_fclose)
                  008384e0    00000060                      : fopen.obj (.text:_fopen)
                  00838540    00000060                      : memccpy.obj (.text:_memccpy)
                  008385a0    00000060                      : rand.obj (.text:_srand)
                  00838600    00000060                      : lowlev.obj (.text:_tabinit)
                  00838660    00000060                      : trgmsg.obj (.text:_writemsg)
                  008386c0    00000040                      : isinf.obj (.text:___isinf)
                  00838700    00000040                      : _printfi.obj (.text:___isnan)
                  00838740    00000040                      : args_main.obj (.text:__args_main)
                  00838780    00000040                      : imath40.obj (.text:__remli)
                  008387c0    00000020                      : negll.obj (.text:__negll)
                  008387e0    00000020                      : _lock.obj (.text:__nop)
                  00838800    00000020                      : fprintf.obj (.text:__outc)
                  00838820    00000020                      : printf.obj (.text:__outc)
                  00838840    00000020                      : fprintf.obj (.text:__outs)
                  00838860    00000020                      : printf.obj (.text:__outs)
                  00838880    00000020                      : trunc.obj (.text:__trunc)
                  008388a0    00000020                      : exit.obj (.text:_abort)
                  008388c0    00000020                      : remove.obj (.text:_remove)
                  008388e0    00000010     mathlib.a66 : cosdp_v.o66 ($Tramp$S$$_cosdp_v)
                  008388f0    00000010                 : cosdp_c.o66 ($Tramp$S$$_cosdp_c)
                  00838900    00000010                 : cosdp.o66 ($Tramp$S$$_cosdp)
                  00838910    00000010     --HOLE-- [fill = 0]

.sysmem    0    00838920    00008000     UNINITIALIZED
                  00838920    00000008     rts6600_coff.lib : memory.obj (.sysmem)
                  00838928    00007ff8     --HOLE--

.const     0    00840920    00000385     
                  00840920    00000203     driver.obj (.const:.string)
                  00840b23    00000002     rts6600_coff.lib : fputs.obj (.const:.string)
                  00840b25    00000003     --HOLE-- [fill = 0]
                  00840b28    00000101                      : ctype.obj (.const:.string:__ctypes_)
                  00840c29    00000059     cosdp_d.obj (.const:.string)
                  00840c82    00000023     rts6600_coff.lib : _printfi.obj (.const:.string)

.cinit     0    00840ca8    000002f4     
                  00840ca8    000000c0     tables.obj (.cinit)
                  00840d68    0000005c     rts6600_coff.lib : defs.obj (.cinit)
                  00840dc4    00000004     --HOLE-- [fill = 0]
                  00840dc8    0000005c                      : lowlev.obj (.cinit)
                  00840e24    00000004     --HOLE-- [fill = 0]
                  00840e28    00000058     cosdp_d.obj (.cinit)
                  00840e80    00000048     rts6600_coff.lib : cos.obj (.cinit)
                  00840ec8    00000030     drvdp.obj (.cinit)
                  00840ef8    0000002c     rts6600_coff.lib : exit.obj (.cinit)
                  00840f24    00000004     --HOLE-- [fill = 0]
                  00840f28    0000002c                      : memory.obj (.cinit)
                  00840f54    00000004     --HOLE-- [fill = 0]
                  00840f58    0000001c                      : _lock.obj (.cinit)
                  00840f74    00000004     --HOLE-- [fill = 0]
                  00840f78    00000010                      : rand.obj (.cinit)
                  00840f88    0000000c                      : fopen.obj (.cinit)
                  00840f94    00000004     --HOLE-- [fill = 0]
                  00840f98    00000004     (.pad.cinit) [fill = 0]

.cio       0    00840f9c    00000120     UNINITIALIZED
                  00840f9c    00000120     rts6600_coff.lib : trgmsg.obj (.cio)

.data      0    008410c0    00000060     
                  008410c0    00000060     mathlib.a66 : cosdp.o66 (.data)

.kernel_vec 
*          0    00841120    000001c0     
                  00841120    000001c0     mathlib.a66 : cosdp_v.o66 (.text:optvec)

.kernel_asm 
*          0    008412e0    00000180     
                  008412e0    00000180     mathlib.a66 : cosdp.o66 (.text:optasm)

.kernel_ci 
*          0    00841460    00000180     
                  00841460    00000180     mathlib.a66 : cosdp_c.o66 (.text:optci)


FAR CALL TRAMPOLINES

callee name               trampoline name
   callee addr  tramp addr   call addr  call info
--------------  -----------  ---------  ----------------
$.text:optvec:mathlib.a66<cosdp_v.o66>$0x0  $Tramp$S$$_cosdp_v
   00841120     008388e0     008302f8   cosdp_d.obj (.text)
                             0083072c   cosdp_d.obj (.text)
                             00830b20   cosdp_d.obj (.text)
                             008312c8   cosdp_d.obj (.text)
$.text:optci:mathlib.a66<cosdp_c.o66>$0x0  $Tramp$S$$_cosdp_c
   00841460     008388f0     0082ffcc   cosdp_d.obj (.text)
                             00830000   cosdp_d.obj (.text)
                             008305b8   cosdp_d.obj (.text)
                             008309ac   cosdp_d.obj (.text)
                             008311d0   cosdp_d.obj (.text)
$.text:optasm:mathlib.a66<cosdp.o66>$0x0  $Tramp$S$$_cosdp
   008412e0     00838900     0082ff88   cosdp_d.obj (.text)
                             0082ffb0   cosdp_d.obj (.text)
                             00830598   cosdp_d.obj (.text)
                             0083098c   cosdp_d.obj (.text)
                             008310d4   cosdp_d.obj (.text)

[3 trampolines]
[14 trampoline calls]


GLOBAL SYMBOLS: SORTED ALPHABETICALLY BY Name 

address    name
--------   ----
00800000   $bss
00800000   .bss
ffffffff   .data
ffffffff   .text
008388a0   C$$EXIT
008386b8   C$$IO$$
00837600   _HOSTclose
008365c0   _HOSTlseek
008369c0   _HOSTopen
008370c0   _HOSTread
00835880   _HOSTrename
00837180   _HOSTunlink
00837240   _HOSTwrite
008410c0   _HPisDP
00823da8   _V
00840f9c   __CIOBUF_
0082fee8   __STACK_END
0000c000   __STACK_SIZE
00008000   __SYSMEM_SIZE
00000001   __TI_args_main
00838300   ___TI_cpp_init
00823ec0   ___TI_enable_exit_profile_output
ffffffff   ___TI_pprof_out_hndl
ffffffff   ___TI_prof_data_size
ffffffff   ___TI_prof_data_start
ffffffff   ___binit__
00800000   ___bss__
ffffffff   ___c_args__
00840ca8   ___cinit__
ffffffff   ___data__
ffffffff   ___edata__
00800000   ___end__
ffffffff   ___etext__
008386c0   ___isinf
ffffffff   ___pinit__
ffffffff   ___text__
00838740   __args_main
00837300   __auto_init
008373c0   __c6xabi_divu
008376a0   __cleanup
00823eb8   __cleanup_ptr
00836140   __closefile
00840b28   __ctypes_
00831b40   __divd
00837740   __divli
008373c0   __divu
00835a20   __divul
00834600   __divull
00837480   __doflush
00823ebc   __dtors_ptr
00837920   __fixdli
008366c0   __fixdlli
00838000   __fltlid
00836b80   __fltllif
00838360   __frcmpyd_div
00823c00   __ft_end
008238e0   __ftable
00838080   __llshl
008383c0   __llshru
00823ec4   __lock
008387c0   __negll
008387e0   __nop
008379c0   __nround
00832660   __printfi
00838780   __remli
00823ee8   __stack
00838420   __subcull
00838920   __sys_memory
00823ac0   __tmpnams
00838880   __trunc
00823ec8   __unlock
008367c0   __wrt_ok
00823e28   _a
00800000   _a_ext
00807d00   _a_sc
008388a0   _abort
00823e24   _all_pass
00000200   _argsize
00836c60   _atoi
00803e80   _b_ext
00808020   _b_sc
00838100   _c_int00
00836d40   _close
00837b00   _copy_in
00833bc0   _cos
008412e0   _cosdp
00841460   _cosdp_c
00841120   _cosdp_v
00823de8   _cycle_counts
00831a8c   _driver_init
00837540   _exit
00838480   _fclose
00823e10   _fcn_pass
008384e0   _fopen
00823dcc   _fp
008368c0   _fprintf
00834ee0   _fputc
00832ee0   _fputs
00834380   _free
008364a0   _fseek
00833578   _gimme_random
008238d8   _input
0081bbd8   _input_data
008332a8   _isequal
00823d88   _jTable
00823d68   _kTable
00000180   _kernel_asm_size
00000180   _kernel_ci_size
000001c0   _kernel_vec_size
00823d28   _logtable
00837c40   _lseek
00836e20   _ltoa
0082ff00   _main
00835bc0   _malloc
00838540   _memccpy
00837ce0   _memcpy
00836f00   _memset
00837e20   _modf
00835d40   _open
0081bbc0   _output
00808340   _output_data
008319ac   _print_memory_results
0083188c   _print_profile_results
008314e0   _print_test_results
00836fe0   _printf
00834ee0   _putc
00838180   _rand
00838200   _readmsg
008388c0   _remove
00823dc8   _seed
00835300   _setvbuf
008385a0   _srand
00823de0   _t_offset
00823dd0   _t_start
00823dd8   _t_stop
00838280   _unlink
00837f60   _write
00838660   _writemsg
ffffffff   binit
00840ca8   cinit
00000385   const_size
00840920   const_start
ffffffff   edata
00800000   end
ffffffff   etext
ffffffff   pinit


GLOBAL SYMBOLS: SORTED BY Symbol Address 

address    name
--------   ----
00000001   __TI_args_main
00000180   _kernel_asm_size
00000180   _kernel_ci_size
000001c0   _kernel_vec_size
00000200   _argsize
00000385   const_size
00008000   __SYSMEM_SIZE
0000c000   __STACK_SIZE
00800000   $bss
00800000   .bss
00800000   ___bss__
00800000   ___end__
00800000   _a_ext
00800000   end
00803e80   _b_ext
00807d00   _a_sc
00808020   _b_sc
00808340   _output_data
0081bbc0   _output
0081bbd8   _input_data
008238d8   _input
008238e0   __ftable
00823ac0   __tmpnams
00823c00   __ft_end
00823d28   _logtable
00823d68   _kTable
00823d88   _jTable
00823da8   _V
00823dc8   _seed
00823dcc   _fp
00823dd0   _t_start
00823dd8   _t_stop
00823de0   _t_offset
00823de8   _cycle_counts
00823e10   _fcn_pass
00823e24   _all_pass
00823e28   _a
00823eb8   __cleanup_ptr
00823ebc   __dtors_ptr
00823ec0   ___TI_enable_exit_profile_output
00823ec4   __lock
00823ec8   __unlock
00823ee8   __stack
0082fee8   __STACK_END
0082ff00   _main
008314e0   _print_test_results
0083188c   _print_profile_results
008319ac   _print_memory_results
00831a8c   _driver_init
00831b40   __divd
00832660   __printfi
00832ee0   _fputs
008332a8   _isequal
00833578   _gimme_random
00833bc0   _cos
00834380   _free
00834600   __divull
00834ee0   _fputc
00834ee0   _putc
00835300   _setvbuf
00835880   _HOSTrename
00835a20   __divul
00835bc0   _malloc
00835d40   _open
00836140   __closefile
008364a0   _fseek
008365c0   _HOSTlseek
008366c0   __fixdlli
008367c0   __wrt_ok
008368c0   _fprintf
008369c0   _HOSTopen
00836b80   __fltllif
00836c60   _atoi
00836d40   _close
00836e20   _ltoa
00836f00   _memset
00836fe0   _printf
008370c0   _HOSTread
00837180   _HOSTunlink
00837240   _HOSTwrite
00837300   __auto_init
008373c0   __c6xabi_divu
008373c0   __divu
00837480   __doflush
00837540   _exit
00837600   _HOSTclose
008376a0   __cleanup
00837740   __divli
00837920   __fixdli
008379c0   __nround
00837b00   _copy_in
00837c40   _lseek
00837ce0   _memcpy
00837e20   _modf
00837f60   _write
00838000   __fltlid
00838080   __llshl
00838100   _c_int00
00838180   _rand
00838200   _readmsg
00838280   _unlink
00838300   ___TI_cpp_init
00838360   __frcmpyd_div
008383c0   __llshru
00838420   __subcull
00838480   _fclose
008384e0   _fopen
00838540   _memccpy
008385a0   _srand
00838660   _writemsg
008386b8   C$$IO$$
008386c0   ___isinf
00838740   __args_main
00838780   __remli
008387c0   __negll
008387e0   __nop
00838880   __trunc
008388a0   C$$EXIT
008388a0   _abort
008388c0   _remove
00838920   __sys_memory
00840920   const_start
00840b28   __ctypes_
00840ca8   ___cinit__
00840ca8   cinit
00840f9c   __CIOBUF_
008410c0   _HPisDP
00841120   _cosdp_v
008412e0   _cosdp
00841460   _cosdp_c
ffffffff   .data
ffffffff   .text
ffffffff   ___TI_pprof_out_hndl
ffffffff   ___TI_prof_data_size
ffffffff   ___TI_prof_data_start
ffffffff   ___binit__
ffffffff   ___c_args__
ffffffff   ___data__
ffffffff   ___edata__
ffffffff   ___etext__
ffffffff   ___pinit__
ffffffff   ___text__
ffffffff   binit
ffffffff   edata
ffffffff   etext
ffffffff   pinit

[146 symbols]
