<?xml version="1.0"?>
<link_info>
   <banner>TMS320C6x Linker PC v7.4.2</banner>
   <copyright>Copyright (c) 1996-2012 Texas Instruments Incorporated</copyright>
   <link_time>0x52786c2f</link_time>
   <output_file>recipsp_66_BE_ELF.out</output_file>
   <entry_point>
      <name>_c_int00</name>
      <address>0x825b40</address>
   </entry_point>
   <input_file_list>
      <input_file id="fl-2">
         <path>.\</path>
         <kind>object</kind>
         <file>tables.obj</file>
         <name>tables.obj</name>
      </input_file>
      <input_file id="fl-3">
         <path>.\</path>
         <kind>object</kind>
         <file>recipsp_d.obj</file>
         <name>recipsp_d.obj</name>
      </input_file>
      <input_file id="fl-4">
         <path>.\</path>
         <kind>object</kind>
         <file>drvsp.obj</file>
         <name>drvsp.obj</name>
      </input_file>
      <input_file id="fl-5">
         <path>.\</path>
         <kind>object</kind>
         <file>driver.obj</file>
         <name>driver.obj</name>
      </input_file>
      <input_file id="fl-81">
         <path>C:\MATHLIB_Tools\CCSV5_4_0\ccsv5\tools\compiler\c6000_7.4.2\lib\</path>
         <kind>archive</kind>
         <file>rts6600e_elf.lib</file>
         <name>boot.obj</name>
      </input_file>
      <input_file id="fl-82">
         <path>C:\MATHLIB_Tools\CCSV5_4_0\ccsv5\tools\compiler\c6000_7.4.2\lib\</path>
         <kind>archive</kind>
         <file>rts6600e_elf.lib</file>
         <name>copy_decompress_none.obj</name>
      </input_file>
      <input_file id="fl-83">
         <path>C:\MATHLIB_Tools\CCSV5_4_0\ccsv5\tools\compiler\c6000_7.4.2\lib\</path>
         <kind>archive</kind>
         <file>rts6600e_elf.lib</file>
         <name>copy_decompress_rle.obj</name>
      </input_file>
      <input_file id="fl-84">
         <path>C:\MATHLIB_Tools\CCSV5_4_0\ccsv5\tools\compiler\c6000_7.4.2\lib\</path>
         <kind>archive</kind>
         <file>rts6600e_elf.lib</file>
         <name>copy_zero_init.obj</name>
      </input_file>
      <input_file id="fl-85">
         <path>C:\MATHLIB_Tools\CCSV5_4_0\ccsv5\tools\compiler\c6000_7.4.2\lib\</path>
         <kind>archive</kind>
         <file>rts6600e_elf.lib</file>
         <name>divd.obj</name>
      </input_file>
      <input_file id="fl-86">
         <path>C:\MATHLIB_Tools\CCSV5_4_0\ccsv5\tools\compiler\c6000_7.4.2\lib\</path>
         <kind>archive</kind>
         <file>rts6600e_elf.lib</file>
         <name>divf.obj</name>
      </input_file>
      <input_file id="fl-87">
         <path>C:\MATHLIB_Tools\CCSV5_4_0\ccsv5\tools\compiler\c6000_7.4.2\lib\</path>
         <kind>archive</kind>
         <file>rts6600e_elf.lib</file>
         <name>exit.obj</name>
      </input_file>
      <input_file id="fl-88">
         <path>C:\MATHLIB_Tools\CCSV5_4_0\ccsv5\tools\compiler\c6000_7.4.2\lib\</path>
         <kind>archive</kind>
         <file>rts6600e_elf.lib</file>
         <name>fclose.obj</name>
      </input_file>
      <input_file id="fl-89">
         <path>C:\MATHLIB_Tools\CCSV5_4_0\ccsv5\tools\compiler\c6000_7.4.2\lib\</path>
         <kind>archive</kind>
         <file>rts6600e_elf.lib</file>
         <name>fflush.obj</name>
      </input_file>
      <input_file id="fl-8a">
         <path>C:\MATHLIB_Tools\CCSV5_4_0\ccsv5\tools\compiler\c6000_7.4.2\lib\</path>
         <kind>archive</kind>
         <file>rts6600e_elf.lib</file>
         <name>fixdlli.obj</name>
      </input_file>
      <input_file id="fl-8b">
         <path>C:\MATHLIB_Tools\CCSV5_4_0\ccsv5\tools\compiler\c6000_7.4.2\lib\</path>
         <kind>archive</kind>
         <file>rts6600e_elf.lib</file>
         <name>fltllif.obj</name>
      </input_file>
      <input_file id="fl-8c">
         <path>C:\MATHLIB_Tools\CCSV5_4_0\ccsv5\tools\compiler\c6000_7.4.2\lib\</path>
         <kind>archive</kind>
         <file>rts6600e_elf.lib</file>
         <name>fopen.obj</name>
      </input_file>
      <input_file id="fl-8d">
         <path>C:\MATHLIB_Tools\CCSV5_4_0\ccsv5\tools\compiler\c6000_7.4.2\lib\</path>
         <kind>archive</kind>
         <file>rts6600e_elf.lib</file>
         <name>fprintf.obj</name>
      </input_file>
      <input_file id="fl-8e">
         <path>C:\MATHLIB_Tools\CCSV5_4_0\ccsv5\tools\compiler\c6000_7.4.2\lib\</path>
         <kind>archive</kind>
         <file>rts6600e_elf.lib</file>
         <name>fputc.obj</name>
      </input_file>
      <input_file id="fl-8f">
         <path>C:\MATHLIB_Tools\CCSV5_4_0\ccsv5\tools\compiler\c6000_7.4.2\lib\</path>
         <kind>archive</kind>
         <file>rts6600e_elf.lib</file>
         <name>fputs.obj</name>
      </input_file>
      <input_file id="fl-90">
         <path>C:\MATHLIB_Tools\CCSV5_4_0\ccsv5\tools\compiler\c6000_7.4.2\lib\</path>
         <kind>archive</kind>
         <file>rts6600e_elf.lib</file>
         <name>frcmpyd_div.obj</name>
      </input_file>
      <input_file id="fl-91">
         <path>C:\MATHLIB_Tools\CCSV5_4_0\ccsv5\tools\compiler\c6000_7.4.2\lib\</path>
         <kind>archive</kind>
         <file>rts6600e_elf.lib</file>
         <name>isinff.obj</name>
      </input_file>
      <input_file id="fl-92">
         <path>C:\MATHLIB_Tools\CCSV5_4_0\ccsv5\tools\compiler\c6000_7.4.2\lib\</path>
         <kind>archive</kind>
         <file>rts6600e_elf.lib</file>
         <name>llshift.obj</name>
      </input_file>
      <input_file id="fl-93">
         <path>C:\MATHLIB_Tools\CCSV5_4_0\ccsv5\tools\compiler\c6000_7.4.2\lib\</path>
         <kind>archive</kind>
         <file>rts6600e_elf.lib</file>
         <name>lowlev.obj</name>
      </input_file>
      <input_file id="fl-94">
         <path>C:\MATHLIB_Tools\CCSV5_4_0\ccsv5\tools\compiler\c6000_7.4.2\lib\</path>
         <kind>archive</kind>
         <file>rts6600e_elf.lib</file>
         <name>memcpy64.obj</name>
      </input_file>
      <input_file id="fl-95">
         <path>C:\MATHLIB_Tools\CCSV5_4_0\ccsv5\tools\compiler\c6000_7.4.2\lib\</path>
         <kind>archive</kind>
         <file>rts6600e_elf.lib</file>
         <name>memory.obj</name>
      </input_file>
      <input_file id="fl-96">
         <path>C:\MATHLIB_Tools\CCSV5_4_0\ccsv5\tools\compiler\c6000_7.4.2\lib\</path>
         <kind>archive</kind>
         <file>rts6600e_elf.lib</file>
         <name>memset.obj</name>
      </input_file>
      <input_file id="fl-97">
         <path>C:\MATHLIB_Tools\CCSV5_4_0\ccsv5\tools\compiler\c6000_7.4.2\lib\</path>
         <kind>archive</kind>
         <file>rts6600e_elf.lib</file>
         <name>negll.obj</name>
      </input_file>
      <input_file id="fl-98">
         <path>C:\MATHLIB_Tools\CCSV5_4_0\ccsv5\tools\compiler\c6000_7.4.2\lib\</path>
         <kind>archive</kind>
         <file>rts6600e_elf.lib</file>
         <name>printf.obj</name>
      </input_file>
      <input_file id="fl-99">
         <path>C:\MATHLIB_Tools\CCSV5_4_0\ccsv5\tools\compiler\c6000_7.4.2\lib\</path>
         <kind>archive</kind>
         <file>rts6600e_elf.lib</file>
         <name>rand.obj</name>
      </input_file>
      <input_file id="fl-9a">
         <path>C:\MATHLIB_Tools\CCSV5_4_0\ccsv5\tools\compiler\c6000_7.4.2\lib\</path>
         <kind>archive</kind>
         <file>rts6600e_elf.lib</file>
         <name>remove.obj</name>
      </input_file>
      <input_file id="fl-9b">
         <path>C:\MATHLIB_Tools\CCSV5_4_0\ccsv5\tools\compiler\c6000_7.4.2\lib\</path>
         <kind>archive</kind>
         <file>rts6600e_elf.lib</file>
         <name>trgdrv.obj</name>
      </input_file>
      <input_file id="fl-9c">
         <path>C:\MATHLIB_Tools\CCSV5_4_0\ccsv5\tools\compiler\c6000_7.4.2\lib\</path>
         <kind>archive</kind>
         <file>rts6600e_elf.lib</file>
         <name>trgmsg.obj</name>
      </input_file>
      <input_file id="fl-9d">
         <path>C:\MATHLIB_Tools\CCSV5_4_0\ccsv5\tools\compiler\c6000_7.4.2\lib\</path>
         <kind>archive</kind>
         <file>rts6600e_elf.lib</file>
         <name>_io_perm.obj</name>
      </input_file>
      <input_file id="fl-9e">
         <path>C:\MATHLIB_Tools\CCSV5_4_0\ccsv5\tools\compiler\c6000_7.4.2\lib\</path>
         <kind>archive</kind>
         <file>rts6600e_elf.lib</file>
         <name>_lock.obj</name>
      </input_file>
      <input_file id="fl-9f">
         <path>C:\MATHLIB_Tools\CCSV5_4_0\ccsv5\tools\compiler\c6000_7.4.2\lib\</path>
         <kind>archive</kind>
         <file>rts6600e_elf.lib</file>
         <name>_printfi.obj</name>
      </input_file>
      <input_file id="fl-a0">
         <path>C:\MATHLIB_Tools\CCSV5_4_0\ccsv5\tools\compiler\c6000_7.4.2\lib\</path>
         <kind>archive</kind>
         <file>rts6600e_elf.lib</file>
         <name>args_main.obj</name>
      </input_file>
      <input_file id="fl-a1">
         <path>C:\MATHLIB_Tools\CCSV5_4_0\ccsv5\tools\compiler\c6000_7.4.2\lib\</path>
         <kind>archive</kind>
         <file>rts6600e_elf.lib</file>
         <name>atoi.obj</name>
      </input_file>
      <input_file id="fl-a2">
         <path>C:\MATHLIB_Tools\CCSV5_4_0\ccsv5\tools\compiler\c6000_7.4.2\lib\</path>
         <kind>archive</kind>
         <file>rts6600e_elf.lib</file>
         <name>autoinit.obj</name>
      </input_file>
      <input_file id="fl-a3">
         <path>C:\MATHLIB_Tools\CCSV5_4_0\ccsv5\tools\compiler\c6000_7.4.2\lib\</path>
         <kind>archive</kind>
         <file>rts6600e_elf.lib</file>
         <name>cpp_init.obj</name>
      </input_file>
      <input_file id="fl-a4">
         <path>C:\MATHLIB_Tools\CCSV5_4_0\ccsv5\tools\compiler\c6000_7.4.2\lib\</path>
         <kind>archive</kind>
         <file>rts6600e_elf.lib</file>
         <name>cpy_tbl.obj</name>
      </input_file>
      <input_file id="fl-a5">
         <path>C:\MATHLIB_Tools\CCSV5_4_0\ccsv5\tools\compiler\c6000_7.4.2\lib\</path>
         <kind>archive</kind>
         <file>rts6600e_elf.lib</file>
         <name>ctype.obj</name>
      </input_file>
      <input_file id="fl-a6">
         <path>C:\MATHLIB_Tools\CCSV5_4_0\ccsv5\tools\compiler\c6000_7.4.2\lib\</path>
         <kind>archive</kind>
         <file>rts6600e_elf.lib</file>
         <name>defs.obj</name>
      </input_file>
      <input_file id="fl-a7">
         <path>C:\MATHLIB_Tools\CCSV5_4_0\ccsv5\tools\compiler\c6000_7.4.2\lib\</path>
         <kind>archive</kind>
         <file>rts6600e_elf.lib</file>
         <name>divu.obj</name>
      </input_file>
      <input_file id="fl-a8">
         <path>C:\MATHLIB_Tools\CCSV5_4_0\ccsv5\tools\compiler\c6000_7.4.2\lib\</path>
         <kind>archive</kind>
         <file>rts6600e_elf.lib</file>
         <name>fseek.obj</name>
      </input_file>
      <input_file id="fl-a9">
         <path>C:\MATHLIB_Tools\CCSV5_4_0\ccsv5\tools\compiler\c6000_7.4.2\lib\</path>
         <kind>archive</kind>
         <file>rts6600e_elf.lib</file>
         <name>imath40.obj</name>
      </input_file>
      <input_file id="fl-aa">
         <path>C:\MATHLIB_Tools\CCSV5_4_0\ccsv5\tools\compiler\c6000_7.4.2\lib\</path>
         <kind>archive</kind>
         <file>rts6600e_elf.lib</file>
         <name>imath64.obj</name>
      </input_file>
      <input_file id="fl-ab">
         <path>C:\MATHLIB_Tools\CCSV5_4_0\ccsv5\tools\compiler\c6000_7.4.2\lib\</path>
         <kind>archive</kind>
         <file>rts6600e_elf.lib</file>
         <name>isinf.obj</name>
      </input_file>
      <input_file id="fl-ac">
         <path>C:\MATHLIB_Tools\CCSV5_4_0\ccsv5\tools\compiler\c6000_7.4.2\lib\</path>
         <kind>archive</kind>
         <file>rts6600e_elf.lib</file>
         <name>ltoa.obj</name>
      </input_file>
      <input_file id="fl-ad">
         <path>C:\MATHLIB_Tools\CCSV5_4_0\ccsv5\tools\compiler\c6000_7.4.2\lib\</path>
         <kind>archive</kind>
         <file>rts6600e_elf.lib</file>
         <name>memccpy.obj</name>
      </input_file>
      <input_file id="fl-ae">
         <path>C:\MATHLIB_Tools\CCSV5_4_0\ccsv5\tools\compiler\c6000_7.4.2\lib\</path>
         <kind>archive</kind>
         <file>rts6600e_elf.lib</file>
         <name>setvbuf.obj</name>
      </input_file>
      <input_file id="fl-af">
         <path>C:\MATHLIB_Tools\CCSV5_4_0\ccsv5\tools\compiler\c6000_7.4.2\lib\</path>
         <kind>archive</kind>
         <file>rts6600e_elf.lib</file>
         <name>tls.obj</name>
      </input_file>
      <input_file id="fl-b0">
         <path>C:\MATHLIB_Tools\CCSV5_4_0\ccsv5\tools\compiler\c6000_7.4.2\lib\</path>
         <kind>archive</kind>
         <file>rts6600e_elf.lib</file>
         <name>tls_get_tp.obj</name>
      </input_file>
      <input_file id="fl-b1">
         <path>C:\MATHLIB_Tools\CCSV5_4_0\ccsv5\tools\compiler\c6000_7.4.2\lib\</path>
         <kind>archive</kind>
         <file>rts6600e_elf.lib</file>
         <name>abs.obj</name>
      </input_file>
      <input_file id="fl-b7">
         <path>..\..\..\..\..\lib\</path>
         <kind>archive</kind>
         <file>mathlib.ae66e</file>
         <name>recipsp_c.oe66e</name>
      </input_file>
      <input_file id="fl-b8">
         <path>..\..\..\..\..\lib\</path>
         <kind>archive</kind>
         <file>mathlib.ae66e</file>
         <name>recipsp_v.oe66e</name>
      </input_file>
      <input_file id="fl-b9">
         <path>..\..\..\..\..\lib\</path>
         <kind>archive</kind>
         <file>mathlib.ae66e</file>
         <name>recipsp.oe66e</name>
      </input_file>
   </input_file_list>
   <object_component_list>
      <object_component id="oc-b0">
         <name>.text:optasm</name>
         <load_address>0x82ec00</load_address>
         <run_address>0x82ec00</run_address>
         <size>0x60</size>
         <input_file_ref idref="fl-b9"/>
      </object_component>
      <object_component id="oc-b5">
         <name>.text:optvec</name>
         <load_address>0x82eb40</load_address>
         <run_address>0x82eb40</run_address>
         <size>0xc0</size>
         <input_file_ref idref="fl-b8"/>
      </object_component>
      <object_component id="oc-b4">
         <name>.text:optci</name>
         <load_address>0x82ec60</load_address>
         <run_address>0x82ec60</run_address>
         <size>0x60</size>
         <input_file_ref idref="fl-b7"/>
      </object_component>
      <object_component id="oc-6a">
         <name>.text</name>
         <load_address>0x81de20</load_address>
         <run_address>0x81de20</run_address>
         <size>0xf20</size>
         <input_file_ref idref="fl-3"/>
      </object_component>
      <object_component id="oc-ab">
         <name>.text</name>
         <load_address>0x81ed40</load_address>
         <run_address>0x81ed40</run_address>
         <size>0x660</size>
         <input_file_ref idref="fl-5"/>
      </object_component>
      <object_component id="oc-eb">
         <name>.text:__c6xabi_divd</name>
         <load_address>0x81f3a0</load_address>
         <run_address>0x81f3a0</run_address>
         <size>0x5c0</size>
         <input_file_ref idref="fl-85"/>
      </object_component>
      <object_component id="oc-22b">
         <name>.text:_getarg_diouxp</name>
         <load_address>0x81f960</load_address>
         <run_address>0x81f960</run_address>
         <size>0x5c0</size>
         <input_file_ref idref="fl-9f"/>
      </object_component>
      <object_component id="oc-10d">
         <name>.text:_printfi</name>
         <load_address>0x81ff20</load_address>
         <run_address>0x81ff20</run_address>
         <size>0x460</size>
         <input_file_ref idref="fl-9f"/>
      </object_component>
      <object_component id="oc-162">
         <name>.text:_setfield</name>
         <load_address>0x820380</load_address>
         <run_address>0x820380</run_address>
         <size>0x460</size>
         <input_file_ref idref="fl-9f"/>
      </object_component>
      <object_component id="oc-150">
         <name>.text:fputs</name>
         <load_address>0x8207e0</load_address>
         <run_address>0x8207e0</run_address>
         <size>0x3a0</size>
         <input_file_ref idref="fl-8f"/>
      </object_component>
      <object_component id="oc-b6">
         <name>.text</name>
         <load_address>0x820b80</load_address>
         <run_address>0x820b80</run_address>
         <size>0x340</size>
         <input_file_ref idref="fl-4"/>
      </object_component>
      <object_component id="oc-1c9">
         <name>.text:_pproc_fge</name>
         <load_address>0x820ec0</load_address>
         <run_address>0x820ec0</run_address>
         <size>0x320</size>
         <input_file_ref idref="fl-9f"/>
      </object_component>
      <object_component id="oc-15e">
         <name>.text:_pproc_fwp</name>
         <load_address>0x8211e0</load_address>
         <run_address>0x8211e0</run_address>
         <size>0x2e0</size>
         <input_file_ref idref="fl-9f"/>
      </object_component>
      <object_component id="oc-277">
         <name>.text:fcvt</name>
         <load_address>0x8214c0</load_address>
         <run_address>0x8214c0</run_address>
         <size>0x2a0</size>
         <input_file_ref idref="fl-9f"/>
      </object_component>
      <object_component id="oc-ac">
         <name>.text:__c6xabi_divf</name>
         <load_address>0x821760</load_address>
         <run_address>0x821760</run_address>
         <size>0x280</size>
         <input_file_ref idref="fl-86"/>
      </object_component>
      <object_component id="oc-26a">
         <name>.text:ecvt</name>
         <load_address>0x8219e0</load_address>
         <run_address>0x8219e0</run_address>
         <size>0x280</size>
         <input_file_ref idref="fl-9f"/>
      </object_component>
      <object_component id="oc-19a">
         <name>.text:free</name>
         <load_address>0x821c60</load_address>
         <run_address>0x821c60</run_address>
         <size>0x280</size>
         <input_file_ref idref="fl-95"/>
      </object_component>
      <object_component id="oc-2ca">
         <name>.text:__c6xabi_divull</name>
         <load_address>0x821ee0</load_address>
         <run_address>0x821ee0</run_address>
         <size>0x240</size>
         <input_file_ref idref="fl-aa"/>
      </object_component>
      <object_component id="oc-226">
         <name>.text:_pconv_e</name>
         <load_address>0x822120</load_address>
         <run_address>0x822120</run_address>
         <size>0x240</size>
         <input_file_ref idref="fl-9f"/>
      </object_component>
      <object_component id="oc-1cd">
         <name>.text:_pproc_diouxp</name>
         <load_address>0x822360</load_address>
         <run_address>0x822360</run_address>
         <size>0x240</size>
         <input_file_ref idref="fl-9f"/>
      </object_component>
      <object_component id="oc-166">
         <name>.text:_pproc_str</name>
         <load_address>0x8225a0</load_address>
         <run_address>0x8225a0</run_address>
         <size>0x220</size>
         <input_file_ref idref="fl-9f"/>
      </object_component>
      <object_component id="oc-155">
         <name>.text:fputc</name>
         <load_address>0x8227c0</load_address>
         <run_address>0x8227c0</run_address>
         <size>0x220</size>
         <input_file_ref idref="fl-8e"/>
      </object_component>
      <object_component id="oc-21e">
         <name>.text:_pconv_g</name>
         <load_address>0x8229e0</load_address>
         <run_address>0x8229e0</run_address>
         <size>0x200</size>
         <input_file_ref idref="fl-9f"/>
      </object_component>
      <object_component id="oc-207">
         <name>.text:setvbuf</name>
         <load_address>0x822be0</load_address>
         <run_address>0x822be0</run_address>
         <size>0x200</size>
         <input_file_ref idref="fl-ae"/>
      </object_component>
      <object_component id="oc-272">
         <name>.text:_mcpy</name>
         <load_address>0x822de0</load_address>
         <run_address>0x822de0</run_address>
         <size>0x1c0</size>
         <input_file_ref idref="fl-9f"/>
      </object_component>
      <object_component id="oc-11c">
         <name>.text:_openfile</name>
         <load_address>0x822fa0</load_address>
         <run_address>0x822fa0</run_address>
         <size>0x1c0</size>
         <input_file_ref idref="fl-8c"/>
      </object_component>
      <object_component id="oc-2a6">
         <name>.text:HOSTrename</name>
         <load_address>0x823160</load_address>
         <run_address>0x823160</run_address>
         <size>0x1a0</size>
         <input_file_ref idref="fl-9b"/>
      </object_component>
      <object_component id="oc-2c6">
         <name>.text:__c6xabi_divul</name>
         <load_address>0x823300</load_address>
         <run_address>0x823300</run_address>
         <size>0x1a0</size>
         <input_file_ref idref="fl-a9"/>
      </object_component>
      <object_component id="oc-4c">
         <name>.text:__TI_decompress_rle_core</name>
         <load_address>0x8234a0</load_address>
         <run_address>0x8234a0</run_address>
         <size>0x180</size>
         <input_file_ref idref="fl-83"/>
      </object_component>
      <object_component id="oc-25b">
         <name>.text:malloc</name>
         <load_address>0x823620</load_address>
         <run_address>0x823620</run_address>
         <size>0x180</size>
         <input_file_ref idref="fl-95"/>
      </object_component>
      <object_component id="oc-186">
         <name>.text:open</name>
         <load_address>0x8237a0</load_address>
         <run_address>0x8237a0</run_address>
         <size>0x180</size>
         <input_file_ref idref="fl-93"/>
      </object_component>
      <object_component id="oc-15a">
         <name>.text:_pproc_fflags</name>
         <load_address>0x823920</load_address>
         <run_address>0x823920</run_address>
         <size>0x140</size>
         <input_file_ref idref="fl-9f"/>
      </object_component>
      <object_component id="oc-1ea">
         <name>.text:getdevice</name>
         <load_address>0x823a60</load_address>
         <run_address>0x823a60</run_address>
         <size>0x140</size>
         <input_file_ref idref="fl-93"/>
      </object_component>
      <object_component id="oc-12c">
         <name>.text:_closefile</name>
         <load_address>0x823ba0</load_address>
         <run_address>0x823ba0</run_address>
         <size>0x120</size>
         <input_file_ref idref="fl-88"/>
      </object_component>
      <object_component id="oc-22f">
         <name>.text:_ltostr</name>
         <load_address>0x823cc0</load_address>
         <run_address>0x823cc0</run_address>
         <size>0x120</size>
         <input_file_ref idref="fl-9f"/>
      </object_component>
      <object_component id="oc-118">
         <name>.text:_search_fp</name>
         <load_address>0x823de0</load_address>
         <run_address>0x823de0</run_address>
         <size>0x120</size>
         <input_file_ref idref="fl-8c"/>
      </object_component>
      <object_component id="oc-203">
         <name>.text:fseek</name>
         <load_address>0x823f00</load_address>
         <run_address>0x823f00</run_address>
         <size>0x120</size>
         <input_file_ref idref="fl-a8"/>
      </object_component>
      <object_component id="oc-29e">
         <name>.text:HOSTlseek</name>
         <load_address>0x824020</load_address>
         <run_address>0x824020</run_address>
         <size>0x100</size>
         <input_file_ref idref="fl-9b"/>
      </object_component>
      <object_component id="oc-bb">
         <name>.text:__c6xabi_fixdlli</name>
         <load_address>0x824120</load_address>
         <run_address>0x824120</run_address>
         <size>0x100</size>
         <input_file_ref idref="fl-8a"/>
      </object_component>
      <object_component id="oc-2f">
         <name>.text:_auto_init_elf</name>
         <load_address>0x824220</load_address>
         <run_address>0x824220</run_address>
         <size>0x100</size>
         <input_file_ref idref="fl-a2"/>
      </object_component>
      <object_component id="oc-1b7">
         <name>.text:_wrt_ok</name>
         <load_address>0x824320</load_address>
         <run_address>0x824320</run_address>
         <size>0x100</size>
         <input_file_ref idref="fl-9d"/>
      </object_component>
      <object_component id="oc-5d">
         <name>.text:copy_in</name>
         <load_address>0x824420</load_address>
         <run_address>0x824420</run_address>
         <size>0x100</size>
         <input_file_ref idref="fl-a4"/>
      </object_component>
      <object_component id="oc-dd">
         <name>.text:fprintf</name>
         <load_address>0x824520</load_address>
         <run_address>0x824520</run_address>
         <size>0x100</size>
         <input_file_ref idref="fl-8d"/>
      </object_component>
      <object_component id="oc-28e">
         <name>.text:HOSTopen</name>
         <load_address>0x824620</load_address>
         <run_address>0x824620</run_address>
         <size>0xe0</size>
         <input_file_ref idref="fl-9b"/>
      </object_component>
      <object_component id="oc-b7">
         <name>.text:__c6xabi_fltllif</name>
         <load_address>0x824700</load_address>
         <run_address>0x824700</run_address>
         <size>0xe0</size>
         <input_file_ref idref="fl-8b"/>
      </object_component>
      <object_component id="oc-287">
         <name>.text:_div</name>
         <load_address>0x8247e0</load_address>
         <run_address>0x8247e0</run_address>
         <size>0xe0</size>
         <input_file_ref idref="fl-9f"/>
      </object_component>
      <object_component id="oc-1c4">
         <name>.text:atoi</name>
         <load_address>0x8248c0</load_address>
         <run_address>0x8248c0</run_address>
         <size>0xe0</size>
         <input_file_ref idref="fl-a1"/>
      </object_component>
      <object_component id="oc-19e">
         <name>.text:close</name>
         <load_address>0x8249a0</load_address>
         <run_address>0x8249a0</run_address>
         <size>0xe0</size>
         <input_file_ref idref="fl-93"/>
      </object_component>
      <object_component id="oc-23">
         <name>.text:decompress:ZI:__TI_zero_init</name>
         <load_address>0x824a80</load_address>
         <run_address>0x824a80</run_address>
         <size>0xe0</size>
         <input_file_ref idref="fl-84"/>
      </object_component>
      <object_component id="oc-2b9">
         <name>.text:ltoa</name>
         <load_address>0x824b60</load_address>
         <run_address>0x824b60</run_address>
         <size>0xe0</size>
         <input_file_ref idref="fl-ac"/>
      </object_component>
      <object_component id="oc-17d">
         <name>.text:memset</name>
         <load_address>0x824c40</load_address>
         <run_address>0x824c40</run_address>
         <size>0xe0</size>
         <input_file_ref idref="fl-96"/>
      </object_component>
      <object_component id="oc-bf">
         <name>.text:printf</name>
         <load_address>0x824d20</load_address>
         <run_address>0x824d20</run_address>
         <size>0xe0</size>
         <input_file_ref idref="fl-98"/>
      </object_component>
      <object_component id="oc-296">
         <name>.text:HOSTread</name>
         <load_address>0x824e00</load_address>
         <run_address>0x824e00</run_address>
         <size>0xc0</size>
         <input_file_ref idref="fl-9b"/>
      </object_component>
      <object_component id="oc-2a2">
         <name>.text:HOSTunlink</name>
         <load_address>0x824ec0</load_address>
         <run_address>0x824ec0</run_address>
         <size>0xc0</size>
         <input_file_ref idref="fl-9b"/>
      </object_component>
      <object_component id="oc-29a">
         <name>.text:HOSTwrite</name>
         <load_address>0x824f80</load_address>
         <run_address>0x824f80</run_address>
         <size>0xc0</size>
         <input_file_ref idref="fl-9b"/>
      </object_component>
      <object_component id="oc-2c2">
         <name>.text:__divu</name>
         <load_address>0x825040</load_address>
         <run_address>0x825040</run_address>
         <size>0xc0</size>
         <input_file_ref idref="fl-a7"/>
      </object_component>
      <object_component id="oc-196">
         <name>.text:_doflush</name>
         <load_address>0x825100</load_address>
         <run_address>0x825100</run_address>
         <size>0xc0</size>
         <input_file_ref idref="fl-89"/>
      </object_component>
      <object_component id="oc-37">
         <name>.text:exit</name>
         <load_address>0x8251c0</load_address>
         <run_address>0x8251c0</run_address>
         <size>0xc0</size>
         <input_file_ref idref="fl-87"/>
      </object_component>
      <object_component id="oc-61">
         <name>.text:tls:init:__TI_tls_init</name>
         <load_address>0x825280</load_address>
         <run_address>0x825280</run_address>
         <size>0xc0</size>
         <input_file_ref idref="fl-af"/>
      </object_component>
      <object_component id="oc-292">
         <name>.text:HOSTclose</name>
         <load_address>0x825340</load_address>
         <run_address>0x825340</run_address>
         <size>0xa0</size>
         <input_file_ref idref="fl-9b"/>
      </object_component>
      <object_component id="oc-182">
         <name>.text:_cleanup</name>
         <load_address>0x8253e0</load_address>
         <run_address>0x8253e0</run_address>
         <size>0xa0</size>
         <input_file_ref idref="fl-8c"/>
      </object_component>
      <object_component id="oc-26e">
         <name>.text:_ecpy</name>
         <load_address>0x825480</load_address>
         <run_address>0x825480</run_address>
         <size>0xa0</size>
         <input_file_ref idref="fl-9f"/>
      </object_component>
      <object_component id="oc-27b">
         <name>.text:_fcpy</name>
         <load_address>0x825520</load_address>
         <run_address>0x825520</run_address>
         <size>0xa0</size>
         <input_file_ref idref="fl-9f"/>
      </object_component>
      <object_component id="oc-2b0">
         <name>.text:_minit</name>
         <load_address>0x8255c0</load_address>
         <run_address>0x8255c0</run_address>
         <size>0xa0</size>
         <input_file_ref idref="fl-95"/>
      </object_component>
      <object_component id="oc-222">
         <name>.text:_pconv_f</name>
         <load_address>0x825660</load_address>
         <run_address>0x825660</run_address>
         <size>0xa0</size>
         <input_file_ref idref="fl-9f"/>
      </object_component>
      <object_component id="oc-23e">
         <name>.text:finddevice</name>
         <load_address>0x825700</load_address>
         <run_address>0x825700</run_address>
         <size>0xa0</size>
         <input_file_ref idref="fl-93"/>
      </object_component>
      <object_component id="oc-255">
         <name>.text:lseek</name>
         <load_address>0x8257a0</load_address>
         <run_address>0x8257a0</run_address>
         <size>0xa0</size>
         <input_file_ref idref="fl-93"/>
      </object_component>
      <object_component id="oc-3c">
         <name>.text:memcpy</name>
         <load_address>0x825840</load_address>
         <run_address>0x825840</run_address>
         <size>0xa0</size>
         <input_file_ref idref="fl-94"/>
      </object_component>
      <object_component id="oc-1f8">
         <name>.text:minsert</name>
         <load_address>0x8258e0</load_address>
         <run_address>0x8258e0</run_address>
         <size>0xa0</size>
         <input_file_ref idref="fl-95"/>
      </object_component>
      <object_component id="oc-1f4">
         <name>.text:mremove</name>
         <load_address>0x825980</load_address>
         <run_address>0x825980</run_address>
         <size>0xa0</size>
         <input_file_ref idref="fl-95"/>
      </object_component>
      <object_component id="oc-1bb">
         <name>.text:write</name>
         <load_address>0x825a20</load_address>
         <run_address>0x825a20</run_address>
         <size>0xa0</size>
         <input_file_ref idref="fl-93"/>
      </object_component>
      <object_component id="oc-f7">
         <name>.text:__c6xabi_llshl</name>
         <load_address>0x825ac0</load_address>
         <run_address>0x825ac0</run_address>
         <size>0x80</size>
         <input_file_ref idref="fl-92"/>
      </object_component>
      <object_component id="oc-1b">
         <name>.text:_c_int00</name>
         <load_address>0x825b40</load_address>
         <run_address>0x825b40</run_address>
         <size>0x80</size>
         <input_file_ref idref="fl-81"/>
      </object_component>
      <object_component id="oc-d5">
         <name>.text:rand</name>
         <load_address>0x825bc0</load_address>
         <run_address>0x825bc0</run_address>
         <size>0x80</size>
         <input_file_ref idref="fl-99"/>
      </object_component>
      <object_component id="oc-2d5">
         <name>.text:readmsg</name>
         <load_address>0x825c40</load_address>
         <run_address>0x825c40</run_address>
         <size>0x80</size>
         <input_file_ref idref="fl-9c"/>
      </object_component>
      <object_component id="oc-1a2">
         <name>.text:unlink</name>
         <load_address>0x825cc0</load_address>
         <run_address>0x825cc0</run_address>
         <size>0x80</size>
         <input_file_ref idref="fl-93"/>
      </object_component>
      <object_component id="oc-65">
         <name>.text:__TI_cpp_init</name>
         <load_address>0x825d40</load_address>
         <run_address>0x825d40</run_address>
         <size>0x60</size>
         <input_file_ref idref="fl-a3"/>
      </object_component>
      <object_component id="oc-133">
         <name>.text:__c6xabi_frcmpyd_div</name>
         <load_address>0x825da0</load_address>
         <run_address>0x825da0</run_address>
         <size>0x60</size>
         <input_file_ref idref="fl-90"/>
      </object_component>
      <object_component id="oc-fc">
         <name>.text:__c6xabi_llshru</name>
         <load_address>0x825e00</load_address>
         <run_address>0x825e00</run_address>
         <size>0x60</size>
         <input_file_ref idref="fl-92"/>
      </object_component>
      <object_component id="oc-2e6">
         <name>.text:_subcull</name>
         <load_address>0x825e60</load_address>
         <run_address>0x825e60</run_address>
         <size>0x60</size>
         <input_file_ref idref="fl-aa"/>
      </object_component>
      <object_component id="oc-e1">
         <name>.text:fclose</name>
         <load_address>0x825ec0</load_address>
         <run_address>0x825ec0</run_address>
         <size>0x60</size>
         <input_file_ref idref="fl-88"/>
      </object_component>
      <object_component id="oc-d9">
         <name>.text:fopen</name>
         <load_address>0x825f20</load_address>
         <run_address>0x825f20</run_address>
         <size>0x60</size>
         <input_file_ref idref="fl-8c"/>
      </object_component>
      <object_component id="oc-1d1">
         <name>.text:memccpy</name>
         <load_address>0x825f80</load_address>
         <run_address>0x825f80</run_address>
         <size>0x60</size>
         <input_file_ref idref="fl-ad"/>
      </object_component>
      <object_component id="oc-e5">
         <name>.text:srand</name>
         <load_address>0x825fe0</load_address>
         <run_address>0x825fe0</run_address>
         <size>0x60</size>
         <input_file_ref idref="fl-99"/>
      </object_component>
      <object_component id="oc-1e6">
         <name>.text:tabinit</name>
         <load_address>0x826040</load_address>
         <run_address>0x826040</run_address>
         <size>0x60</size>
         <input_file_ref idref="fl-93"/>
      </object_component>
      <object_component id="oc-2d1">
         <name>.text:writemsg</name>
         <load_address>0x8260a0</load_address>
         <run_address>0x8260a0</run_address>
         <size>0x60</size>
         <input_file_ref idref="fl-9c"/>
      </object_component>
      <object_component id="oc-21a">
         <name>.text:__c6xabi_isinf</name>
         <load_address>0x826100</load_address>
         <run_address>0x826100</run_address>
         <size>0x40</size>
         <input_file_ref idref="fl-ab"/>
      </object_component>
      <object_component id="oc-216">
         <name>.text:__c6xabi_isnan</name>
         <load_address>0x826140</load_address>
         <run_address>0x826140</run_address>
         <size>0x40</size>
         <input_file_ref idref="fl-9f"/>
      </object_component>
      <object_component id="oc-33">
         <name>.text:_args_main</name>
         <load_address>0x826180</load_address>
         <run_address>0x826180</run_address>
         <size>0x40</size>
         <input_file_ref idref="fl-a0"/>
      </object_component>
      <object_component id="oc-ef">
         <name>.text:__c6xabi_isinff</name>
         <load_address>0x8261c0</load_address>
         <run_address>0x8261c0</run_address>
         <size>0x20</size>
         <input_file_ref idref="fl-91"/>
      </object_component>
      <object_component id="oc-f3">
         <name>.text:__c6xabi_negll</name>
         <load_address>0x8261e0</load_address>
         <run_address>0x8261e0</run_address>
         <size>0x20</size>
         <input_file_ref idref="fl-97"/>
      </object_component>
      <object_component id="oc-146">
         <name>.text:_nop</name>
         <load_address>0x826200</load_address>
         <run_address>0x826200</run_address>
         <size>0x20</size>
         <input_file_ref idref="fl-9e"/>
      </object_component>
      <object_component id="oc-126">
         <name>.text:_outc</name>
         <load_address>0x826220</load_address>
         <run_address>0x826220</run_address>
         <size>0x20</size>
         <input_file_ref idref="fl-8d"/>
      </object_component>
      <object_component id="oc-109">
         <name>.text:_outc</name>
         <load_address>0x826240</load_address>
         <run_address>0x826240</run_address>
         <size>0x20</size>
         <input_file_ref idref="fl-98"/>
      </object_component>
      <object_component id="oc-122">
         <name>.text:_outs</name>
         <load_address>0x826260</load_address>
         <run_address>0x826260</run_address>
         <size>0x20</size>
         <input_file_ref idref="fl-8d"/>
      </object_component>
      <object_component id="oc-105">
         <name>.text:_outs</name>
         <load_address>0x826280</load_address>
         <run_address>0x826280</run_address>
         <size>0x20</size>
         <input_file_ref idref="fl-98"/>
      </object_component>
      <object_component id="oc-73">
         <name>.text:abort</name>
         <load_address>0x8262a0</load_address>
         <run_address>0x8262a0</run_address>
         <size>0x20</size>
         <input_file_ref idref="fl-87"/>
      </object_component>
      <object_component id="oc-1f">
         <name>.text:decompress:none:__TI_decompress_none</name>
         <load_address>0x8262c0</load_address>
         <run_address>0x8262c0</run_address>
         <size>0x20</size>
         <input_file_ref idref="fl-82"/>
      </object_component>
      <object_component id="oc-27">
         <name>.text:decompress:rle24:__TI_decompress_rle24</name>
         <load_address>0x8262e0</load_address>
         <run_address>0x8262e0</run_address>
         <size>0x20</size>
         <input_file_ref idref="fl-83"/>
      </object_component>
      <object_component id="oc-325">
         <name>$Tramp$S$$recipsp_v</name>
         <load_address>0x826300</load_address>
         <run_address>0x826300</run_address>
         <size>0x10</size>
         <input_file_ref idref="fl-b8"/>
      </object_component>
      <object_component id="oc-324">
         <name>$Tramp$S$$recipsp_c</name>
         <load_address>0x826310</load_address>
         <run_address>0x826310</run_address>
         <size>0x10</size>
         <input_file_ref idref="fl-b7"/>
      </object_component>
      <object_component id="oc-323">
         <name>$Tramp$S$$recipsp</name>
         <load_address>0x826320</load_address>
         <run_address>0x826320</run_address>
         <size>0x10</size>
         <input_file_ref idref="fl-b9"/>
      </object_component>
      <object_component id="oc-a9">
         <name>.far</name>
         <uninitialized>true</uninitialized>
         <run_address>0x800000</run_address>
         <size>0x11c60</size>
         <input_file_ref idref="fl-4"/>
      </object_component>
      <object_component id="oc-1a6">
         <name>.far</name>
         <uninitialized>true</uninitialized>
         <run_address>0x811c60</run_address>
         <size>0x140</size>
         <input_file_ref idref="fl-a6"/>
      </object_component>
      <object_component id="oc-a8">
         <name>.far</name>
         <uninitialized>true</uninitialized>
         <run_address>0x811da0</run_address>
         <size>0x60</size>
         <input_file_ref idref="fl-5"/>
      </object_component>
      <object_component id="oc-2cf">
         <name>.far</name>
         <uninitialized>true</uninitialized>
         <run_address>0x811e00</run_address>
         <size>0x8</size>
         <input_file_ref idref="fl-9b"/>
      </object_component>
      <object_component id="oc-a7">
         <name>.fardata:output</name>
         <load_address>0x81de08</load_address>
         <run_address>0x81de08</run_address>
         <size>0x14</size>
         <input_file_ref idref="fl-4"/>
      </object_component>
      <object_component id="oc-17b">
         <name>.fardata</name>
         <load_address>0x81de1c</load_address>
         <run_address>0x81de1c</run_address>
         <size>0x4</size>
         <input_file_ref idref="fl-a6"/>
      </object_component>
      <object_component id="oc-103">
         <name>.fardata:_ftable</name>
         <load_address>0x82e340</load_address>
         <run_address>0x82e340</run_address>
         <size>0x1e0</size>
         <input_file_ref idref="fl-a6"/>
      </object_component>
      <object_component id="oc-1e4">
         <name>.fardata:_stream</name>
         <load_address>0x82e520</load_address>
         <run_address>0x82e520</run_address>
         <size>0xa0</size>
         <input_file_ref idref="fl-93"/>
      </object_component>
      <object_component id="oc-238">
         <name>.fardata:_device</name>
         <load_address>0x82e5c0</load_address>
         <run_address>0x82e5c0</run_address>
         <size>0x78</size>
         <input_file_ref idref="fl-93"/>
      </object_component>
      <object_component id="oc-a6">
         <name>.fardata:a</name>
         <load_address>0x82e638</load_address>
         <run_address>0x82e638</run_address>
         <size>0x28</size>
         <input_file_ref idref="fl-3"/>
      </object_component>
      <object_component id="oc-71">
         <name>.fardata</name>
         <load_address>0x82e660</load_address>
         <run_address>0x82e660</run_address>
         <size>0xc</size>
         <input_file_ref idref="fl-87"/>
      </object_component>
      <object_component id="oc-1f2">
         <name>.fardata</name>
         <load_address>0x82e66c</load_address>
         <run_address>0x82e66c</run_address>
         <size>0xc</size>
         <input_file_ref idref="fl-95"/>
      </object_component>
      <object_component id="oc-aa">
         <name>.fardata:input</name>
         <load_address>0x82e678</load_address>
         <run_address>0x82e678</run_address>
         <size>0x8</size>
         <input_file_ref idref="fl-4"/>
      </object_component>
      <object_component id="oc-101">
         <name>.fardata</name>
         <load_address>0x82e680</load_address>
         <run_address>0x82e680</run_address>
         <size>0x8</size>
         <input_file_ref idref="fl-9e"/>
      </object_component>
      <object_component id="oc-17a">
         <name>.fardata</name>
         <load_address>0x82e688</load_address>
         <run_address>0x82e688</run_address>
         <size>0x4</size>
         <input_file_ref idref="fl-8c"/>
      </object_component>
      <object_component id="oc-23c">
         <name>.fardata</name>
         <load_address>0x82e68c</load_address>
         <run_address>0x82e68c</run_address>
         <size>0x4</size>
         <input_file_ref idref="fl-93"/>
      </object_component>
      <object_component id="oc-115">
         <name>.fardata</name>
         <load_address>0x82e690</load_address>
         <run_address>0x82e690</run_address>
         <size>0x4</size>
         <input_file_ref idref="fl-99"/>
      </object_component>
      <object_component id="oc-2b">
         <name>.stack</name>
         <uninitialized>true</uninitialized>
         <run_address>0x811e08</run_address>
         <size>0x8</size>
         <input_file_ref idref="fl-81"/>
      </object_component>
      <object_component id="oc-321">
         <name>.stack</name>
         <uninitialized>true</uninitialized>
         <run_address>0x811e08</run_address>
         <size>0x0</size>
      </object_component>
      <object_component id="oc-2d">
         <name>.sysmem</name>
         <uninitialized>true</uninitialized>
         <run_address>0x826340</run_address>
         <size>0x8</size>
         <input_file_ref idref="fl-95"/>
      </object_component>
      <object_component id="oc-322">
         <name>.sysmem</name>
         <uninitialized>true</uninitialized>
         <run_address>0x826340</run_address>
         <size>0x0</size>
      </object_component>
      <object_component id="oc-32f">
         <name>.cinit..fardata.2.load</name>
         <load_address>0x82ecc0</load_address>
         <run_address>0x82ecc0</run_address>
         <size>0xa1</size>
      </object_component>
      <object_component id="oc-32e">
         <name>.cinit..fardata.1.load</name>
         <load_address>0x82ed64</load_address>
         <run_address>0x82ed64</run_address>
         <size>0x1e</size>
      </object_component>
      <object_component id="oc-31d">
         <name>__TI_handler_table</name>
         <load_address>0x82ed84</load_address>
         <run_address>0x82ed84</run_address>
         <size>0xc</size>
      </object_component>
      <object_component id="oc-32c">
         <name>.cinit..far.load</name>
         <load_address>0x82ed90</load_address>
         <run_address>0x82ed90</run_address>
         <size>0x8</size>
      </object_component>
      <object_component id="oc-31e">
         <name>__TI_cinit_table</name>
         <load_address>0x82ed98</load_address>
         <run_address>0x82ed98</run_address>
         <size>0x18</size>
      </object_component>
      <object_component id="oc-d4">
         <name>.const:.string</name>
         <load_address>0x82e698</load_address>
         <run_address>0x82e698</run_address>
         <size>0x203</size>
         <input_file_ref idref="fl-5"/>
      </object_component>
      <object_component id="oc-212">
         <name>.const:.string:_ctypes_</name>
         <load_address>0x82e8a0</load_address>
         <run_address>0x82e8a0</run_address>
         <size>0x101</size>
         <input_file_ref idref="fl-a5"/>
      </object_component>
      <object_component id="oc-a5">
         <name>.const:.string</name>
         <load_address>0x82e9a1</load_address>
         <run_address>0x82e9a1</run_address>
         <size>0x5b</size>
         <input_file_ref idref="fl-3"/>
      </object_component>
      <object_component id="oc-1d5">
         <name>.const:.string</name>
         <load_address>0x82e9fc</load_address>
         <run_address>0x82e9fc</run_address>
         <size>0x23</size>
         <input_file_ref idref="fl-9f"/>
      </object_component>
      <object_component id="oc-2ed">
         <name>.cio</name>
         <uninitialized>true</uninitialized>
         <run_address>0x82ea20</run_address>
         <size>0x120</size>
         <input_file_ref idref="fl-9c"/>
      </object_component>
      <object_component id="oc-1c">
         <name>.debug_info</name>
         <load_address>0x0</load_address>
         <run_address>0x0</run_address>
         <size>0x110</size>
         <input_file_ref idref="fl-81"/>
      </object_component>
      <object_component id="oc-20">
         <name>.debug_info</name>
         <load_address>0x110</load_address>
         <run_address>0x110</run_address>
         <size>0x14f</size>
         <input_file_ref idref="fl-82"/>
      </object_component>
      <object_component id="oc-24">
         <name>.debug_info</name>
         <load_address>0x25f</load_address>
         <run_address>0x25f</run_address>
         <size>0x190</size>
         <input_file_ref idref="fl-84"/>
      </object_component>
      <object_component id="oc-28">
         <name>.debug_info</name>
         <load_address>0x3ef</load_address>
         <run_address>0x3ef</run_address>
         <size>0x16c</size>
         <input_file_ref idref="fl-83"/>
      </object_component>
      <object_component id="oc-2c">
         <name>.debug_info</name>
         <load_address>0x55b</load_address>
         <run_address>0x55b</run_address>
         <size>0xa7</size>
         <input_file_ref idref="fl-81"/>
      </object_component>
      <object_component id="oc-2e">
         <name>.debug_info</name>
         <load_address>0x602</load_address>
         <run_address>0x602</run_address>
         <size>0xb3</size>
         <input_file_ref idref="fl-95"/>
      </object_component>
      <object_component id="oc-30">
         <name>.debug_info</name>
         <load_address>0x6b5</load_address>
         <run_address>0x6b5</run_address>
         <size>0x190</size>
         <input_file_ref idref="fl-a2"/>
      </object_component>
      <object_component id="oc-34">
         <name>.debug_info</name>
         <load_address>0x845</load_address>
         <run_address>0x845</run_address>
         <size>0xf6</size>
         <input_file_ref idref="fl-a0"/>
      </object_component>
      <object_component id="oc-38">
         <name>.debug_info</name>
         <load_address>0x93b</load_address>
         <run_address>0x93b</run_address>
         <size>0x10c</size>
         <input_file_ref idref="fl-87"/>
      </object_component>
      <object_component id="oc-3d">
         <name>.debug_info</name>
         <load_address>0xa47</load_address>
         <run_address>0xa47</run_address>
         <size>0xd6</size>
         <input_file_ref idref="fl-94"/>
      </object_component>
      <object_component id="oc-41">
         <name>.debug_info</name>
         <load_address>0xb1d</load_address>
         <run_address>0xb1d</run_address>
         <size>0x53</size>
         <input_file_ref idref="fl-82"/>
      </object_component>
      <object_component id="oc-47">
         <name>.debug_info</name>
         <load_address>0xb70</load_address>
         <run_address>0xb70</run_address>
         <size>0x53</size>
         <input_file_ref idref="fl-84"/>
      </object_component>
      <object_component id="oc-4d">
         <name>.debug_info</name>
         <load_address>0xbc3</load_address>
         <run_address>0xbc3</run_address>
         <size>0x2f2</size>
         <input_file_ref idref="fl-83"/>
      </object_component>
      <object_component id="oc-51">
         <name>.debug_info</name>
         <load_address>0xeb5</load_address>
         <run_address>0xeb5</run_address>
         <size>0x1d7</size>
         <input_file_ref idref="fl-83"/>
      </object_component>
      <object_component id="oc-52">
         <name>.debug_info</name>
         <load_address>0x108c</load_address>
         <run_address>0x108c</run_address>
         <size>0x46</size>
         <input_file_ref idref="fl-83"/>
      </object_component>
      <object_component id="oc-59">
         <name>.debug_info</name>
         <load_address>0x10d2</load_address>
         <run_address>0x10d2</run_address>
         <size>0x10a</size>
         <input_file_ref idref="fl-81"/>
      </object_component>
      <object_component id="oc-5c">
         <name>.debug_info</name>
         <load_address>0x11dc</load_address>
         <run_address>0x11dc</run_address>
         <size>0x147</size>
         <input_file_ref idref="fl-95"/>
      </object_component>
      <object_component id="oc-5e">
         <name>.debug_info</name>
         <load_address>0x1323</load_address>
         <run_address>0x1323</run_address>
         <size>0x18e</size>
         <input_file_ref idref="fl-a4"/>
      </object_component>
      <object_component id="oc-62">
         <name>.debug_info</name>
         <load_address>0x14b1</load_address>
         <run_address>0x14b1</run_address>
         <size>0x164</size>
         <input_file_ref idref="fl-af"/>
      </object_component>
      <object_component id="oc-66">
         <name>.debug_info</name>
         <load_address>0x1615</load_address>
         <run_address>0x1615</run_address>
         <size>0x15f</size>
         <input_file_ref idref="fl-a3"/>
      </object_component>
      <object_component id="oc-6c">
         <name>.debug_info</name>
         <load_address>0x1774</load_address>
         <run_address>0x1774</run_address>
         <size>0x94</size>
         <input_file_ref idref="fl-81"/>
      </object_component>
      <object_component id="oc-72">
         <name>.debug_info</name>
         <load_address>0x1808</load_address>
         <run_address>0x1808</run_address>
         <size>0x127</size>
         <input_file_ref idref="fl-87"/>
      </object_component>
      <object_component id="oc-74">
         <name>.debug_info</name>
         <load_address>0x192f</load_address>
         <run_address>0x192f</run_address>
         <size>0x11e</size>
         <input_file_ref idref="fl-87"/>
      </object_component>
      <object_component id="oc-78">
         <name>.debug_info</name>
         <load_address>0x1a4d</load_address>
         <run_address>0x1a4d</run_address>
         <size>0x8d</size>
         <input_file_ref idref="fl-82"/>
      </object_component>
      <object_component id="oc-7e">
         <name>.debug_info</name>
         <load_address>0x1ada</load_address>
         <run_address>0x1ada</run_address>
         <size>0x46</size>
         <input_file_ref idref="fl-82"/>
      </object_component>
      <object_component id="oc-83">
         <name>.debug_info</name>
         <load_address>0x1b20</load_address>
         <run_address>0x1b20</run_address>
         <size>0xe5</size>
         <input_file_ref idref="fl-82"/>
      </object_component>
      <object_component id="oc-84">
         <name>.debug_info</name>
         <load_address>0x1c05</load_address>
         <run_address>0x1c05</run_address>
         <size>0x2c</size>
         <input_file_ref idref="fl-83"/>
      </object_component>
      <object_component id="oc-89">
         <name>.debug_info</name>
         <load_address>0x1c31</load_address>
         <run_address>0x1c31</run_address>
         <size>0x1cd</size>
         <input_file_ref idref="fl-84"/>
      </object_component>
      <object_component id="oc-8f">
         <name>.debug_info</name>
         <load_address>0x1dfe</load_address>
         <run_address>0x1dfe</run_address>
         <size>0x1d9</size>
         <input_file_ref idref="fl-81"/>
      </object_component>
      <object_component id="oc-96">
         <name>.debug_info</name>
         <load_address>0x1fd7</load_address>
         <run_address>0x1fd7</run_address>
         <size>0xf6</size>
         <input_file_ref idref="fl-87"/>
      </object_component>
      <object_component id="oc-9b">
         <name>.debug_info</name>
         <load_address>0x20cd</load_address>
         <run_address>0x20cd</run_address>
         <size>0x70</size>
         <input_file_ref idref="fl-95"/>
      </object_component>
      <object_component id="oc-a1">
         <name>.debug_info</name>
         <load_address>0x213d</load_address>
         <run_address>0x213d</run_address>
         <size>0x140</size>
         <input_file_ref idref="fl-a4"/>
      </object_component>
      <object_component id="oc-a3">
         <name>.debug_info</name>
         <load_address>0x227d</load_address>
         <run_address>0x227d</run_address>
         <size>0x253</size>
         <input_file_ref idref="fl-af"/>
      </object_component>
      <object_component id="oc-ad">
         <name>.debug_info</name>
         <load_address>0x24d0</load_address>
         <run_address>0x24d0</run_address>
         <size>0x11c</size>
         <input_file_ref idref="fl-86"/>
      </object_component>
      <object_component id="oc-b1">
         <name>.debug_info</name>
         <load_address>0x25ec</load_address>
         <run_address>0x25ec</run_address>
         <size>0xf7</size>
         <input_file_ref idref="fl-b9"/>
      </object_component>
      <object_component id="oc-b8">
         <name>.debug_info</name>
         <load_address>0x26e3</load_address>
         <run_address>0x26e3</run_address>
         <size>0x145</size>
         <input_file_ref idref="fl-8b"/>
      </object_component>
      <object_component id="oc-bc">
         <name>.debug_info</name>
         <load_address>0x2828</load_address>
         <run_address>0x2828</run_address>
         <size>0x13d</size>
         <input_file_ref idref="fl-8a"/>
      </object_component>
      <object_component id="oc-c0">
         <name>.debug_info</name>
         <load_address>0x2965</load_address>
         <run_address>0x2965</run_address>
         <size>0x127</size>
         <input_file_ref idref="fl-98"/>
      </object_component>
      <object_component id="oc-c5">
         <name>.debug_info</name>
         <load_address>0x2a8c</load_address>
         <run_address>0x2a8c</run_address>
         <size>0x105</size>
         <input_file_ref idref="fl-87"/>
      </object_component>
      <object_component id="oc-cd">
         <name>.debug_info</name>
         <load_address>0x2b91</load_address>
         <run_address>0x2b91</run_address>
         <size>0xcd</size>
         <input_file_ref idref="fl-a4"/>
      </object_component>
      <object_component id="oc-d6">
         <name>.debug_info</name>
         <load_address>0x2c5e</load_address>
         <run_address>0x2c5e</run_address>
         <size>0xe8</size>
         <input_file_ref idref="fl-99"/>
      </object_component>
      <object_component id="oc-da">
         <name>.debug_info</name>
         <load_address>0x2d46</load_address>
         <run_address>0x2d46</run_address>
         <size>0x136</size>
         <input_file_ref idref="fl-8c"/>
      </object_component>
      <object_component id="oc-de">
         <name>.debug_info</name>
         <load_address>0x2e7c</load_address>
         <run_address>0x2e7c</run_address>
         <size>0x13b</size>
         <input_file_ref idref="fl-8d"/>
      </object_component>
      <object_component id="oc-e2">
         <name>.debug_info</name>
         <load_address>0x2fb7</load_address>
         <run_address>0x2fb7</run_address>
         <size>0x112</size>
         <input_file_ref idref="fl-88"/>
      </object_component>
      <object_component id="oc-e6">
         <name>.debug_info</name>
         <load_address>0x30c9</load_address>
         <run_address>0x30c9</run_address>
         <size>0xf7</size>
         <input_file_ref idref="fl-99"/>
      </object_component>
      <object_component id="oc-ec">
         <name>.debug_info</name>
         <load_address>0x31c0</load_address>
         <run_address>0x31c0</run_address>
         <size>0x199</size>
         <input_file_ref idref="fl-85"/>
      </object_component>
      <object_component id="oc-f0">
         <name>.debug_info</name>
         <load_address>0x3359</load_address>
         <run_address>0x3359</run_address>
         <size>0x101</size>
         <input_file_ref idref="fl-91"/>
      </object_component>
      <object_component id="oc-f4">
         <name>.debug_info</name>
         <load_address>0x345a</load_address>
         <run_address>0x345a</run_address>
         <size>0xf3</size>
         <input_file_ref idref="fl-97"/>
      </object_component>
      <object_component id="oc-f8">
         <name>.debug_info</name>
         <load_address>0x354d</load_address>
         <run_address>0x354d</run_address>
         <size>0x11f</size>
         <input_file_ref idref="fl-92"/>
      </object_component>
      <object_component id="oc-fd">
         <name>.debug_info</name>
         <load_address>0x366c</load_address>
         <run_address>0x366c</run_address>
         <size>0x11b</size>
         <input_file_ref idref="fl-92"/>
      </object_component>
      <object_component id="oc-102">
         <name>.debug_info</name>
         <load_address>0x3787</load_address>
         <run_address>0x3787</run_address>
         <size>0xc5</size>
         <input_file_ref idref="fl-9e"/>
      </object_component>
      <object_component id="oc-104">
         <name>.debug_info</name>
         <load_address>0x384c</load_address>
         <run_address>0x384c</run_address>
         <size>0xa9</size>
         <input_file_ref idref="fl-a6"/>
      </object_component>
      <object_component id="oc-106">
         <name>.debug_info</name>
         <load_address>0x38f5</load_address>
         <run_address>0x38f5</run_address>
         <size>0x10b</size>
         <input_file_ref idref="fl-98"/>
      </object_component>
      <object_component id="oc-10a">
         <name>.debug_info</name>
         <load_address>0x3a00</load_address>
         <run_address>0x3a00</run_address>
         <size>0xfc</size>
         <input_file_ref idref="fl-98"/>
      </object_component>
      <object_component id="oc-10e">
         <name>.debug_info</name>
         <load_address>0x3afc</load_address>
         <run_address>0x3afc</run_address>
         <size>0x418</size>
         <input_file_ref idref="fl-9f"/>
      </object_component>
      <object_component id="oc-112">
         <name>.debug_info</name>
         <load_address>0x3f14</load_address>
         <run_address>0x3f14</run_address>
         <size>0x1e3</size>
         <input_file_ref idref="fl-98"/>
      </object_component>
      <object_component id="oc-116">
         <name>.debug_info</name>
         <load_address>0x40f7</load_address>
         <run_address>0x40f7</run_address>
         <size>0xa2</size>
         <input_file_ref idref="fl-99"/>
      </object_component>
      <object_component id="oc-119">
         <name>.debug_info</name>
         <load_address>0x4199</load_address>
         <run_address>0x4199</run_address>
         <size>0x199</size>
         <input_file_ref idref="fl-8c"/>
      </object_component>
      <object_component id="oc-11d">
         <name>.debug_info</name>
         <load_address>0x4332</load_address>
         <run_address>0x4332</run_address>
         <size>0x13a</size>
         <input_file_ref idref="fl-8c"/>
      </object_component>
      <object_component id="oc-121">
         <name>.debug_info</name>
         <load_address>0x446c</load_address>
         <run_address>0x446c</run_address>
         <size>0x1d3</size>
         <input_file_ref idref="fl-8c"/>
      </object_component>
      <object_component id="oc-123">
         <name>.debug_info</name>
         <load_address>0x463f</load_address>
         <run_address>0x463f</run_address>
         <size>0x10e</size>
         <input_file_ref idref="fl-8d"/>
      </object_component>
      <object_component id="oc-127">
         <name>.debug_info</name>
         <load_address>0x474d</load_address>
         <run_address>0x474d</run_address>
         <size>0xff</size>
         <input_file_ref idref="fl-8d"/>
      </object_component>
      <object_component id="oc-12b">
         <name>.debug_info</name>
         <load_address>0x484c</load_address>
         <run_address>0x484c</run_address>
         <size>0x1bb</size>
         <input_file_ref idref="fl-8d"/>
      </object_component>
      <object_component id="oc-12d">
         <name>.debug_info</name>
         <load_address>0x4a07</load_address>
         <run_address>0x4a07</run_address>
         <size>0x146</size>
         <input_file_ref idref="fl-88"/>
      </object_component>
      <object_component id="oc-131">
         <name>.debug_info</name>
         <load_address>0x4b4d</load_address>
         <run_address>0x4b4d</run_address>
         <size>0x1a4</size>
         <input_file_ref idref="fl-88"/>
      </object_component>
      <object_component id="oc-134">
         <name>.debug_info</name>
         <load_address>0x4cf1</load_address>
         <run_address>0x4cf1</run_address>
         <size>0x125</size>
         <input_file_ref idref="fl-90"/>
      </object_component>
      <object_component id="oc-13a">
         <name>.debug_info</name>
         <load_address>0x4e16</load_address>
         <run_address>0x4e16</run_address>
         <size>0x88</size>
         <input_file_ref idref="fl-97"/>
      </object_component>
      <object_component id="oc-140">
         <name>.debug_info</name>
         <load_address>0x4e9e</load_address>
         <run_address>0x4e9e</run_address>
         <size>0x46</size>
         <input_file_ref idref="fl-92"/>
      </object_component>
      <object_component id="oc-147">
         <name>.debug_info</name>
         <load_address>0x4ee4</load_address>
         <run_address>0x4ee4</run_address>
         <size>0xd9</size>
         <input_file_ref idref="fl-9e"/>
      </object_component>
      <object_component id="oc-14c">
         <name>.debug_info</name>
         <load_address>0x4fbd</load_address>
         <run_address>0x4fbd</run_address>
         <size>0x99</size>
         <input_file_ref idref="fl-9e"/>
      </object_component>
      <object_component id="oc-14f">
         <name>.debug_info</name>
         <load_address>0x5056</load_address>
         <run_address>0x5056</run_address>
         <size>0xca</size>
         <input_file_ref idref="fl-a6"/>
      </object_component>
      <object_component id="oc-151">
         <name>.debug_info</name>
         <load_address>0x5120</load_address>
         <run_address>0x5120</run_address>
         <size>0x3e4</size>
         <input_file_ref idref="fl-8f"/>
      </object_component>
      <object_component id="oc-156">
         <name>.debug_info</name>
         <load_address>0x5504</load_address>
         <run_address>0x5504</run_address>
         <size>0x182</size>
         <input_file_ref idref="fl-8e"/>
      </object_component>
      <object_component id="oc-15b">
         <name>.debug_info</name>
         <load_address>0x5686</load_address>
         <run_address>0x5686</run_address>
         <size>0x1f5</size>
         <input_file_ref idref="fl-9f"/>
      </object_component>
      <object_component id="oc-15f">
         <name>.debug_info</name>
         <load_address>0x587b</load_address>
         <run_address>0x587b</run_address>
         <size>0x20b</size>
         <input_file_ref idref="fl-9f"/>
      </object_component>
      <object_component id="oc-163">
         <name>.debug_info</name>
         <load_address>0x5a86</load_address>
         <run_address>0x5a86</run_address>
         <size>0x224</size>
         <input_file_ref idref="fl-9f"/>
      </object_component>
      <object_component id="oc-167">
         <name>.debug_info</name>
         <load_address>0x5caa</load_address>
         <run_address>0x5caa</run_address>
         <size>0x37b</size>
         <input_file_ref idref="fl-9f"/>
      </object_component>
      <object_component id="oc-16b">
         <name>.debug_info</name>
         <load_address>0x6025</load_address>
         <run_address>0x6025</run_address>
         <size>0x1e3</size>
         <input_file_ref idref="fl-9f"/>
      </object_component>
      <object_component id="oc-16c">
         <name>.debug_info</name>
         <load_address>0x6208</load_address>
         <run_address>0x6208</run_address>
         <size>0x2c</size>
         <input_file_ref idref="fl-88"/>
      </object_component>
      <object_component id="oc-173">
         <name>.debug_info</name>
         <load_address>0x6234</load_address>
         <run_address>0x6234</run_address>
         <size>0xc8</size>
         <input_file_ref idref="fl-88"/>
      </object_component>
      <object_component id="oc-17c">
         <name>.debug_info</name>
         <load_address>0x62fc</load_address>
         <run_address>0x62fc</run_address>
         <size>0xa9</size>
         <input_file_ref idref="fl-a6"/>
      </object_component>
      <object_component id="oc-17e">
         <name>.debug_info</name>
         <load_address>0x63a5</load_address>
         <run_address>0x63a5</run_address>
         <size>0x163</size>
         <input_file_ref idref="fl-96"/>
      </object_component>
      <object_component id="oc-183">
         <name>.debug_info</name>
         <load_address>0x6508</load_address>
         <run_address>0x6508</run_address>
         <size>0x171</size>
         <input_file_ref idref="fl-8c"/>
      </object_component>
      <object_component id="oc-187">
         <name>.debug_info</name>
         <load_address>0x6679</load_address>
         <run_address>0x6679</run_address>
         <size>0x1c1</size>
         <input_file_ref idref="fl-93"/>
      </object_component>
      <object_component id="oc-18d">
         <name>.debug_info</name>
         <load_address>0x683a</load_address>
         <run_address>0x683a</run_address>
         <size>0xbb</size>
         <input_file_ref idref="fl-8c"/>
      </object_component>
      <object_component id="oc-197">
         <name>.debug_info</name>
         <load_address>0x68f5</load_address>
         <run_address>0x68f5</run_address>
         <size>0x103</size>
         <input_file_ref idref="fl-89"/>
      </object_component>
      <object_component id="oc-19b">
         <name>.debug_info</name>
         <load_address>0x69f8</load_address>
         <run_address>0x69f8</run_address>
         <size>0x1f9</size>
         <input_file_ref idref="fl-95"/>
      </object_component>
      <object_component id="oc-19f">
         <name>.debug_info</name>
         <load_address>0x6bf1</load_address>
         <run_address>0x6bf1</run_address>
         <size>0x11c</size>
         <input_file_ref idref="fl-93"/>
      </object_component>
      <object_component id="oc-1a3">
         <name>.debug_info</name>
         <load_address>0x6d0d</load_address>
         <run_address>0x6d0d</run_address>
         <size>0x11d</size>
         <input_file_ref idref="fl-93"/>
      </object_component>
      <object_component id="oc-1a7">
         <name>.debug_info</name>
         <load_address>0x6e2a</load_address>
         <run_address>0x6e2a</run_address>
         <size>0xab</size>
         <input_file_ref idref="fl-a6"/>
      </object_component>
      <object_component id="oc-1ac">
         <name>.debug_info</name>
         <load_address>0x6ed5</load_address>
         <run_address>0x6ed5</run_address>
         <size>0x7f</size>
         <input_file_ref idref="fl-85"/>
      </object_component>
      <object_component id="oc-1b1">
         <name>.debug_info</name>
         <load_address>0x6f54</load_address>
         <run_address>0x6f54</run_address>
         <size>0xd4</size>
         <input_file_ref idref="fl-92"/>
      </object_component>
      <object_component id="oc-1b8">
         <name>.debug_info</name>
         <load_address>0x7028</load_address>
         <run_address>0x7028</run_address>
         <size>0x115</size>
         <input_file_ref idref="fl-9d"/>
      </object_component>
      <object_component id="oc-1bc">
         <name>.debug_info</name>
         <load_address>0x713d</load_address>
         <run_address>0x713d</run_address>
         <size>0x133</size>
         <input_file_ref idref="fl-93"/>
      </object_component>
      <object_component id="oc-1c0">
         <name>.debug_info</name>
         <load_address>0x7270</load_address>
         <run_address>0x7270</run_address>
         <size>0x1ba</size>
         <input_file_ref idref="fl-8f"/>
      </object_component>
      <object_component id="oc-1c2">
         <name>.debug_info</name>
         <load_address>0x742a</load_address>
         <run_address>0x742a</run_address>
         <size>0x183</size>
         <input_file_ref idref="fl-8e"/>
      </object_component>
      <object_component id="oc-1c5">
         <name>.debug_info</name>
         <load_address>0x75ad</load_address>
         <run_address>0x75ad</run_address>
         <size>0x17f</size>
         <input_file_ref idref="fl-a1"/>
      </object_component>
      <object_component id="oc-1ca">
         <name>.debug_info</name>
         <load_address>0x772c</load_address>
         <run_address>0x772c</run_address>
         <size>0x1c8</size>
         <input_file_ref idref="fl-9f"/>
      </object_component>
      <object_component id="oc-1ce">
         <name>.debug_info</name>
         <load_address>0x78f4</load_address>
         <run_address>0x78f4</run_address>
         <size>0x1fe</size>
         <input_file_ref idref="fl-9f"/>
      </object_component>
      <object_component id="oc-1d2">
         <name>.debug_info</name>
         <load_address>0x7af2</load_address>
         <run_address>0x7af2</run_address>
         <size>0x17d</size>
         <input_file_ref idref="fl-ad"/>
      </object_component>
      <object_component id="oc-1da">
         <name>.debug_info</name>
         <load_address>0x7c6f</load_address>
         <run_address>0x7c6f</run_address>
         <size>0x101</size>
         <input_file_ref idref="fl-9f"/>
      </object_component>
      <object_component id="oc-1e2">
         <name>.debug_info</name>
         <load_address>0x7d70</load_address>
         <run_address>0x7d70</run_address>
         <size>0x1ab</size>
         <input_file_ref idref="fl-96"/>
      </object_component>
      <object_component id="oc-1e5">
         <name>.debug_info</name>
         <load_address>0x7f1b</load_address>
         <run_address>0x7f1b</run_address>
         <size>0xaa</size>
         <input_file_ref idref="fl-93"/>
      </object_component>
      <object_component id="oc-1e7">
         <name>.debug_info</name>
         <load_address>0x7fc5</load_address>
         <run_address>0x7fc5</run_address>
         <size>0x132</size>
         <input_file_ref idref="fl-93"/>
      </object_component>
      <object_component id="oc-1eb">
         <name>.debug_info</name>
         <load_address>0x80f7</load_address>
         <run_address>0x80f7</run_address>
         <size>0x254</size>
         <input_file_ref idref="fl-93"/>
      </object_component>
      <object_component id="oc-1ef">
         <name>.debug_info</name>
         <load_address>0x834b</load_address>
         <run_address>0x834b</run_address>
         <size>0x323</size>
         <input_file_ref idref="fl-93"/>
      </object_component>
      <object_component id="oc-1f1">
         <name>.debug_info</name>
         <load_address>0x866e</load_address>
         <run_address>0x866e</run_address>
         <size>0x154</size>
         <input_file_ref idref="fl-89"/>
      </object_component>
      <object_component id="oc-1f3">
         <name>.debug_info</name>
         <load_address>0x87c2</load_address>
         <run_address>0x87c2</run_address>
         <size>0xfe</size>
         <input_file_ref idref="fl-95"/>
      </object_component>
      <object_component id="oc-1f5">
         <name>.debug_info</name>
         <load_address>0x88c0</load_address>
         <run_address>0x88c0</run_address>
         <size>0x140</size>
         <input_file_ref idref="fl-95"/>
      </object_component>
      <object_component id="oc-1f9">
         <name>.debug_info</name>
         <load_address>0x8a00</load_address>
         <run_address>0x8a00</run_address>
         <size>0x140</size>
         <input_file_ref idref="fl-95"/>
      </object_component>
      <object_component id="oc-204">
         <name>.debug_info</name>
         <load_address>0x8b40</load_address>
         <run_address>0x8b40</run_address>
         <size>0x161</size>
         <input_file_ref idref="fl-a8"/>
      </object_component>
      <object_component id="oc-208">
         <name>.debug_info</name>
         <load_address>0x8ca1</load_address>
         <run_address>0x8ca1</run_address>
         <size>0x16f</size>
         <input_file_ref idref="fl-ae"/>
      </object_component>
      <object_component id="oc-20c">
         <name>.debug_info</name>
         <load_address>0x8e10</load_address>
         <run_address>0x8e10</run_address>
         <size>0x103</size>
         <input_file_ref idref="fl-9d"/>
      </object_component>
      <object_component id="oc-213">
         <name>.debug_info</name>
         <load_address>0x8f13</load_address>
         <run_address>0x8f13</run_address>
         <size>0xac</size>
         <input_file_ref idref="fl-a5"/>
      </object_component>
      <object_component id="oc-215">
         <name>.debug_info</name>
         <load_address>0x8fbf</load_address>
         <run_address>0x8fbf</run_address>
         <size>0xc8</size>
         <input_file_ref idref="fl-a1"/>
      </object_component>
      <object_component id="oc-217">
         <name>.debug_info</name>
         <load_address>0x9087</load_address>
         <run_address>0x9087</run_address>
         <size>0x12f</size>
         <input_file_ref idref="fl-9f"/>
      </object_component>
      <object_component id="oc-21b">
         <name>.debug_info</name>
         <load_address>0x91b6</load_address>
         <run_address>0x91b6</run_address>
         <size>0xfc</size>
         <input_file_ref idref="fl-ab"/>
      </object_component>
      <object_component id="oc-21f">
         <name>.debug_info</name>
         <load_address>0x92b2</load_address>
         <run_address>0x92b2</run_address>
         <size>0x209</size>
         <input_file_ref idref="fl-9f"/>
      </object_component>
      <object_component id="oc-223">
         <name>.debug_info</name>
         <load_address>0x94bb</load_address>
         <run_address>0x94bb</run_address>
         <size>0x146</size>
         <input_file_ref idref="fl-9f"/>
      </object_component>
      <object_component id="oc-227">
         <name>.debug_info</name>
[...]
   </far_call_trampoline_list>
   <trampoline_count>0x3</trampoline_count>
   <trampoline_call_count>0xf</trampoline_call_count>
   <symbol_table>
      <symbol id="sm-1">
         <name>_kernel_asm_size</name>
         <value>0x60</value>
      </symbol>
      <symbol id="sm-2">
         <name>_kernel_vec_size</name>
         <value>0xc0</value>
      </symbol>
      <symbol id="sm-3">
         <name>_kernel_ci_size</name>
         <value>0x60</value>
      </symbol>
      <symbol id="sm-4">
         <name>_argsize</name>
         <value>0x200</value>
      </symbol>
      <symbol id="sm-5">
         <name>const_start</name>
         <value>0x82e698</value>
      </symbol>
      <symbol id="sm-6">
         <name>const_size</name>
         <value>0x387</value>
      </symbol>
      <symbol id="sm-7">
         <name>__TI_CINIT_Base</name>
         <value>0x82ed98</value>
      </symbol>
      <symbol id="sm-8">
         <name>__TI_CINIT_Limit</name>
         <value>0x82edb0</value>
      </symbol>
      <symbol id="sm-9">
         <name>__TI_Handler_Table_Base</name>
         <value>0x82ed84</value>
      </symbol>
      <symbol id="sm-a">
         <name>__TI_Handler_Table_Limit</name>
         <value>0x82ed90</value>
      </symbol>
      <symbol id="sm-b">
         <name>binit</name>
         <value>0xffffffff</value>
      </symbol>
      <symbol id="sm-c">
         <name>__binit__</name>
         <value>0xffffffff</value>
      </symbol>
      <symbol id="sm-d">
         <name>__TI_STACK_SIZE</name>
         <value>0xc000</value>
      </symbol>
      <symbol id="sm-e">
         <name>__TI_STACK_END</name>
         <value>0x81de08</value>
      </symbol>
      <symbol id="sm-f">
         <name>__TI_SYSMEM_SIZE</name>
         <value>0x8000</value>
      </symbol>
      <symbol id="sm-10">
         <name>__c_args__</name>
         <value>0xffffffff</value>
      </symbol>
      <symbol id="sm-11">
         <name>__TI_pprof_out_hndl</name>
         <value>0xffffffff</value>
      </symbol>
      <symbol id="sm-12">
         <name>__TI_prof_data_start</name>
         <value>0xffffffff</value>
      </symbol>
      <symbol id="sm-13">
         <name>__TI_prof_data_size</name>
         <value>0xffffffff</value>
      </symbol>
      <symbol id="sm-5a">
         <name>a</name>
         <value>0x82e638</value>
         <object_component_ref idref="oc-a6"/>
      </symbol>
      <symbol id="sm-5b">
         <name>main</name>
         <value>0x81de20</value>
         <object_component_ref idref="oc-6a"/>
      </symbol>
      <symbol id="sm-77">
         <name>output</name>
         <value>0x81de08</value>
         <object_component_ref idref="oc-a7"/>
      </symbol>
      <symbol id="sm-78">
         <name>output_data</name>
         <value>0x8041a0</value>
         <object_component_ref idref="oc-a9"/>
      </symbol>
      <symbol id="sm-79">
         <name>a_ext</name>
         <value>0x800000</value>
         <object_component_ref idref="oc-a9"/>
      </symbol>
      <symbol id="sm-7a">
         <name>input_data</name>
         <value>0x80dde0</value>
         <object_component_ref idref="oc-a9"/>
      </symbol>
      <symbol id="sm-7b">
         <name>b_ext</name>
         <value>0x801f40</value>
         <object_component_ref idref="oc-a9"/>
      </symbol>
      <symbol id="sm-7c">
         <name>b_sc</name>
         <value>0x804010</value>
         <object_component_ref idref="oc-a9"/>
      </symbol>
      <symbol id="sm-7d">
         <name>gimme_random</name>
         <value>0x820e84</value>
         <object_component_ref idref="oc-b6"/>
      </symbol>
      <symbol id="sm-7e">
         <name>input</name>
         <value>0x82e678</value>
         <object_component_ref idref="oc-aa"/>
      </symbol>
      <symbol id="sm-7f">
         <name>isequal</name>
         <value>0x820ba4</value>
         <object_component_ref idref="oc-b6"/>
      </symbol>
      <symbol id="sm-80">
         <name>a_sc</name>
         <value>0x803e80</value>
         <object_component_ref idref="oc-a9"/>
      </symbol>
      <symbol id="sm-bf">
         <name>fcn_pass</name>
         <value>0x811de8</value>
         <object_component_ref idref="oc-a8"/>
      </symbol>
      <symbol id="sm-c0">
         <name>t_offset</name>
         <value>0x811db8</value>
         <object_component_ref idref="oc-a8"/>
      </symbol>
      <symbol id="sm-c1">
         <name>driver_init</name>
         <value>0x81f2ec</value>
         <object_component_ref idref="oc-ab"/>
      </symbol>
      <symbol id="sm-c2">
         <name>seed</name>
         <value>0x811da0</value>
         <object_component_ref idref="oc-a8"/>
      </symbol>
      <symbol id="sm-c3">
         <name>print_profile_results</name>
         <value>0x81f0ec</value>
         <object_component_ref idref="oc-ab"/>
      </symbol>
      <symbol id="sm-c4">
         <name>print_memory_results</name>
         <value>0x81f20c</value>
         <object_component_ref idref="oc-ab"/>
      </symbol>
      <symbol id="sm-c5">
         <name>t_start</name>
         <value>0x811da8</value>
         <object_component_ref idref="oc-a8"/>
      </symbol>
      <symbol id="sm-c6">
         <name>cycle_counts</name>
         <value>0x811dc0</value>
         <object_component_ref idref="oc-a8"/>
      </symbol>
      <symbol id="sm-c7">
         <name>fp</name>
         <value>0x811da4</value>
         <object_component_ref idref="oc-a8"/>
      </symbol>
      <symbol id="sm-c8">
         <name>all_pass</name>
         <value>0x811dfc</value>
         <object_component_ref idref="oc-a8"/>
      </symbol>
      <symbol id="sm-c9">
         <name>print_test_results</name>
         <value>0x81ed40</value>
         <object_component_ref idref="oc-ab"/>
      </symbol>
      <symbol id="sm-ca">
         <name>t_stop</name>
         <value>0x811db0</value>
         <object_component_ref idref="oc-a8"/>
      </symbol>
      <symbol id="sm-e5">
         <name>_c_int00</name>
         <value>0x825b40</value>
         <object_component_ref idref="oc-1b"/>
      </symbol>
      <symbol id="sm-e6">
         <name>_stack</name>
         <value>0x811e08</value>
         <object_component_ref idref="oc-2b"/>
      </symbol>
      <symbol id="sm-ff">
         <name>__TI_decompress_none</name>
         <value>0x8262c0</value>
         <object_component_ref idref="oc-1f"/>
      </symbol>
      <symbol id="sm-120">
         <name>__TI_decompress_rle24</name>
         <value>0x8262e0</value>
         <object_component_ref idref="oc-27"/>
      </symbol>
      <symbol id="sm-130">
         <name>__TI_zero_init</name>
         <value>0x824a80</value>
         <object_component_ref idref="oc-23"/>
      </symbol>
      <symbol id="sm-143">
         <name>__c6xabi_divd</name>
         <value>0x81f3a0</value>
         <object_component_ref idref="oc-eb"/>
      </symbol>
      <symbol id="sm-150">
         <name>__c6xabi_divf</name>
         <value>0x821760</value>
         <object_component_ref idref="oc-ac"/>
      </symbol>
      <symbol id="sm-16f">
         <name>C$$EXIT</name>
         <value>0x8262a0</value>
         <object_component_ref idref="oc-73"/>
      </symbol>
      <symbol id="sm-170">
         <name>_dtors_ptr</name>
         <value>0x82e664</value>
         <object_component_ref idref="oc-71"/>
      </symbol>
      <symbol id="sm-171">
         <name>abort</name>
         <value>0x8262a0</value>
         <object_component_ref idref="oc-73"/>
      </symbol>
      <symbol id="sm-172">
         <name>_cleanup_ptr</name>
         <value>0x82e660</value>
         <object_component_ref idref="oc-71"/>
      </symbol>
      <symbol id="sm-173">
         <name>exit</name>
         <value>0x8251c0</value>
         <object_component_ref idref="oc-37"/>
      </symbol>
      <symbol id="sm-174">
         <name>__TI_enable_exit_profile_output</name>
         <value>0x82e668</value>
         <object_component_ref idref="oc-71"/>
      </symbol>
      <symbol id="sm-19c">
         <name>_closefile</name>
         <value>0x823ba0</value>
         <object_component_ref idref="oc-12c"/>
      </symbol>
      <symbol id="sm-19d">
         <name>fclose</name>
         <value>0x825ec0</value>
         <object_component_ref idref="oc-e1"/>
      </symbol>
      <symbol id="sm-1aa">
         <name>_doflush</name>
         <value>0x825100</value>
         <object_component_ref idref="oc-196"/>
      </symbol>
      <symbol id="sm-1b7">
         <name>__c6xabi_fixdlli</name>
         <value>0x824120</value>
         <object_component_ref idref="oc-bb"/>
      </symbol>
      <symbol id="sm-1c2">
         <name>__c6xabi_fltllif</name>
         <value>0x824700</value>
         <object_component_ref idref="oc-b7"/>
      </symbol>
      <symbol id="sm-1f6">
         <name>fopen</name>
         <value>0x825f20</value>
         <object_component_ref idref="oc-d9"/>
      </symbol>
      <symbol id="sm-1f7">
         <name>_cleanup</name>
         <value>0x8253e0</value>
         <object_component_ref idref="oc-182"/>
      </symbol>
      <symbol id="sm-212">
         <name>fprintf</name>
         <value>0x824520</value>
         <object_component_ref idref="oc-dd"/>
      </symbol>
      <symbol id="sm-22d">
         <name>fputc</name>
         <value>0x8227c0</value>
         <object_component_ref idref="oc-155"/>
      </symbol>
      <symbol id="sm-24c">
         <name>fputs</name>
         <value>0x8207e0</value>
         <object_component_ref idref="oc-150"/>
      </symbol>
      <symbol id="sm-253">
         <name>__c6xabi_frcmpyd_div</name>
         <value>0x825da0</value>
         <object_component_ref idref="oc-133"/>
      </symbol>
      <symbol id="sm-25a">
         <name>__c6xabi_isinff</name>
         <value>0x8261c0</value>
         <object_component_ref idref="oc-ef"/>
      </symbol>
      <symbol id="sm-270">
         <name>__c6xabi_llshru</name>
         <value>0x825e00</value>
         <object_component_ref idref="oc-fc"/>
      </symbol>
      <symbol id="sm-271">
         <name>__c6xabi_llshl</name>
         <value>0x825ac0</value>
         <object_component_ref idref="oc-f7"/>
      </symbol>
      <symbol id="sm-2de">
         <name>open</name>
         <value>0x8237a0</value>
         <object_component_ref idref="oc-186"/>
      </symbol>
      <symbol id="sm-2df">
         <name>lseek</name>
         <value>0x8257a0</value>
         <object_component_ref idref="oc-255"/>
      </symbol>
      <symbol id="sm-2e0">
         <name>write</name>
         <value>0x825a20</value>
         <object_component_ref idref="oc-1bb"/>
      </symbol>
      <symbol id="sm-2e1">
         <name>close</name>
         <value>0x8249a0</value>
         <object_component_ref idref="oc-19e"/>
      </symbol>
      <symbol id="sm-2e2">
         <name>unlink</name>
         <value>0x825cc0</value>
         <object_component_ref idref="oc-1a2"/>
      </symbol>
      <symbol id="sm-2e9">
         <name>memcpy</name>
         <value>0x825840</value>
         <object_component_ref idref="oc-3c"/>
      </symbol>
      <symbol id="sm-33a">
         <name>_sys_memory</name>
         <value>0x826340</value>
         <object_component_ref idref="oc-2d"/>
      </symbol>
      <symbol id="sm-33b">
         <name>free</name>
         <value>0x821c60</value>
         <object_component_ref idref="oc-19a"/>
      </symbol>
      <symbol id="sm-33c">
         <name>malloc</name>
         <value>0x823620</value>
         <object_component_ref idref="oc-25b"/>
      </symbol>
      <symbol id="sm-33d">
         <name>_minit</name>
         <value>0x8255c0</value>
         <object_component_ref idref="oc-2b0"/>
      </symbol>
      <symbol id="sm-348">
         <name>memset</name>
         <value>0x824c40</value>
         <object_component_ref idref="oc-17d"/>
      </symbol>
      <symbol id="sm-354">
         <name>__c6xabi_negll</name>
         <value>0x8261e0</value>
         <object_component_ref idref="oc-f3"/>
      </symbol>
      <symbol id="sm-36f">
         <name>printf</name>
         <value>0x824d20</value>
         <object_component_ref idref="oc-bf"/>
      </symbol>
      <symbol id="sm-384">
         <name>rand</name>
         <value>0x825bc0</value>
         <object_component_ref idref="oc-d5"/>
      </symbol>
      <symbol id="sm-385">
         <name>srand</name>
         <value>0x825fe0</value>
         <object_component_ref idref="oc-e5"/>
      </symbol>
      <symbol id="sm-3c3">
         <name>HOSTrename</name>
         <value>0x823160</value>
         <object_component_ref idref="oc-2a6"/>
      </symbol>
      <symbol id="sm-3c4">
         <name>HOSTclose</name>
         <value>0x825340</value>
         <object_component_ref idref="oc-292"/>
      </symbol>
      <symbol id="sm-3c5">
         <name>HOSTunlink</name>
         <value>0x824ec0</value>
         <object_component_ref idref="oc-2a2"/>
      </symbol>
      <symbol id="sm-3c6">
         <name>HOSTlseek</name>
         <value>0x824020</value>
         <object_component_ref idref="oc-29e"/>
      </symbol>
      <symbol id="sm-3c7">
         <name>HOSTopen</name>
         <value>0x824620</value>
         <object_component_ref idref="oc-28e"/>
      </symbol>
      <symbol id="sm-3c8">
         <name>HOSTwrite</name>
         <value>0x824f80</value>
         <object_component_ref idref="oc-29a"/>
      </symbol>
      <symbol id="sm-3c9">
         <name>HOSTread</name>
         <value>0x824e00</value>
         <object_component_ref idref="oc-296"/>
      </symbol>
      <symbol id="sm-3de">
         <name>writemsg</name>
         <value>0x8260a0</value>
         <object_component_ref idref="oc-2d1"/>
      </symbol>
      <symbol id="sm-3df">
         <name>C$$IO$$</name>
         <value>0x8260f8</value>
         <object_component_ref idref="oc-2d1"/>
      </symbol>
      <symbol id="sm-3e0">
         <name>__CIOBUF_</name>
         <value>0x82ea20</value>
         <object_component_ref idref="oc-2ed"/>
      </symbol>
      <symbol id="sm-3e1">
         <name>readmsg</name>
         <value>0x825c40</value>
         <object_component_ref idref="oc-2d5"/>
      </symbol>
      <symbol id="sm-3f0">
         <name>_wrt_ok</name>
         <value>0x824320</value>
         <object_component_ref idref="oc-1b7"/>
      </symbol>
      <symbol id="sm-3fe">
         <name>_nop</name>
         <value>0x826200</value>
         <object_component_ref idref="oc-146"/>
      </symbol>
      <symbol id="sm-3ff">
         <name>_lock</name>
         <value>0x82e680</value>
         <object_component_ref idref="oc-101"/>
      </symbol>
      <symbol id="sm-400">
         <name>_unlock</name>
         <value>0x82e684</value>
         <object_component_ref idref="oc-101"/>
      </symbol>
      <symbol id="sm-546">
         <name>_printfi</name>
         <value>0x81ff20</value>
         <object_component_ref idref="oc-10d"/>
      </symbol>
      <symbol id="sm-54d">
         <name>_args_main</name>
         <value>0x826180</value>
         <object_component_ref idref="oc-33"/>
      </symbol>
      <symbol id="sm-55b">
         <name>atoi</name>
         <value>0x8248c0</value>
         <object_component_ref idref="oc-1c4"/>
      </symbol>
      <symbol id="sm-567">
         <name>_auto_init_elf</name>
         <value>0x824220</value>
         <object_component_ref idref="oc-2f"/>
      </symbol>
      <symbol id="sm-571">
         <name>__TI_cpp_init</name>
         <value>0x825d40</value>
         <object_component_ref idref="oc-65"/>
      </symbol>
      <symbol id="sm-586">
         <name>copy_in</name>
         <value>0x824420</value>
         <object_component_ref idref="oc-5d"/>
      </symbol>
      <symbol id="sm-58f">
         <name>_ctypes_</name>
         <value>0x82e8a0</value>
         <object_component_ref idref="oc-212"/>
      </symbol>
      <symbol id="sm-5a0">
         <name>_tmpnams</name>
         <value>0x811c60</value>
         <object_component_ref idref="oc-1a6"/>
      </symbol>
      <symbol id="sm-5a1">
         <name>_ftable</name>
         <value>0x82e340</value>
         <object_component_ref idref="oc-103"/>
      </symbol>
      <symbol id="sm-5a2">
         <name>_ft_end</name>
         <value>0x81de1c</value>
         <object_component_ref idref="oc-17b"/>
      </symbol>
      <symbol id="sm-5aa">
         <name>__c6xabi_divu</name>
         <value>0x825040</value>
         <object_component_ref idref="oc-2c2"/>
      </symbol>
      <symbol id="sm-5ab">
         <name>__divu</name>
         <value>0x825040</value>
         <object_component_ref idref="oc-2c2"/>
      </symbol>
      <symbol id="sm-5bc">
         <name>fseek</name>
         <value>0x823f00</value>
         <object_component_ref idref="oc-203"/>
      </symbol>
      <symbol id="sm-5c5">
         <name>__c6xabi_divul</name>
         <value>0x823300</value>
         <object_component_ref idref="oc-2c6"/>
      </symbol>
      <symbol id="sm-5d8">
         <name>_subcull</name>
         <value>0x825e60</value>
         <object_component_ref idref="oc-2e6"/>
      </symbol>
      <symbol id="sm-5d9">
         <name>__c6xabi_divull</name>
         <value>0x821ee0</value>
         <object_component_ref idref="oc-2ca"/>
      </symbol>
      <symbol id="sm-5e0">
         <name>__c6xabi_isinf</name>
         <value>0x826100</value>
         <object_component_ref idref="oc-21a"/>
      </symbol>
      <symbol id="sm-5ea">
         <name>ltoa</name>
         <value>0x824b60</value>
         <object_component_ref idref="oc-2b9"/>
      </symbol>
      <symbol id="sm-5f7">
         <name>memccpy</name>
         <value>0x825f80</value>
         <object_component_ref idref="oc-1d1"/>
      </symbol>
      <symbol id="sm-60d">
         <name>setvbuf</name>
         <value>0x822be0</value>
         <object_component_ref idref="oc-207"/>
      </symbol>
      <symbol id="sm-61a">
         <name>__TI_tls_init</name>
         <value>0x825280</value>
         <object_component_ref idref="oc-61"/>
      </symbol>
      <symbol id="sm-620">
         <name>recipsp_c</name>
         <value>0x82ec60</value>
         <object_component_ref idref="oc-b4"/>
      </symbol>
      <symbol id="sm-625">
         <name>recipsp_v</name>
         <value>0x82eb40</value>
         <object_component_ref idref="oc-b5"/>
      </symbol>
      <symbol id="sm-62d">
         <name>recipsp</name>
         <value>0x82ec00</value>
         <object_component_ref idref="oc-b0"/>
      </symbol>
      <symbol id="sm-62f">
         <name>__TI_STATIC_BASE</name>
         <value>0x0</value>
      </symbol>
      <symbol id="sm-630">
         <name>__TI_args_main</name>
         <value>0x1</value>
      </symbol>
      <symbol id="sm-631">
         <name>__TI_INITARRAY_Base</name>
         <value>0x0</value>
      </symbol>
      <symbol id="sm-632">
         <name>__TI_INITARRAY_Limit</name>
         <value>0x0</value>
      </symbol>
      <symbol id="sm-633">
         <name>__TI_TLS_INIT_Base</name>
         <value>0x0</value>
      </symbol>
      <symbol id="sm-634">
         <name>__TI_TLS_INIT_Limit</name>
         <value>0x0</value>
      </symbol>
      <symbol id="sm-637">
         <name>remove</name>
         <value>0x825cc0</value>
      </symbol>
   </symbol_table>
</link_info>
