******************************************************************************
                   ARP32 Linker PC v1.0.7                      
******************************************************************************
>> Linked Mon Jun 25 22:15:57 2018

OUTPUT FILE NAME:   <.\elf_out\test_eveHoughForCircles.eve.out>
ENTRY POINT SYMBOL: "_reset_handler"  address: 80000100


MEMORY CONFIGURATION

         name            origin    length      used     unused   attr    fill
----------------------  --------  ---------  --------  --------  ----  --------
PAGE 0:
  VECMEM                80000000   00000100  00000050  000000b0  RWIX
  CMDMEM                80000100   00001000  00000028  00000fd8  RWIX
  EXTMEM                80001100   00020000  00013c64  0000c39c  RWIX

PAGE 1:
  DATMEM                40020000   00008000  00007d49  000002b7  RWIX
  WMEM                  40040000   00007fe0  00000000  00007fe0  RWIX
  IMEMLA                40050000   00004000  00000000  00004000  RWIX
  IMEMHA                40054000   00004000  00000000  00004000  RWIX
  IMEMLB                40070000   00004000  00000000  00004000  RWIX
  IMEMHB                40074000   00004000  00000000  00004000  RWIX
  L3MEM                 40300000   00100000  00000000  00100000  RWIX
  GEM0_L2_MEM           40800000   00008000  00000000  00008000  RWIX
  EXTDMEM               80030000   02000000  01804e68  007fb198  RWIX


SECTION ALLOCATION MAP

 output                                  attributes/
section   page    origin      length       input sections
--------  ----  ----------  ----------   ----------------
.cinit     1    40020000    00000000     UNINITIALIZED

.init_array 
*          1    40020000    00000000     UNINITIALIZED

.intvecs   0    80000000    00000028     
                  80000000    00000028     boot_arp32.obj (.intvecs)

.imemha    0    80000028    00000008     UNINITIALIZED
                  80000028    00000008     rtsarp32_v200.lib : vcop_memory.obj (.imemha)

.imemhb    0    80000030    00000008     UNINITIALIZED
                  80000030    00000008     rtsarp32_v200.lib : vcop_memory.obj (.imemhb)

.imemla    0    80000038    00000008     UNINITIALIZED
                  80000038    00000008     rtsarp32_v200.lib : vcop_memory.obj (.imemla)

.imemlb    0    80000040    00000008     UNINITIALIZED
                  80000040    00000008     rtsarp32_v200.lib : vcop_memory.obj (.imemlb)

.wmem      0    80000048    00000008     UNINITIALIZED
                  80000048    00000008     rtsarp32_v200.lib : vcop_memory.obj (.wmem)

.inthandler 
*          0    80000100    00000028     
                  80000100    00000028     boot_arp32.obj (.inthandler)

.rts_text 
*          0    80001100    00006e4c     
                  80001100    000004f8     rtsarp32_v200.lib : _scanfi.obj (.text:_scanfi)
                  800015f8    000003a0                       : strtod.obj (.text:strtod)
                  80001998    0000039c                       : strtold.obj (.text:strtold)
                  80001d34    000002d8                       : strtoll.obj (.text:strtoll)
                  8000200c    000002a0                       : _printfi.obj (.text:_setfield)
                  800022ac    00000268                       : _scanfi.obj (.text:_sproc_int)
                  80002514    00000264                       : log.obj (.text:log)
                  80002778    00000260                       : _scanfi.obj (.text:_sset_arg)
                  800029d8    0000025c                       : _printfi.obj (.text:_pproc_fge)
                  80002c34    0000025c                       : _printfi.obj (.text:ecvt)
                  80002e90    00000258                       : _printfi.obj (.text:fcvt)
                  800030e8    0000024c                       : strtoull.obj (.text:strtoull)
                  80003334    0000022c                       : _printfi.obj (.text:_printfi)
                  80003560    00000220                       : _printfi.obj (.text:_pconv_e)
                  80003780    00000208                       : _printfi.obj (.text:_getarg_diouxp)
                  80003988    00000200                       : frcdivd.obj (.text:_frcdivd)
                  80003b88    000001e4                       : divd.obj (.text:__arp32abi_divd)
                  80003d6c    000001cc                       : imath64.obj (.text:__arp32abi_divull)
                  80003f38    000001cc                       : strtol.obj (.text:strtol)
                  80004104    000001c8                       : mpyd.obj (.text:__arp32abi_mpyd)
                  800042cc    000001c8                       : fgets.obj (.text:_dofgets)
                  80004494    000001b8                       : addd.obj (.text:__arp32abi_addd)
                  8000464c    000001a0                       : strtoul.obj (.text:strtoul)
                  800047ec    0000018c                       : _printfi.obj (.text:_pproc_diouxp)
                  80004978    00000170                       : fputs.obj (.text:fputs)
                  80004ae8    0000016c                       : frexp.obj (.text:frexp)
                  80004c54    00000160                       : frcaddd.obj (.text:_frcaddd)
                  80004db4    0000015c                       : _scanfi.obj (.text:_sproc_float)
                  80004f10    00000158                       : llmpy.obj (.text:__arp32abi_mpyll)
                  80005068    00000144                       : fread.obj (.text:fread)
                  800051ac    00000140                       : frcmpyd.obj (.text:_frcmpyd)
                  800052ec    00000140                       : _scanfi.obj (.text:_sget_conv)
                  8000542c    0000013c                       : _printfi.obj (.text:_pproc_fwp)
                  80005568    0000012c                       : fopen.obj (.text:_openfile)
                  80005694    00000118                       : setvbuf.obj (.text:setvbuf)
                  800057ac    00000114                       : _printfi.obj (.text:_pconv_g)
                  800058c0    000000f4                       : _printfi.obj (.text:_pproc_str)
                  800059b4    000000ec                       : lowlev.obj (.text:open)
                  80005aa0    000000e8                       : fputc.obj (.text:fputc)
                  80005b88    000000dc                       : memcpy.obj (.text:memcpy)
                  80005c64    000000cc                       : cmpd.obj (.text:__arp32abi_cmpd)
                  80005d30    000000c4                       : memory.obj (.text:mem_alloc)
                  80005df4    000000bc                       : _printfi.obj (.text:_ltostr)
                  80005eb0    000000bc                       : _scanfi.obj (.text:_sproc_str)
                  80005f6c    000000b4                       : trgdrv.obj (.text:HOSTlseek)
                  80006020    000000b4                       : _scanfi.obj (.text:_sproc_lb)
                  800060d4    000000ac                       : trgdrv.obj (.text:HOSTrename)
                  80006180    000000a8                       : fopen.obj (.text:_search_fp)
                  80006228    000000a8                       : memset.obj (.text:memset)
                  800062d0    000000a0                       : lowlev.obj (.text:getdevice)
                  80006370    0000009c                       : _bufread.obj (.text:_buff_read)
                  8000640c    0000009c                       : _printfi.obj (.text:_mcpy)
                  800064a8    00000098                       : trgdrv.obj (.text:HOSTopen)
                  80006540    00000094                       : sscanf.obj (.text:_chkmbc)
                  800065d4    00000094                       : memory.obj (.text:mem_free)
                  80006668    00000090                       : trgdrv.obj (.text:HOSTread)
                  800066f8    00000090                       : cvtdf.obj (.text:__arp32abi_cvtdf)
                  80006788    00000090                       : _printfi.obj (.text:_pproc_fflags)
                  80006818    00000090                       : _io_perm.obj (.text:_wrt_ok)
                  800068a8    00000090                       : fseek.obj (.text:fseek)
                  80006938    00000090                       : ftell.obj (.text:ftell)
                  800069c8    0000008c                       : trgdrv.obj (.text:HOSTwrite)
                  80006a54    00000088                       : lowlev.obj (.text:close)
                  80006adc    00000084                       : _printfi.obj (.text:_ecpy)
                  80006b60    00000080                       : cvtfd.obj (.text:__arp32abi_cvtfd)
                  80006be0    00000080                       : _scanfi.obj (.text:_sget_scanset)
                  80006c60    00000080                       : printf.obj (.text:printf)
                  80006ce0    0000007c                       : fixdi.obj (.text:__arp32abi_fixdi)
                  80006d5c    0000007c                       : fclose.obj (.text:_closefile)
                  80006dd8    0000007c                       : atoi.obj (.text:atoi)
                  80006e54    0000007c                       : fflush.obj (.text:fflush)
                  80006ed0    00000078                       : trgdrv.obj (.text:HOSTunlink)
                  80006f48    00000078                       : _printfi.obj (.text:_div)
                  80006fc0    00000078                       : _printfi.obj (.text:_pconv_f)
                  80007038    00000078                       : memory.obj (.text:minit)
                  800070b0    00000074                       : trgdrv.obj (.text:HOSTclose)
                  80007124    00000074                       : fprintf.obj (.text:fprintf)
                  80007198    00000070                       : autoinit.obj (.text:_auto_init)
                  80007208    00000070                       : vfprintf.obj (.text:vfprintf)
                  80007278    0000006c                       : _io_perm.obj (.text:_rd_ok)
                  800072e4    00000068                       : fltid.obj (.text:__arp32abi_fltid)
                  8000734c    00000068                       : boot.obj (.text:_c_int00)
                  800073b4    00000068                       : lowlev.obj (.text:lseek)
                  8000741c    00000068                       : lowlev.obj (.text:read)
                  80007484    00000068                       : lowlev.obj (.text:write)
                  800074ec    00000064                       : imath64.obj (.text:_subcull)
                  80007550    00000064                       : ltoa.obj (.text:ltoa)
                  800075b4    00000060                       : llshift.obj (.text:__arp32abi_llshl)
                  80007614    00000060                       : fflush.obj (.text:_doflush)
                  80007674    0000005c                       : isinf.obj (.text:__arp32abi_isinf)
                  800076d0    0000005c                       : lowlev.obj (.text:tabinit)
                  8000772c    0000005c                       : vcop_memory.obj (.text:vcop_minit)
                  80007788    00000054                       : _printfi.obj (.text:_fcpy)
                  800077dc    00000054                       : renormd.obj (.text:_renormd)
                  80007830    00000054                       : exit.obj (.text:exit)
                  80007884    00000050                       : fopen.obj (.text:_cleanup)
                  800078d4    00000050                       : lowlev.obj (.text:finddevice)
                  80007924    00000050                       : rand.obj (.text:rand)
                  80007974    0000004c                       : fltud.obj (.text:__arp32abi_fltud)
                  800079c0    0000004c                       : memory.obj (.text:malloc)
                  80007a0c    00000048                       : trgmsg.obj (.text:readmsg)
                  80007a54    00000048                       : lowlev.obj (.text:unlink)
                  80007a9c    00000048                       : trgmsg.obj (.text:writemsg)
                  80007ae4    00000040                       : args_main.obj (.text:_args_main)
                  80007b24    0000003c                       : _printfi.obj (.text:__arp32abi_isnan)
                  80007b60    0000003c                       : strasgi_c.obj (.text:__arp32abi_strasgi)
                  80007b9c    0000003c                       : fopen.obj (.text:fopen)
                  80007bd8    0000003c                       : vsprintf.obj (.text:vsprintf)
                  80007c14    00000038                       : assert.obj (.text:__arp32abi_abort_msg)
                  80007c4c    00000038                       : imath64.obj (.text:__arp32abi_remull)
                  80007c84    00000038                       : sscanf.obj (.text:sscanf)
                  80007cbc    00000034                       : llshift.obj (.text:__arp32abi_llshru)
                  80007cf0    00000030                       : fclose.obj (.text:fclose)
                  80007d20    00000030                       : rand.obj (.text:srand)
                  80007d50    0000002c                       : subd.obj (.text:__arp32abi_subd)
                  80007d7c    00000028                       : negd.obj (.text:__arp32abi_negd)
                  80007da4    00000028                       : mult.obj (.text:_mpyl)
                  80007dcc    00000024                       : llcmp.obj (.text:__arp32abi_cmplls)
                  80007df0    00000024                       : llcmp.obj (.text:__arp32abi_cmpllu)
                  80007e14    00000020                       : memccpy.obj (.text:memccpy)
                  80007e34    0000001c                       : lladdsub.obj (.text:__arp32abi_addll)
                  80007e50    0000001c                       : vsprintf.obj (.text:_outs)
                  80007e6c    00000018                       : fgets.obj (.text:fgets)
                  80007e84    00000014                       : lladdsub.obj (.text:__arp32abi_subll)
                  80007e98    00000014                       : memory.obj (.text:free)
                  80007eac    00000010                       : lladdsub.obj (.text:__arp32abi_negll)
                  80007ebc    00000010                       : sscanf.obj (.text:_inpchar)
                  80007ecc    00000010                       : vsprintf.obj (.text:_outc)
                  80007edc    0000000c                       : fprintf.obj (.text:_outc)
                  80007ee8    0000000c                       : printf.obj (.text:_outc)
                  80007ef4    0000000c                       : vfprintf.obj (.text:_outc)
                  80007f00    0000000c                       : fprintf.obj (.text:_outs)
                  80007f0c    0000000c                       : printf.obj (.text:_outs)
                  80007f18    0000000c                       : vfprintf.obj (.text:_outs)
                  80007f24    0000000c                       : sscanf.obj (.text:_uninpchar)
                  80007f30    0000000c                       : remove.obj (.text:remove)
                  80007f3c    00000008                       : exit.obj (.text:abort)
                  80007f44    00000004                       : _lock.obj (.text:_nop)
                  80007f48    00000004                       : pre_init.obj (.text:_system_pre_init)

.text      0    80007f4c    000050c4     
                  80007f4c    00000d8c     ti_stats_collector.obj (.text:statCollectorControl)
                  80008cd8    00000af4     hough_for_circles_tb.obj (.text:houghForCirclesTest)
                  800097cc    00000640     dmautils.lib : edma_utils_autoincrement.obj (.text:EDMA_UTILS_autoIncrement_configure)
                  80009e0c    00000608     hough_for_circles_cn.obj (.text:houghForCircle_TileBased_cn)
                  8000a414    000004bc     dmautils.lib : edma_utils_autoincrement_1d.obj (.text:EDMA_UTILS_autoIncrement1D_configure)
                  8000a8d0    000003e8     configparser.obj (.text:ParseContent)
                  8000acb8    00000308     configparser.obj (.text:printparams)
                  8000afc0    00000288     dmautils.lib : edma_utils_autoincrement.obj (.text:EDMA_UTILS_autoIncrement_update)
                  8000b248    00000238     hough_for_circles_tb.obj (.text:main)
                  8000b480    00000234     eve_profile.obj (.text:profiler_end)
                  8000b6b4    000001ec     hough_for_circles_cn.obj (.text:houghForCircle_getTileDimension)
                  8000b8a0    000001c4     dmautils.lib : dma_funcs.obj (.text:DMA_funcs_hardwareRegSetup)
                  8000ba64    00000190                  : edma_utils_scatterGather.obj (.text:EDMA_UTILS_scattherGather_init)
                  8000bbf4    00000178                  : dma_resource_allocator.obj (.text:DMA_resourceAllocator_allocateResources)
                  8000bd6c    00000164                  : edma_utils_autoincrement.obj (.text:EDMA_UTILS_autoIncrement_triggerInChannel)
                  8000bed0    00000154     report_utils.obj (.text:report_printAppletInfo)
                  8000c024    00000124     libevenatckernels.eve.lib : vcop_vec_gradients_xy_and_magnitude_c.obj (.text:vcop_gradients_xy_mag_lut_index_calulcation_cn)
                  8000c148    000000e8     dmautils.lib : edma_utils_autoincrement.obj (.text:EDMA_UTILS_autoIncrement_init)
                  8000c230    000000e8     hough_for_circles_cn.obj (.text:genEdgeMap_cn)
                  8000c318    000000e8     libevenatckernels.eve.lib : vcop_hough_for_circles_cn.obj (.text:vcop_hough_circle_compute_idx_cn)
                  8000c400    000000d8     configparser.obj (.text:readparamfile)
                  8000c4d8    000000d4     libevenatckernels.eve.lib : vcop_vec_gradients_xy_and_magnitude_c.obj (.text:vcop_gradients_xy_list_cn)
                  8000c5ac    000000cc     dmautils.lib : edma_utils_state.obj (.text:DMA_utils_updateStateStruct)
                  8000c678    000000c4     eve_profile.obj (.text:profiler_init)
                  8000c73c    000000b8     dmautils.lib : edma_utils_autoincrement_1d.obj (.text:EDMA_UTILS_autoIncrement1D_init)
                  8000c7f4    000000a8     libevenatckernels.eve.lib : vcop_vec_gradients_xy_and_magnitude_c.obj (.text:vcop_vec_gradients_xy_and_magnitude_cn)
                  8000c89c    000000a4                               : vcop_hough_for_circles_cn.obj (.text:vcop_hough_for_circle_detect_cn)
                  8000c940    000000a0     dmautils.lib : edma_utils_scatterGather.obj (.text:EDMA_UTILS_scattherGather_updateNtrigger)
                  8000c9e0    00000098                  : edma_utils_memcpy.obj (.text:EDMA_UTILS_memcpy2D)
                  8000ca78    00000074                  : dma_funcs.obj (.text:DMA_funcs_writeTransferParams)
                  8000caec    00000070     ti_stats_collector.obj (.text:statCollectorInit)
                  8000cb5c    0000006c     eve_profile.obj (.text:profiler_getStackDepth)
                  8000cbc8    0000006c     libevenatckernels.eve.lib : vcop_vec_gradients_xy_and_magnitude_c.obj (.text:vcop_gradients_xy_unit_vecs_cn)
                  8000cc34    00000058     ti_mem_manager.obj (.text:TI_GetMemoryChunk)
                  8000cc8c    00000054     dmautils.lib : edma_utils_autoincrement.obj (.text:EDMA_UTILS_autoIncrement_waitInChannel)
                  8000cce0    00000050     eve_profile.obj (.text:profiler_testCaseInfo)
                  8000cd30    0000004c     dmautils.lib : edma_utils.obj (.text:EDMA_UTILS_globalReset)
                  8000cd7c    00000048     eve_profile.obj (.text:profiler_start)
                  8000cdc4    00000044     dmautils.lib : edma_utils_memcpy.obj (.text:EDMA_UTILS_memcpy2D_init)
                  8000ce08    00000038                  : edma_utils_autoincrement_1d.obj (.text:EDMA_UTILS_autoIncrement1D_waitInChannel)
                  8000ce40    00000038     eve_profile.obj (.text:profiler_printStatus)
                  8000ce78    00000030     eve_profile.obj (.text:profiler_initStack)
                  8000cea8    0000002c     dmautils.lib : dma_resource_allocator.obj (.text:DMA_resourceAllocator_initResources)
                  8000ced4    0000002c     libevenatckernels.eve.lib : vcop_hough_for_circles_cn.obj (.text:vcop_hough_circle_vote_to_hough_space_cn)
                  8000cf00    0000002c                               : vcop_vec_gradients_xy_and_magnitude_c.obj (.text:vcop_reciprocal_sqrt_lookup_cn)
                  8000cf2c    00000024     eve_profile.obj (.text:TEST_PRINTF)
                  8000cf50    00000020     dmautils.lib : edma_utils_state.obj (.text:DMA_utils_resetStateStruct)
                  8000cf70    00000020                  : edma_utils_autoincrement_1d.obj (.text:EDMA_UTILS_autoIncrement1D_triggerInChannel)
                  8000cf90    00000020                  : edma_utils_scatterGather.obj (.text:EDMA_UTILS_scattherGather_wait)
                  8000cfb0    00000018     eve_profile.obj (.text:profiler_getSP)
                  8000cfc8    00000010     dmautils.lib : edma_utils_scatterGather.obj (.text:EDMA_UTILS_scattherGather_configure)
                  8000cfd8    00000010     eve_profile.obj (.text:profiler_end_print)
                  8000cfe8    0000000c     dmautils.lib : dma_resource_allocator.obj (.text:DMA_resourceAllocator_setEdma3RmHandle)
                  8000cff4    0000000c                  : edma_utils.obj (.text:EDMA_UTILS_setEdma3RmHandle)
                  8000d000    0000000c     ti_mem_manager.obj (.text:TI_CreateMemoryHandle)
                  8000d00c    00000004     dmautils.lib : edma3lld_support.obj (.text:EDMA3LLD_SUPPORT_requestResources)

.algo_text 
*          0    8000d010    000032b8     
                  8000d010    0000017c     libevekernels.eve.lib : vcop_vec_gradients_xy_and_magnitude_kernel.obj (.text:vcop_gradients_xy_list_init)
                  8000d18c    00000178                           : bam_normalizedGradXyList_exec_funcs.obj (.text:BAM_normalizedGradXyList_initFrame)
                  8000d304    00000158                           : bam_hough_for_circles_exec_funcs.obj (.text:Bam_HoughForCirclesDetect_initFrame)
                  8000d45c    0000012c                           : vcop_hough_for_circles_kernel.obj (.text:vcop_hough_circle_compute_idx_init)
                  8000d588    00000110                           : vcop_hough_for_circles_kernel.obj (.text:vcop_hough_for_circle_detect_init)
                  8000d698    00000108                           : bam_normalizedGradXyList_helper_funcs.obj (.text:BAM_normalizedGradXyList_getMemRecFunc)
                  8000d7a0    000000fc                           : vcop_vec_gradients_xy_and_magnitude_kernel.obj (.text:vcop_gradients_xy_mag_lut_index_calulcation_init)
                  8000d89c    000000e4                           : bam_normalizedGradXyList_helper_funcs.obj (.text:BAM_normalizedGradXyList_setMemRecFunc)
                  8000d980    000000b8                           : vcop_vec_gradients_xy_and_magnitude_kernel.obj (.text:vcop_gradients_xy_mag_lut_index_calulcation_vloops)
                  8000da38    000000b0                           : bam_normalizedGradXyList_exec_funcs.obj (.text:BAM_normalizedGradXyList_Compute)
                  8000dae8    000000b0                           : vcop_vec_gradients_xy_and_magnitude_kernel.obj (.text:vcop_gradients_xy_unit_vecs_init)
                  8000db98    000000a8                           : bam_hough_for_circles_exec_funcs.obj (.text:Bam_HoughForCircles_initFrame)
                  8000dc40    000000a4                           : bam_hough_for_circles_helper_funcs.obj (.text:BAM_HoughForCirclesDetect_getMemRecFunc)
                  8000dce4    0000009c                           : vcop_vec_gradients_xy_and_magnitude_kernel.obj (.text:vcop_gradients_xy_update_param_block_init)
                  8000dd80    00000098                           : vcop_hough_for_circles_kernel.obj (.text:vcop_hough_circle_compute_idx_param_block_update_init)
                  8000de18    00000084                           : bam_hough_for_circles_exec_funcs.obj (.text:Bam_HoughForCirclesDetect_computeFrame)
                  8000de9c    00000080                           : vcop_vec_gradients_xy_and_magnitude_kernel.obj (.text:vcop_gradients_xy_list_vloops)
                  8000df1c    00000078                           : vcop_hough_for_circles_kernel.obj (.text:vcop_hough_for_circle_detect_vloops)
                  8000df94    00000068                           : vcop_vec_gradients_xy_and_magnitude_kernel.obj (.text:vcop_gradients_xy_update_param_block_vloops)
                  8000dffc    00000064                           : vcop_vec_gradients_xy_and_magnitude_kernel.obj (.text:vcop_gradients_xy_unit_vecs_vloops)
                  8000e060    00000060                           : bam_hough_for_circles_exec_funcs.obj (.text:Bam_HoughForCircles_computeFrame)
                  8000e0c0    0000005c                           : bam_hough_for_circles_helper_funcs.obj (.text:BAM_HoughForCircles_getMemRecFunc)
                  8000e11c    00000050                           : vcop_hough_for_circles_kernel.obj (.text:vcop_hough_circle_compute_idx_param_block_update_vloops)
                  8000e16c    00000048                           : vcop_hough_for_circles_kernel.obj (.text:vcop_hough_circle_compute_idx_vloops)
                  8000e1b4    00000048                           : vcop_vec_gradients_xy_and_magnitude_kernel.obj (.text:vcop_reciprocal_sqrt_lookup_init)
                  8000e1fc    0000003c                           : vcop_hough_for_circles_kernel.obj (.text:vcop_hough_circle_init_hough_space_init)
                  8000e238    00000038                           : bam_normalizedGradXyList_exec_funcs.obj (.text:BAM_normalizedGradXyList_control)
                  8000e270    00000038                           : vcop_hough_for_circles_kernel.obj (.text:vcop_hough_circle_vote_to_hough_space_init)
                  8000e2a8    00000030                           : vcop_hough_for_circles_kernel.obj (.text:vcop_hough_circle_vote_to_hough_space_param_block_update_init)
                  8000e2d8    00000028                           : vcop_hough_for_circles_kernel.obj (.text:vcop_hough_circle_vote_to_hough_space_vloops)
                  8000e300    00000024                           : bam_hough_for_circles_exec_funcs.obj (.text:Bam_HoughForCirclesDetect_control)
                  8000e324    00000024                           : vcop_vec_gradients_xy_and_magnitude_kernel.obj (.text:vcop_reciprocal_sqrt_lookup_vloops)
                  8000e348    00000020                           : vcop_hough_for_circles_kernel.obj (.text:vcop_hough_circle_vote_to_hough_space_param_block_update_vloops)
                  8000e368    00000018                           : vcop_hough_for_circles_kernel.obj (.text:vcop_hough_circle_init_hough_space_vloops)
                  8000e380    00000014                           : bam_hough_for_circles_exec_funcs.obj (.text:Bam_HoughForCircles_control)
                  8000e394    00000008                           : vcop_vec_gradients_xy_and_magnitude_kernel.obj (.text:vcop_gradients_xy_list_param_count)
                  8000e39c    00000008                           : vcop_vec_gradients_xy_and_magnitude_kernel.obj (.text:vcop_gradients_xy_mag_lut_index_calulcation_param_count)
                  8000e3a4    00000008                           : vcop_hough_for_circles_kernel.obj (.text:vcop_hough_circle_compute_idx_param_count)
                  8000e3ac    00000008                           : vcop_hough_for_circles_kernel.obj (.text:vcop_hough_for_circle_detect_param_count)
                  8000e3b4    00000004                           : vcop_vec_gradients_xy_and_magnitude_kernel.obj (.text:vcop_gradients_xy_unit_vecs_param_count)
                  8000e3b8    00000004                           : vcop_vec_gradients_xy_and_magnitude_kernel.obj (.text:vcop_gradients_xy_update_param_block_param_count)
                  8000e3bc    00000004                           : vcop_hough_for_circles_kernel.obj (.text:vcop_hough_circle_compute_idx_param_block_update_param_count)
                  8000e3c0    00000004                           : vcop_hough_for_circles_kernel.obj (.text:vcop_hough_circle_init_hough_space_param_count)
                  8000e3c4    00000004                           : vcop_hough_for_circles_kernel.obj (.text:vcop_hough_circle_vote_to_hough_space_param_block_update_param_count)
                  8000e3c8    00000004                           : vcop_hough_for_circles_kernel.obj (.text:vcop_hough_circle_vote_to_hough_space_param_count)
                  8000e3cc    00000004                           : vcop_vec_gradients_xy_and_magnitude_kernel.obj (.text:vcop_reciprocal_sqrt_lookup_param_count)
                  8000e3d0    00000674     libeveHoughForCircles.eve.lib : hough_for_circles_alg.obj (.text:HOUGH_FOR_CIRCLES_TI_process)
                  8000ea44    00000200                                   : bam_hough_index_calculation_helper_funcs.obj (.text:BAM_HoughIndexCalculation_setMemRecFunc)
                  8000ec44    000001a8                                   : hough_for_circles_alg.obj (.text:HOUGH_FOR_CIRCLES_TI_control)
                  8000edec    0000019c                                   : hough_for_circles_alg.obj (.text:HOUGH_FOR_CIRCLES_TI_alloc)
                  8000ef88    00000160                                   : hough_index_calculation_graph.obj (.text:HOUGH_INDEX_CALCULATION_TI_graphCreate)
                  8000f0e8    0000015c                                   : hough_circle_detect_graph.obj (.text:HOUGH_CIRCLE_DETECT_TI_graphCreate)
                  8000f244    00000128                                   : bam_dma_custom_hough_index_cal_node.obj (.text:BAM_DMA_CUSTOM_HOUGH_INDEX_CAL_IN_updateDDRptr)
                  8000f36c    00000118                                   : hough_for_circles_alg.obj (.text:HOUGH_FOR_CIRCLES_TI_init)
                  8000f484    00000108                                   : bam_dma_custom_hough_index_cal_node.obj (.text:BAM_DMA_CUSTOM_HOUGH_INDEX_CAL_OUT_frameInitChannel)
                  8000f58c    000000f8                                   : bam_hough_index_calculation_helper_funcs.obj (.text:BAM_HoughIndexCalculation_getMemRecFunc)
                  8000f684    000000ec                                   : hough_index_calculation_graph.obj (.text:HOUGH_INDEX_CALCULATION_TI_dmaControl)
                  8000f770    000000c8                                   : hough_index_calculation_graph.obj (.text:HOUGH_INDEX_CALCULATION_TI_kernelControl)
                  8000f838    000000b8                                   : bam_dma_custom_hough_circle_detect_node.obj (.text:BAM_DMA_CUSTOM_HOUGH_CIRCLE_DETECT_IN_updateDDRptr)
                  8000f8f0    000000ac                                   : bam_dma_custom_hough_index_cal_node.obj (.text:BAM_DMA_CUSTOM_HOUGH_INDEX_CAL_OUT_wait)
                  8000f99c    00000098                                   : bam_dma_custom_hough_circle_detect_node.obj (.text:BAM_DMA_CUSTOM_HOUGH_CIRCLE_DETECT_OUT_trigger)
                  8000fa34    00000088                                   : bam_hough_index_calculation_exec_funcs.obj (.text:BAM_HoughIndexCalculation_compute)
                  8000fabc    00000080                                   : bam_dma_custom_hough_index_cal_node.obj (.text:BAM_DMA_CUSTOM_HOUGH_INDEX_CAL_IN_setMemRecFunc)
                  8000fb3c    00000078                                   : bam_dma_custom_hough_index_cal_node.obj (.text:BAM_DMA_CUSTOM_HOUGH_INDEX_CAL_IN_getMemRecFunc)
                  8000fbb4    00000074                                   : bam_dma_custom_hough_circle_detect_node.obj (.text:BAM_DMA_CUSTOM_HOUGH_CIRCLE_DETECT_IN_frameInitChannel)
                  8000fc28    00000074                                   : bam_dma_custom_hough_index_cal_node.obj (.text:BAM_DMA_CUSTOM_HOUGH_INDEX_CAL_OUT_trigger)
                  8000fc9c    00000070                                   : hough_circle_detect_graph.obj (.text:HOUGH_CIRCLE_DETECT_TI_kernelControl)
                  8000fd0c    0000006c                                   : bam_dma_custom_hough_circle_detect_node.obj (.text:BAM_DMA_CUSTOM_HOUGH_CIRCLE_DETECT_OUT_setMemRecFunc)
                  8000fd78    00000064                                   : bam_dma_custom_hough_index_cal_node.obj (.text:BAM_DMA_CUSTOM_HOUGH_INDEX_CAL_IN_frameInitChannel)
                  8000fddc    00000064                                   : bam_dma_custom_hough_index_cal_node.obj (.text:BAM_DMA_CUSTOM_HOUGH_INDEX_CAL_OUT_setMemRecFunc)
                  8000fe40    00000064                                   : hough_for_circles_alg.obj (.text:HOUGH_FOR_CIRCLES_TI_activate)
                  8000fea4    00000064                                   : hough_for_circles_alg.obj (.text:HOUGH_FOR_CIRCLES_TI_deactivate)
                  8000ff08    00000058                                   : bam_dma_custom_hough_circle_detect_node.obj (.text:BAM_DMA_CUSTOM_HOUGH_CIRCLE_DETECT_IN_getMemRecFunc)
                  8000ff60    00000054                                   : bam_hough_index_calculation_exec_funcs.obj (.text:BAM_HoughIndexCalculation_initFrame)
                  8000ffb4    0000004c                                   : bam_dma_custom_hough_circle_detect_node.obj (.text:BAM_DMA_CUSTOM_HOUGH_CIRCLE_DETECT_IN_setMemRecFunc)
                  80010000    00000048                                   : bam_dma_custom_hough_circle_detect_node.obj (.text:BAM_DMA_CUSTOM_HOUGH_CIRCLE_DETECT_OUT_wait)
                  80010048    00000048                                   : hough_circle_detect_graph.obj (.text:HOUGH_CIRCLE_DETECT_TI_dmaControl)
                  80010090    0000003c                                   : bam_dma_custom_hough_circle_detect_node.obj (.text:BAM_DMA_CUSTOM_HOUGH_CIRCLE_DETECT_OUT_updateOutDDRptr)
                  800100cc    0000003c                                   : bam_dma_custom_hough_index_cal_node.obj (.text:BAM_DMA_CUSTOM_HOUGH_INDEX_CAL_OUT_updateOutDDRptr)
                  80010108    00000038                                   : bam_dma_custom_hough_circle_detect_node.obj (.text:BAM_DMA_CUSTOM_HOUGH_CIRCLE_DETECT_OUT_getMemRecFunc)
                  80010140    00000038                                   : bam_dma_custom_hough_index_cal_node.obj (.text:BAM_DMA_CUSTOM_HOUGH_INDEX_CAL_OUT_getMemRecFunc)
                  80010178    00000034                                   : bam_hough_index_calculation_exec_funcs.obj (.text:BAM_HoughIndexCalculation_control)
                  800101ac    00000034                                   : hough_index_calculation_graph.obj (.text:HOUGH_INDEX_CALCULATION_TI_initKernelsArgs)
                  800101e0    0000002c                                   : bam_dma_custom_hough_index_cal_node.obj (.text:BAM_DMA_CUSTOM_HOUGH_INDEX_CAL_IN_wait)
                  8001020c    00000020                                   : hough_circle_detect_graph.obj (.text:HOUGH_CIRCLE_DETECT_TI_execute)
                  8001022c    00000020                                   : hough_index_calculation_graph.obj (.text:HOUGH_INDEX_CALCULATION_TI_execute)
                  8001024c    0000001c                                   : bam_dma_custom_hough_index_cal_node.obj (.text:BAM_DMA_CUSTOM_HOUGH_INDEX_CAL_IN_trigger)
                  80010268    00000018                                   : hough_circle_detect_graph.obj (.text:HOUGH_CIRCLE_DETECT_TI_getGraphMemReq)
                  80010280    00000018                                   : hough_for_circles_alg.obj (.text:HOUGH_FOR_CIRCLES_TI_free)
                  80010298    00000018                                   : hough_index_calculation_graph.obj (.text:HOUGH_INDEX_CALCULATION_TI_getGraphMemReq)
                  800102b0    00000014                                   : hough_circle_detect_graph.obj (.text:HOUGH_CIRCLE_DETECT_TI_initKernelsArgs)
                  800102c4    00000004                                   : hough_for_circles_alg.obj (.text:HOUGH_FOR_CIRCLES_TI_numAlloc)

.bam_text 
*          0    800102c8    0000318c     
                  800102c8    00000820     algframework.lib : bam_construct_int.obj (.text:BAM_initGraph)
                  80010ae8    00000770                      : bam_construct_int.obj (.text:BAM_autoAllocMemRec)
                  80011258    00000574                      : bam_execute.obj (.text:BAM_execute)
                  800117cc    0000047c                      : bam_construct_int.obj (.text:BAM_finaliseGraph)
                  80011c48    00000414                      : bam_construct_int.obj (.text:BAM_optimizeGraph)
                  8001205c    00000378                      : bam_construct_int.obj (.text:BAM_getMemRec)
                  800123d4    000001cc                      : bam_construct.obj (.text:BAM_createGraph)
                  800125a0    00000184                      : bam_memory.obj (.text:bam_mem_alloc)
                  80012724    00000158                      : bam_construct_int.obj (.text:BAM_updateNodes)
                  8001287c    00000138                      : bam_execute.obj (.text:BAM_process)
                  800129b4    00000138                      : bam_memory.obj (.text:bam_getMemPacket)
                  80012aec    00000120                      : bam_construct_int.obj (.text:BAM_setNodeMemRec)
                  80012c0c    00000110                      : bam_construct_int.obj (.text:BAM_fillKernelInfo)
                  80012d1c    0000010c                      : bam_construct_int.obj (.text:BAM_getGraphMemSize)
                  80012e28    000000cc                      : bam_memory.obj (.text:bam_mem_free)
                  80012ef4    000000ac                      : bam_construct_int.obj (.text:BAM_copyIntMemRec2ExtMem)
                  80012fa0    000000a0                      : bam_memory.obj (.text:bam_minit)
                  80013040    00000098                      : bam_execute.obj (.text:BAM_ARP32_computeWrapper)
                  800130d8    00000090                      : bam_memory.obj (.text:bam_releaseMemPacket)
                  80013168    0000008c                      : bam_construct_int.obj (.text:BAM_copyNodeList)
                  800131f4    00000074                      : bam_execute.obj (.text:BAM_initGraphInstance)
                  80013268    00000068                      : bam_memory.obj (.text:bam_mcheck)
                  800132d0    00000064                      : bam_execute.obj (.text:BAM_DSP_computeWrapper)
                  80013334    00000054                      : bam_execute.obj (.text:BAM_controlNode)
                  80013388    0000004c                      : bam_construct.obj (.text:BAM_initKernelDB)
                  800133d4    00000038                      : bam_construct_int.obj (.text:BAM_getMemPacket)
                  8001340c    0000002c                      : bam_utils.obj (.text:BAM_printf)
                  80013438    00000018                      : bam_execute.obj (.text:VCOP_SET_MEM_VIEW)
                  80013450    00000004                      : bam_execute.obj (.text:BAM_dummyKernelFunc)

.starterware_text 
*          0    80013454    00000110     
                  80013454    00000048     libevestarterware_eve.lib : sctm.obj (.text:EVE_SCTM_CounterConfig)
                  8001349c    0000002c                               : sctm.obj (.text:EVE_SCTM_CounterTimerEnable)
                  800134c8    0000002c                               : sctm.obj (.text:EVE_SCTM_InpEvtSelect)
                  800134f4    0000002c                               : sctm.obj (.text:EVE_SCTM_SamplingSelect)
                  80013520    00000018                               : sctm.obj (.text:EVE_SCTM_CounterRead)
                  80013538    00000018                               : sctm.obj (.text:EVE_SCTM_OverflowCheck)
                  80013550    00000014                               : sctm.obj (.text:EVE_SCTM_Enable)

EXTMEM     0    80013564    00001800     
                  80013564    00001800     hough_for_circles_cn.obj (EXTMEM)

.starterware_neardata 
*          1    40020000    00000000     UNINITIALIZED

.dmemSect 
*          1    40020000    00005000     UNINITIALIZED
                  40020000    00005000     hough_for_circles_tb.obj (.dmemSect)

.stack     1    40025000    00001c00     UNINITIALIZED
                  40025000    00000004     rtsarp32_v200.lib : boot.obj (.stack)
                  40025004    00001bfc     --HOLE--

.algo_neardata 
*          1    40026c00    00000a00     
                  40026c00    0000000c     libeveHoughForCircles.eve.lib : hough_for_circles_alg.obj (.rodata)
                  40026c0c    00000004                                   : bam_dma_custom_hough_circle_detect_node.obj (.rodata)
                  40026c10    00000004                                   : bam_dma_custom_hough_index_cal_node.obj (.rodata)
                  40026c14    000002a5                                   : bam_dma_custom_hough_circle_detect_node.obj (.const:.string)
                  40026eb9    0000028d                                   : bam_dma_custom_hough_index_cal_node.obj (.const:.string)
                  40027146    0000018f                                   : hough_index_calculation_graph.obj (.const:.string)
                  400272d5    0000017b                                   : hough_circle_detect_graph.obj (.const:.string)
                  40027450    000000cb                                   : hough_for_circles_alg.obj (.const:.string)
                  4002751b    00000001     --HOLE-- [fill = 0]
                  4002751c    00000054                                   : hough_for_circles_alg.obj (.const)
                  40027570    00000030                                   : hough_circle_detect_graph.obj (.const:$P$T0$1)
                  400275a0    00000030                                   : hough_index_calculation_graph.obj (.const:$P$T0$1)
                  400275d0    00000014                                   : hough_circle_detect_graph.obj (.const:$P$T1$2)
                  400275e4    00000014                                   : hough_index_calculation_graph.obj (.const:$P$T1$2)
                  400275f8    00000004     libevekernels.eve.lib : bam_hough_for_circles_exec_funcs.obj (.rodata)
                  400275fc    00000004                           : bam_normalizedGradXyList_helper_funcs.obj (.rodata)

.rts_neardata 
*          1    40027600    00000268     
                  40027600    00000101     rtsarp32_v200.lib : ctype.obj (.const:.string:_ctypes_)
                  40027701    00000001     --HOLE-- [fill = 0]
                  40027702    00000007                       : _scanfi.obj (.const:.string:flit$1)
                  40027709    00000001     --HOLE-- [fill = 0]
                  4002770a    00000006                       : _scanfi.obj (.const:.string:barr$2)
                  40027710    00000003                       : assert.obj (.const:.string)
                  40027713    00000023                       : _printfi.obj (.const:.string)
                  40027736    00000002     --HOLE-- [fill = 0]
                  40027738    00000050                       : strtod.obj (.const:digits)
                  40027788    00000048                       : strtod.obj (.const:powerof10)
                  400277d0    00000050                       : strtold.obj (.const:digits)
                  40027820    00000048                       : strtold.obj (.const:powerof10)

.bam_neardata 
*          1    40027868    000001e1     
                  40027868    00000014     algframework.lib : bam_memory.obj (.bss) [fill = 0]
                  4002787c    00000005                      : bam_memory.obj (.data)
                  40027881    00000003     --HOLE-- [fill = 0]
                  40027884    00000008                      : bam_construct_int.obj (.rodata)
                  4002788c    00000004                      : bam_execute.obj (.rodata)
                  40027890    00000004                      : bam_memory.obj (.rodata)
                  40027894    00000121                      : bam_construct_int.obj (.const:.string)
                  400279b5    00000090                      : bam_execute.obj (.const:.string)
                  40027a45    00000001     --HOLE-- [fill = 0]
                  40027a46    00000003                      : bam_construct_int.obj (.const:.string:$P$T0$1)

.bss       1    40027a4c    00000154     UNINITIALIZED
                  40027a4c    000000a8     dmautils.lib : dma_resource_allocator.obj (.bss)
                  40027af4    00000060                  : edma_utils_state.obj (.bss)
                  40027b54    00000048     eve_profile.obj (.bss)
                  40027b9c    00000004     hough_for_circles_config.obj (.bss)

.data      1    40027ba0    00000028     
                  40027ba0    00000020     boot_arp32.obj (.data)
                  40027bc0    00000004     dmautils.lib : dma_resource_allocator.obj (.data)
                  40027bc4    00000004     eve_profile.obj (.data)

.rodata    1    40027bc8    00000060     
                  40027bc8    00000028     ti_stats_collector.obj (.rodata)
                  40027bf0    00000010     hough_for_circles_tb.obj (.rodata)
                  40027c00    0000000c     hough_for_circles_cn.obj (.rodata)
                  40027c0c    00000008     dmautils.lib : edma_utils_autoincrement.obj (.rodata)
                  40027c14    00000008     eve_profile.obj (.rodata)
                  40027c1c    00000004     dmautils.lib : edma_utils_memcpy.obj (.rodata)
                  40027c20    00000004                  : edma_utils_scatterGather.obj (.rodata)
                  40027c24    00000004     libevenatckernels.eve.lib : vcop_vec_gradients_xy_and_magnitude_c.obj (.rodata)

.cio       1    40027c28    00000120     UNINITIALIZED
                  40027c28    00000120     rtsarp32_v200.lib : trgmsg.obj (.cio)

.edma_utils_lib_fardata 
*          1    40027d48    00000004     
                  40027d48    00000004     dmautils.lib : edma_utils.obj (.const:edmaBase)

.sysmem    1    80030000    01800000     UNINITIALIZED
                  80030000    00000008     rtsarp32_v200.lib : memory.obj (.sysmem)
                  80030008    017ffff8     --HOLE--

.algo_fardata 
*          1    81830000    00001a78     
                  81830000    00000068     libeveHoughForCircles.eve.lib : bam_dma_custom_hough_circle_detect_node.obj (.fardata)
                  81830068    00000068                                   : bam_dma_custom_hough_index_cal_node.obj (.fardata)
                  818300d0    00000030                                   : hough_circle_detect_graph.obj (.fardata:bamHoughCircleDetectKernelExecFuncDB)
                  81830100    00000030                                   : hough_circle_detect_graph.obj (.fardata:bamHoughCircleDetectKernelHostDB)
                  81830130    00000030                                   : hough_index_calculation_graph.obj (.fardata:bamHoughIndexCalculationKernelExecFuncDB)
                  81830160    00000030                                   : hough_index_calculation_graph.obj (.fardata:bamHoughIndexCalculationKernelHostDB)
                  81830190    0000001c                                   : bam_hough_index_calculation_helper_funcs.obj (.fardata)
                  818301ac    00000018                                   : bam_hough_index_calculation_exec_funcs.obj (.fardata)
                  818301c4    0000000c                                   : hough_circle_detect_graph.obj (.fardata)
                  818301d0    0000000c                                   : hough_index_calculation_graph.obj (.fardata)
                  818301dc    00001800     libevekernels.eve.lib : bam_normalizedGradXyList_exec_funcs.obj (.fardata:gReciSqrtLut)
                  818319dc    00000038                           : bam_hough_for_circles_helper_funcs.obj (.fardata)
                  81831a14    00000030                           : bam_hough_for_circles_exec_funcs.obj (.fardata)
                  81831a44    0000001c                           : bam_normalizedGradXyList_helper_funcs.obj (.fardata)
                  81831a60    00000018                           : bam_normalizedGradXyList_exec_funcs.obj (.fardata)

.fardata   1    81831a78    00001800     
                  81831a78    00001800     hough_for_circles_config.obj (.fardata:gsTokenMap_houghForCircles)

.const     1    81833278    00000c2c     
                  81833278    000003d2     eve_profile.obj (.const:.string)
                  8183364a    00000256     configparser.obj (.const:.string)
                  818338a0    00000239     hough_for_circles_tb.obj (.const:.string)
                  81833ad9    00000003     --HOLE-- [fill = 0]
                  81833adc    00000128     ti_stats_collector.obj (.const:.switchtab)
                  81833c04    000000fd     report_utils.obj (.const:.string)
                  81833d01    000000d8     hough_for_circles_config.obj (.const:.string)
                  81833dd9    00000056     ti_mem_manager.obj (.const:.string)
                  81833e2f    00000043     ti_stats_collector.obj (.const:.string)
                  81833e72    00000015     hough_for_circles_tb.obj (.const:.string:__FUNCTION__$1)
                  81833e87    00000001     --HOLE-- [fill = 0]
                  81833e88    00000014     hough_for_circles_tb.obj (.const:.string:__FUNCTION__$2)
                  81833e9c    00000008     configparser.obj (.const:.string:$P$T0$1)

.far       1    81833ea4    000005b0     UNINITIALIZED
                  81833ea4    00000558     hough_for_circles_config.obj (.far)
                  818343fc    00000028     ti_stats_collector.obj (.far)
                  81834424    00000020     eve_profile.obj (.far)
                  81834444    00000010     hough_for_circles_tb.obj (.far)

.bam_fardata 
*          1    81834454    000004f0     
                  81834454    00000078     algframework.lib : bam_memory.obj (.far) [fill = 0]
                  818344cc    0000000c                      : bam_execute.obj (.far) [fill = 0]
                  818344d8    00000008                      : bam_construct.obj (.far) [fill = 0]
                  818344e0    00000400                      : bam_utils.obj (.fardata:gBAM_memPrintfArr)
                  818348e0    00000064                      : bam_memory.obj (.fardata:vcop_mem)

.rts_fardata 
*          1    81834944    00000330     
                  81834944    000000a0     rtsarp32_v200.lib : defs.obj (.far) [fill = 0]
                  818349e4    0000000c                       : memory.obj (.far) [fill = 0]
                  818349f0    00000008                       : boot.obj (.far) [fill = 0]
                  818349f8    00000008                       : trgdrv.obj (.far) [fill = 0]
                  81834a00    000000f0                       : defs.obj (.fardata:_ftable)
                  81834af0    00000078                       : lowlev.obj (.fardata:_device)
                  81834b68    00000064                       : vcop_memory.obj (.fardata:vcop_mem)
                  81834bcc    00000050                       : lowlev.obj (.fardata:_stream)
                  81834c1c    00000018                       : log.obj (.fardata:A$1)
                  81834c34    00000018                       : log.obj (.fardata:B$2)
                  81834c4c    00000008                       : _lock.obj (.fardata)
                  81834c54    00000005                       : vcop_memory.obj (.fardata)
                  81834c59    00000003     --HOLE-- [fill = 0]
                  81834c5c    00000004                       : defs.obj (.fardata)
                  81834c60    00000004                       : errno.obj (.fardata)
                  81834c64    00000004                       : fopen.obj (.fardata)
                  81834c68    00000004                       : lowlev.obj (.fardata)
                  81834c6c    00000004                       : memory.obj (.fardata)
                  81834c70    00000004                       : rand.obj (.fardata)

.starterware_fardata 
*          1    81834c74    000001f4     
                  81834c74    000001f4     libevestarterware_eve.lib : cred.obj (.fardata:CRED_instVirtAddr)


SEGMENT ATTRIBUTES

    id tag      seg value
    -- ---      --- -----
     0 PHA_PAGE 5   1    
     1 PHA_PAGE 6   1    
     2 PHA_PAGE 7   1    
     3 PHA_PAGE 8   1    
     4 PHA_PAGE 9   1    
     5 PHA_PAGE 10  1    
     6 PHA_PAGE 11  1    
     7 PHA_PAGE 12  1    
     8 PHA_PAGE 13  1    
     9 PHA_PAGE 14  1    
    10 PHA_PAGE 15  1    
    11 PHA_PAGE 16  1    
    12 PHA_PAGE 17  1    


GLOBAL SYMBOLS: SORTED ALPHABETICALLY BY Name 

address    name
--------   ----
80013040   BAM_ARP32_computeWrapper
80010090   BAM_DMA_CUSTOM_HOUGH_CIRCLE_DETECT_OUT_updateOutDDRptr
800100cc   BAM_DMA_CUSTOM_HOUGH_INDEX_CAL_OUT_updateOutDDRptr
80013334   BAM_controlNode
80012ef4   BAM_copyIntMemRec2ExtMem
80013168   BAM_copyNodeList
800123d4   BAM_createGraph
80013450   BAM_dummyKernelFunc
80012c0c   BAM_fillKernelInfo
80012d1c   BAM_getGraphMemSize
800133d4   BAM_getMemPacket
800102c8   BAM_initGraph
800131f4   BAM_initGraphInstance
80013388   BAM_initKernelDB
80011c48   BAM_optimizeGraph
8001340c   BAM_printf
8001287c   BAM_process
80012724   BAM_updateNodes
80007f3c   C$$EXIT
80007adc   C$$IO$$
81834c74   CRED_instVirtAddr
8000b8a0   DMA_funcs_hardwareRegSetup
8000ca78   DMA_funcs_writeTransferParams
8000bbf4   DMA_resourceAllocator_allocateResources
8000cea8   DMA_resourceAllocator_initResources
8000cfe8   DMA_resourceAllocator_setEdma3RmHandle
8000cf50   DMA_utils_resetStateStruct
8000c5ac   DMA_utils_updateStateStruct
40020000   DMEM_SCRATCH
8000d00c   EDMA3LLD_SUPPORT_requestResources
8000a414   EDMA_UTILS_autoIncrement1D_configure
8000c73c   EDMA_UTILS_autoIncrement1D_init
8000cf70   EDMA_UTILS_autoIncrement1D_triggerInChannel
8000ce08   EDMA_UTILS_autoIncrement1D_waitInChannel
800097cc   EDMA_UTILS_autoIncrement_configure
8000c148   EDMA_UTILS_autoIncrement_init
8000bd6c   EDMA_UTILS_autoIncrement_triggerInChannel
8000afc0   EDMA_UTILS_autoIncrement_update
8000cc8c   EDMA_UTILS_autoIncrement_waitInChannel
8000cd30   EDMA_UTILS_globalReset
8000c9e0   EDMA_UTILS_memcpy2D
8000cfc8   EDMA_UTILS_scattherGather_configure
8000ba64   EDMA_UTILS_scattherGather_init
8000c940   EDMA_UTILS_scattherGather_updateNtrigger
8000cf90   EDMA_UTILS_scattherGather_wait
8000cff4   EDMA_UTILS_setEdma3RmHandle
80013454   EVE_SCTM_CounterConfig
80013520   EVE_SCTM_CounterRead
8001349c   EVE_SCTM_CounterTimerEnable
80013550   EVE_SCTM_Enable
800134c8   EVE_SCTM_InpEvtSelect
80013538   EVE_SCTM_OverflowCheck
800134f4   EVE_SCTM_SamplingSelect
800070b0   HOSTclose
80005f6c   HOSTlseek
800064a8   HOSTopen
80006668   HOSTread
800060d4   HOSTrename
80006ed0   HOSTunlink
800069c8   HOSTwrite
80010048   HOUGH_CIRCLE_DETECT_TI_dmaControl
8001020c   HOUGH_CIRCLE_DETECT_TI_execute
80010268   HOUGH_CIRCLE_DETECT_TI_getGraphMemReq
8000f0e8   HOUGH_CIRCLE_DETECT_TI_graphCreate
8000fc9c   HOUGH_CIRCLE_DETECT_TI_kernelControl
40027548   HOUGH_FOR_CIRCLES_TI_IRES
4002751c   HOUGH_FOR_CIRCLES_TI_VISION_FXNS
8000fe40   HOUGH_FOR_CIRCLES_TI_activate
8000edec   HOUGH_FOR_CIRCLES_TI_alloc
8000ec44   HOUGH_FOR_CIRCLES_TI_control
8000fea4   HOUGH_FOR_CIRCLES_TI_deactivate
80010280   HOUGH_FOR_CIRCLES_TI_free
8000f36c   HOUGH_FOR_CIRCLES_TI_init
800102c4   HOUGH_FOR_CIRCLES_TI_numAlloc
8000e3d0   HOUGH_FOR_CIRCLES_TI_process
8000f684   HOUGH_INDEX_CALCULATION_TI_dmaControl
8001022c   HOUGH_INDEX_CALCULATION_TI_execute
80010298   HOUGH_INDEX_CALCULATION_TI_getGraphMemReq
8000ef88   HOUGH_INDEX_CALCULATION_TI_graphCreate
8000f770   HOUGH_INDEX_CALCULATION_TI_kernelControl
00000000   IMEMH_SIZE
00000000   IMEML_SIZE
8000cf2c   TEST_PRINTF
8000d000   TI_CreateMemoryHandle
8000cc34   TI_GetMemoryChunk
00000000   WMEM_SIZE
40027c28   __CIOBUF_
UNDEFED    __TI_CINIT_Base
UNDEFED    __TI_CINIT_Limit
UNDEFED    __TI_Handler_Table_Base
UNDEFED    __TI_Handler_Table_Limit
UNDEFED    __TI_INITARRAY_Base
UNDEFED    __TI_INITARRAY_Limit
40026c00   __TI_STACK_END
00001c00   __TI_STACK_SIZE
40026c00   __TI_STATIC_BASE
01800000   __TI_SYSMEM_SIZE
00000001   __TI_args_main
00000001   __TI_exit
80007c14   __arp32abi_abort_msg
80004494   __arp32abi_addd
80007e34   __arp32abi_addll
80005c64   __arp32abi_cmpd
80007dcc   __arp32abi_cmplls
80007df0   __arp32abi_cmpllu
800066f8   __arp32abi_cvtdf
80006b60   __arp32abi_cvtfd
80003b88   __arp32abi_divd
80003d6c   __arp32abi_divull
80006ce0   __arp32abi_fixdi
800072e4   __arp32abi_fltid
80007974   __arp32abi_fltud
80007674   __arp32abi_isinf
800075b4   __arp32abi_llshl
80007cbc   __arp32abi_llshru
80004104   __arp32abi_mpyd
80004f10   __arp32abi_mpyll
80007d7c   __arp32abi_negd
80007eac   __arp32abi_negll
80007c4c   __arp32abi_remull
80007b60   __arp32abi_strasgi
80007d50   __arp32abi_subd
80007e84   __arp32abi_subll
ffffffff   __binit__
ffffffff   __c_args__
00001a78   _algo_fardata_size
00000a00   _algo_neardata_size
000032b8   _algo_text_size
80007ae4   _args_main
80007198   _auto_init
000004f0   _bam_fardata_size
000001e1   _bam_neardata_size
0000318c   _bam_text_size
80006370   _buff_read
8000734c   _c_int00
80007884   _cleanup
818349f0   _cleanup_ptr
80006d5c   _closefile
40027600   _ctypes_
80007614   _doflush
818349f4   _dtors_ptr
80000120   _dummy_handler
80004c54   _frcaddd
80003988   _frcdivd
800051ac   _frcmpyd
81834c5c   _ft_end
81834a00   _ftable
80000028   _imemha_memory
80000030   _imemhb_memory
80000038   _imemla_memory
80000040   _imemlb_memory
81834c4c   _lock
80007da4   _mpyl
40027ba0   _my_stack
80007f44   _nop
80003334   _printfi
80007278   _rd_ok
800077dc   _renormd
80000100   _reset_handler
00000330   _rts_fardata_size
00000268   _rts_neardata_size
00006e4c   _rts_text_size
80001100   _scanfi
40025000   _stack
000001f4   _starterware_fardata_size
00000000   _starterware_neardata_size
00000110   _starterware_text_size
80030000   _sys_memory
80007f48   _system_pre_init
000050c4   _text_size
81834944   _tmpnams
81834c50   _unlock
80000000   _vec_table
80000048   _wmem_memory
80006818   _wrt_ok
80007f3c   abort
80006dd8   atoi
800129b4   bam_getMemPacket
80013268   bam_mcheck
800125a0   bam_mem_alloc
80012e28   bam_mem_free
80012fa0   bam_minit
800130d8   bam_releaseMemPacket
40027870   bam_stat_num_packets
ffffffff   binit
80006a54   close
40027d48   edmaBase
81834c60   errno
80007830   exit
80007cf0   fclose
80006e54   fflush
80007e6c   fgets
80007b9c   fopen
80007124   fprintf
80005aa0   fputc
80004978   fputs
80005068   fread
80007e98   free
80004ae8   frexp
800068a8   fseek
80006938   ftell
81830000   gBAM_TI_dmaCustomHoughCircleDetectNodeReadKernel
8183001c   gBAM_TI_dmaCustomHoughCircleDetectNodeReadKernelExecFunc
81830014   gBAM_TI_dmaCustomHoughCircleDetectNodeReadKernelHelperFunc
81830034   gBAM_TI_dmaCustomHoughCircleDetectNodeWriteKernel
81830050   gBAM_TI_dmaCustomHoughCircleDetectNodeWriteKernelExecFunc
81830048   gBAM_TI_dmaCustomHoughCircleDetectNodeWriteKernelHelperFunc
81830068   gBAM_TI_dmaCustomHoughIndexCalNodeReadKernel
81830084   gBAM_TI_dmaCustomHoughIndexCalNodeReadKernelExecFunc
8183007c   gBAM_TI_dmaCustomHoughIndexCalNodeReadKernelHelperFunc
8183009c   gBAM_TI_dmaCustomHoughIndexCalNodeWriteKernel
818300b8   gBAM_TI_dmaCustomHoughIndexCalNodeWriteKernelExecFunc
818300b0   gBAM_TI_dmaCustomHoughIndexCalNodeWriteKernelHelperFunc
81831a2c   gBAM_TI_houghForCirclesDetectExecFunc
81831a0c   gBAM_TI_houghForCirclesDetectHelperFunc
818319f8   gBAM_TI_houghForCirclesDetectKernel
81831a14   gBAM_TI_houghForCirclesExecFunc
818319f0   gBAM_TI_houghForCirclesHelperFunc
818319dc   gBAM_TI_houghForCirclesKernel
818301ac   gBAM_TI_houghIndexCalculationExecFunc
818301a4   gBAM_TI_houghIndexCalculationHelperFunc
81830190   gBAM_TI_houghIndexCalculationKernel
81831a60   gBAM_TI_normalizedGradXyListExecFunc
81831a58   gBAM_TI_normalizedGradXyListHelperFunc
81831a44   gBAM_TI_normalizedGradXyListKernel
818344e0   gBAM_memPrintfArr
81833ea4   gConfig_houghForCircles
40027af4   gDmaUtilsStateStruct
818301c4   gHoughCircleDetect_BAM_TI_kernelDBdef
818301d0   gHoughIndexCalculation_BAM_TI_kernelDBdef
80013564   gReciSqrtLut
81834434   gTest_TI_profileSctm
40027b80   gTest_TI_profileTsc
8000c230   genEdgeMap_cn
81831a78   gsTokenMap_houghForCircles
80009e0c   houghForCircle_TileBased_cn
80008cd8   houghForCirclesTest
40027b9c   houghForCircles_numTestCases
80002514   log
800073b4   lseek
80007550   ltoa
8000b248   main
800079c0   malloc
81834444   memObj_DMEM
80005d30   mem_alloc
800065d4   mem_free
80007e14   memccpy
80005b88   memcpy
80006228   memset
80007038   minit
800059b4   open
80006c60   printf
8000acb8   printparams
8000b480   profiler_end
8000cfd8   profiler_end_print
8000cfb0   profiler_getSP
8000cb5c   profiler_getStackDepth
8000c678   profiler_init
8000ce78   profiler_initStack
8000ce40   profiler_printStatus
8000cd7c   profiler_start
8000cce0   profiler_testCaseInfo
80007924   rand
8000741c   read
80007a0c   readmsg
8000c400   readparamfile
80007f30   remove
8000bed0   report_printAppletInfo
80005694   setvbuf
80007d20   srand
80007c84   sscanf
80007f4c   statCollectorControl
8000caec   statCollectorInit
800015f8   strtod
80003f38   strtol
80001998   strtold
80001d34   strtoll
8000464c   strtoul
800030e8   strtoull
40027b5c   test_module_cyles
80007a54   unlink
8000c4d8   vcop_gradients_xy_list_cn
8000d010   vcop_gradients_xy_list_init
8000e394   vcop_gradients_xy_list_param_count
8000de9c   vcop_gradients_xy_list_vloops
8000c024   vcop_gradients_xy_mag_lut_index_calulcation_cn
8000d7a0   vcop_gradients_xy_mag_lut_index_calulcation_init
8000e39c   vcop_gradients_xy_mag_lut_index_calulcation_param_count
8000d980   vcop_gradients_xy_mag_lut_index_calulcation_vloops
8000cbc8   vcop_gradients_xy_unit_vecs_cn
8000dae8   vcop_gradients_xy_unit_vecs_init
8000e3b4   vcop_gradients_xy_unit_vecs_param_count
8000dffc   vcop_gradients_xy_unit_vecs_vloops
8000dce4   vcop_gradients_xy_update_param_block_init
8000e3b8   vcop_gradients_xy_update_param_block_param_count
8000df94   vcop_gradients_xy_update_param_block_vloops
8000c318   vcop_hough_circle_compute_idx_cn
8000d45c   vcop_hough_circle_compute_idx_init
8000dd80   vcop_hough_circle_compute_idx_param_block_update_init
8000e3bc   vcop_hough_circle_compute_idx_param_block_update_param_count
8000e11c   vcop_hough_circle_compute_idx_param_block_update_vloops
8000e3a4   vcop_hough_circle_compute_idx_param_count
8000e16c   vcop_hough_circle_compute_idx_vloops
8000e1fc   vcop_hough_circle_init_hough_space_init
8000e3c0   vcop_hough_circle_init_hough_space_param_count
8000e368   vcop_hough_circle_init_hough_space_vloops
8000ced4   vcop_hough_circle_vote_to_hough_space_cn
8000e270   vcop_hough_circle_vote_to_hough_space_init
8000e2a8   vcop_hough_circle_vote_to_hough_space_param_block_update_init
8000e3c4   vcop_hough_circle_vote_to_hough_space_param_block_update_param_count
8000e348   vcop_hough_circle_vote_to_hough_space_param_block_update_vloops
8000e3c8   vcop_hough_circle_vote_to_hough_space_param_count
8000e2d8   vcop_hough_circle_vote_to_hough_space_vloops
8000c89c   vcop_hough_for_circle_detect_cn
8000d588   vcop_hough_for_circle_detect_init
8000e3ac   vcop_hough_for_circle_detect_param_count
8000df1c   vcop_hough_for_circle_detect_vloops
8000772c   vcop_minit
8000cf00   vcop_reciprocal_sqrt_lookup_cn
8000e1b4   vcop_reciprocal_sqrt_lookup_init
8000e3cc   vcop_reciprocal_sqrt_lookup_param_count
8000e324   vcop_reciprocal_sqrt_lookup_vloops
8000c7f4   vcop_vec_gradients_xy_and_magnitude_cn
80007208   vfprintf
80007bd8   vsprintf
80007484   write
80007a9c   writemsg


GLOBAL SYMBOLS: SORTED BY Symbol Address 

address    name
--------   ----
00000000   IMEMH_SIZE
00000000   IMEML_SIZE
00000000   WMEM_SIZE
00000000   _starterware_neardata_size
00000001   __TI_args_main
00000001   __TI_exit
00000110   _starterware_text_size
000001e1   _bam_neardata_size
000001f4   _starterware_fardata_size
00000268   _rts_neardata_size
00000330   _rts_fardata_size
000004f0   _bam_fardata_size
00000a00   _algo_neardata_size
00001a78   _algo_fardata_size
00001c00   __TI_STACK_SIZE
0000318c   _bam_text_size
000032b8   _algo_text_size
000050c4   _text_size
00006e4c   _rts_text_size
01800000   __TI_SYSMEM_SIZE
40020000   DMEM_SCRATCH
40025000   _stack
40026c00   __TI_STACK_END
40026c00   __TI_STATIC_BASE
4002751c   HOUGH_FOR_CIRCLES_TI_VISION_FXNS
40027548   HOUGH_FOR_CIRCLES_TI_IRES
40027600   _ctypes_
40027870   bam_stat_num_packets
40027af4   gDmaUtilsStateStruct
40027b5c   test_module_cyles
40027b80   gTest_TI_profileTsc
40027b9c   houghForCircles_numTestCases
40027ba0   _my_stack
40027c28   __CIOBUF_
40027d48   edmaBase
80000000   _vec_table
80000028   _imemha_memory
80000030   _imemhb_memory
80000038   _imemla_memory
80000040   _imemlb_memory
80000048   _wmem_memory
80000100   _reset_handler
80000120   _dummy_handler
80001100   _scanfi
800015f8   strtod
80001998   strtold
80001d34   strtoll
80002514   log
800030e8   strtoull
80003334   _printfi
80003988   _frcdivd
80003b88   __arp32abi_divd
80003d6c   __arp32abi_divull
80003f38   strtol
80004104   __arp32abi_mpyd
80004494   __arp32abi_addd
8000464c   strtoul
80004978   fputs
80004ae8   frexp
80004c54   _frcaddd
80004f10   __arp32abi_mpyll
80005068   fread
800051ac   _frcmpyd
80005694   setvbuf
800059b4   open
80005aa0   fputc
80005b88   memcpy
80005c64   __arp32abi_cmpd
80005d30   mem_alloc
80005f6c   HOSTlseek
800060d4   HOSTrename
80006228   memset
80006370   _buff_read
800064a8   HOSTopen
800065d4   mem_free
80006668   HOSTread
800066f8   __arp32abi_cvtdf
80006818   _wrt_ok
800068a8   fseek
80006938   ftell
800069c8   HOSTwrite
80006a54   close
80006b60   __arp32abi_cvtfd
80006c60   printf
80006ce0   __arp32abi_fixdi
80006d5c   _closefile
80006dd8   atoi
80006e54   fflush
80006ed0   HOSTunlink
80007038   minit
800070b0   HOSTclose
80007124   fprintf
80007198   _auto_init
80007208   vfprintf
80007278   _rd_ok
800072e4   __arp32abi_fltid
8000734c   _c_int00
800073b4   lseek
8000741c   read
80007484   write
80007550   ltoa
800075b4   __arp32abi_llshl
80007614   _doflush
80007674   __arp32abi_isinf
8000772c   vcop_minit
800077dc   _renormd
80007830   exit
80007884   _cleanup
80007924   rand
80007974   __arp32abi_fltud
800079c0   malloc
80007a0c   readmsg
80007a54   unlink
80007a9c   writemsg
80007adc   C$$IO$$
80007ae4   _args_main
80007b60   __arp32abi_strasgi
80007b9c   fopen
80007bd8   vsprintf
80007c14   __arp32abi_abort_msg
80007c4c   __arp32abi_remull
80007c84   sscanf
80007cbc   __arp32abi_llshru
80007cf0   fclose
80007d20   srand
80007d50   __arp32abi_subd
80007d7c   __arp32abi_negd
80007da4   _mpyl
80007dcc   __arp32abi_cmplls
80007df0   __arp32abi_cmpllu
80007e14   memccpy
80007e34   __arp32abi_addll
80007e6c   fgets
80007e84   __arp32abi_subll
80007e98   free
80007eac   __arp32abi_negll
80007f30   remove
80007f3c   C$$EXIT
80007f3c   abort
80007f44   _nop
80007f48   _system_pre_init
80007f4c   statCollectorControl
80008cd8   houghForCirclesTest
800097cc   EDMA_UTILS_autoIncrement_configure
80009e0c   houghForCircle_TileBased_cn
8000a414   EDMA_UTILS_autoIncrement1D_configure
8000acb8   printparams
8000afc0   EDMA_UTILS_autoIncrement_update
8000b248   main
8000b480   profiler_end
8000b8a0   DMA_funcs_hardwareRegSetup
8000ba64   EDMA_UTILS_scattherGather_init
8000bbf4   DMA_resourceAllocator_allocateResources
8000bd6c   EDMA_UTILS_autoIncrement_triggerInChannel
8000bed0   report_printAppletInfo
8000c024   vcop_gradients_xy_mag_lut_index_calulcation_cn
8000c148   EDMA_UTILS_autoIncrement_init
8000c230   genEdgeMap_cn
8000c318   vcop_hough_circle_compute_idx_cn
8000c400   readparamfile
8000c4d8   vcop_gradients_xy_list_cn
8000c5ac   DMA_utils_updateStateStruct
8000c678   profiler_init
8000c73c   EDMA_UTILS_autoIncrement1D_init
8000c7f4   vcop_vec_gradients_xy_and_magnitude_cn
8000c89c   vcop_hough_for_circle_detect_cn
8000c940   EDMA_UTILS_scattherGather_updateNtrigger
8000c9e0   EDMA_UTILS_memcpy2D
8000ca78   DMA_funcs_writeTransferParams
8000caec   statCollectorInit
8000cb5c   profiler_getStackDepth
8000cbc8   vcop_gradients_xy_unit_vecs_cn
8000cc34   TI_GetMemoryChunk
8000cc8c   EDMA_UTILS_autoIncrement_waitInChannel
8000cce0   profiler_testCaseInfo
8000cd30   EDMA_UTILS_globalReset
8000cd7c   profiler_start
8000ce08   EDMA_UTILS_autoIncrement1D_waitInChannel
8000ce40   profiler_printStatus
8000ce78   profiler_initStack
8000cea8   DMA_resourceAllocator_initResources
8000ced4   vcop_hough_circle_vote_to_hough_space_cn
8000cf00   vcop_reciprocal_sqrt_lookup_cn
8000cf2c   TEST_PRINTF
8000cf50   DMA_utils_resetStateStruct
8000cf70   EDMA_UTILS_autoIncrement1D_triggerInChannel
8000cf90   EDMA_UTILS_scattherGather_wait
8000cfb0   profiler_getSP
8000cfc8   EDMA_UTILS_scattherGather_configure
8000cfd8   profiler_end_print
8000cfe8   DMA_resourceAllocator_setEdma3RmHandle
8000cff4   EDMA_UTILS_setEdma3RmHandle
8000d000   TI_CreateMemoryHandle
8000d00c   EDMA3LLD_SUPPORT_requestResources
8000d010   vcop_gradients_xy_list_init
8000d45c   vcop_hough_circle_compute_idx_init
8000d588   vcop_hough_for_circle_detect_init
8000d7a0   vcop_gradients_xy_mag_lut_index_calulcation_init
8000d980   vcop_gradients_xy_mag_lut_index_calulcation_vloops
8000dae8   vcop_gradients_xy_unit_vecs_init
8000dce4   vcop_gradients_xy_update_param_block_init
8000dd80   vcop_hough_circle_compute_idx_param_block_update_init
8000de9c   vcop_gradients_xy_list_vloops
8000df1c   vcop_hough_for_circle_detect_vloops
8000df94   vcop_gradients_xy_update_param_block_vloops
8000dffc   vcop_gradients_xy_unit_vecs_vloops
8000e11c   vcop_hough_circle_compute_idx_param_block_update_vloops
8000e16c   vcop_hough_circle_compute_idx_vloops
8000e1b4   vcop_reciprocal_sqrt_lookup_init
8000e1fc   vcop_hough_circle_init_hough_space_init
8000e270   vcop_hough_circle_vote_to_hough_space_init
8000e2a8   vcop_hough_circle_vote_to_hough_space_param_block_update_init
8000e2d8   vcop_hough_circle_vote_to_hough_space_vloops
8000e324   vcop_reciprocal_sqrt_lookup_vloops
8000e348   vcop_hough_circle_vote_to_hough_space_param_block_update_vloops
8000e368   vcop_hough_circle_init_hough_space_vloops
8000e394   vcop_gradients_xy_list_param_count
8000e39c   vcop_gradients_xy_mag_lut_index_calulcation_param_count
8000e3a4   vcop_hough_circle_compute_idx_param_count
8000e3ac   vcop_hough_for_circle_detect_param_count
8000e3b4   vcop_gradients_xy_unit_vecs_param_count
8000e3b8   vcop_gradients_xy_update_param_block_param_count
8000e3bc   vcop_hough_circle_compute_idx_param_block_update_param_count
8000e3c0   vcop_hough_circle_init_hough_space_param_count
8000e3c4   vcop_hough_circle_vote_to_hough_space_param_block_update_param_count
8000e3c8   vcop_hough_circle_vote_to_hough_space_param_count
8000e3cc   vcop_reciprocal_sqrt_lookup_param_count
8000e3d0   HOUGH_FOR_CIRCLES_TI_process
8000ec44   HOUGH_FOR_CIRCLES_TI_control
8000edec   HOUGH_FOR_CIRCLES_TI_alloc
8000ef88   HOUGH_INDEX_CALCULATION_TI_graphCreate
8000f0e8   HOUGH_CIRCLE_DETECT_TI_graphCreate
8000f36c   HOUGH_FOR_CIRCLES_TI_init
8000f684   HOUGH_INDEX_CALCULATION_TI_dmaControl
8000f770   HOUGH_INDEX_CALCULATION_TI_kernelControl
8000fc9c   HOUGH_CIRCLE_DETECT_TI_kernelControl
8000fe40   HOUGH_FOR_CIRCLES_TI_activate
8000fea4   HOUGH_FOR_CIRCLES_TI_deactivate
80010048   HOUGH_CIRCLE_DETECT_TI_dmaControl
80010090   BAM_DMA_CUSTOM_HOUGH_CIRCLE_DETECT_OUT_updateOutDDRptr
800100cc   BAM_DMA_CUSTOM_HOUGH_INDEX_CAL_OUT_updateOutDDRptr
8001020c   HOUGH_CIRCLE_DETECT_TI_execute
8001022c   HOUGH_INDEX_CALCULATION_TI_execute
80010268   HOUGH_CIRCLE_DETECT_TI_getGraphMemReq
80010280   HOUGH_FOR_CIRCLES_TI_free
80010298   HOUGH_INDEX_CALCULATION_TI_getGraphMemReq
800102c4   HOUGH_FOR_CIRCLES_TI_numAlloc
800102c8   BAM_initGraph
80011c48   BAM_optimizeGraph
800123d4   BAM_createGraph
800125a0   bam_mem_alloc
80012724   BAM_updateNodes
8001287c   BAM_process
800129b4   bam_getMemPacket
80012c0c   BAM_fillKernelInfo
80012d1c   BAM_getGraphMemSize
80012e28   bam_mem_free
80012ef4   BAM_copyIntMemRec2ExtMem
80012fa0   bam_minit
80013040   BAM_ARP32_computeWrapper
800130d8   bam_releaseMemPacket
80013168   BAM_copyNodeList
800131f4   BAM_initGraphInstance
80013268   bam_mcheck
80013334   BAM_controlNode
80013388   BAM_initKernelDB
800133d4   BAM_getMemPacket
8001340c   BAM_printf
80013450   BAM_dummyKernelFunc
80013454   EVE_SCTM_CounterConfig
8001349c   EVE_SCTM_CounterTimerEnable
800134c8   EVE_SCTM_InpEvtSelect
800134f4   EVE_SCTM_SamplingSelect
80013520   EVE_SCTM_CounterRead
80013538   EVE_SCTM_OverflowCheck
80013550   EVE_SCTM_Enable
80013564   gReciSqrtLut
80030000   _sys_memory
81830000   gBAM_TI_dmaCustomHoughCircleDetectNodeReadKernel
81830014   gBAM_TI_dmaCustomHoughCircleDetectNodeReadKernelHelperFunc
8183001c   gBAM_TI_dmaCustomHoughCircleDetectNodeReadKernelExecFunc
81830034   gBAM_TI_dmaCustomHoughCircleDetectNodeWriteKernel
81830048   gBAM_TI_dmaCustomHoughCircleDetectNodeWriteKernelHelperFunc
81830050   gBAM_TI_dmaCustomHoughCircleDetectNodeWriteKernelExecFunc
81830068   gBAM_TI_dmaCustomHoughIndexCalNodeReadKernel
8183007c   gBAM_TI_dmaCustomHoughIndexCalNodeReadKernelHelperFunc
81830084   gBAM_TI_dmaCustomHoughIndexCalNodeReadKernelExecFunc
8183009c   gBAM_TI_dmaCustomHoughIndexCalNodeWriteKernel
818300b0   gBAM_TI_dmaCustomHoughIndexCalNodeWriteKernelHelperFunc
818300b8   gBAM_TI_dmaCustomHoughIndexCalNodeWriteKernelExecFunc
81830190   gBAM_TI_houghIndexCalculationKernel
818301a4   gBAM_TI_houghIndexCalculationHelperFunc
818301ac   gBAM_TI_houghIndexCalculationExecFunc
818301c4   gHoughCircleDetect_BAM_TI_kernelDBdef
818301d0   gHoughIndexCalculation_BAM_TI_kernelDBdef
818319dc   gBAM_TI_houghForCirclesKernel
818319f0   gBAM_TI_houghForCirclesHelperFunc
818319f8   gBAM_TI_houghForCirclesDetectKernel
81831a0c   gBAM_TI_houghForCirclesDetectHelperFunc
81831a14   gBAM_TI_houghForCirclesExecFunc
81831a2c   gBAM_TI_houghForCirclesDetectExecFunc
81831a44   gBAM_TI_normalizedGradXyListKernel
81831a58   gBAM_TI_normalizedGradXyListHelperFunc
81831a60   gBAM_TI_normalizedGradXyListExecFunc
81831a78   gsTokenMap_houghForCircles
81833ea4   gConfig_houghForCircles
81834434   gTest_TI_profileSctm
81834444   memObj_DMEM
818344e0   gBAM_memPrintfArr
81834944   _tmpnams
818349f0   _cleanup_ptr
818349f4   _dtors_ptr
81834a00   _ftable
81834c4c   _lock
81834c50   _unlock
81834c5c   _ft_end
81834c60   errno
81834c74   CRED_instVirtAddr
ffffffff   __binit__
ffffffff   __c_args__
ffffffff   binit
UNDEFED    __TI_CINIT_Base
UNDEFED    __TI_CINIT_Limit
UNDEFED    __TI_Handler_Table_Base
UNDEFED    __TI_Handler_Table_Limit
UNDEFED    __TI_INITARRAY_Base
UNDEFED    __TI_INITARRAY_Limit

[327 symbols]
