******************************************************************************
                   ARP32 Linker PC v1.0.7                      
******************************************************************************
>> Linked Mon Jun 25 22:15:03 2018

OUTPUT FILE NAME:   <.\elf_out/evelib_fir_filter_2d_test.eve.out>
ENTRY POINT SYMBOL: "_reset_handler"  address: 80000100


MEMORY CONFIGURATION

         name            origin    length      used     unused   attr    fill
----------------------  --------  ---------  --------  --------  ----  --------
PAGE 0:
  VECMEM                80000000   00000100  00000028  000000d8  RWIX
  CMDMEM                80000100   00001000  00000028  00000fd8  RWIX
  EXTMEM                80001100   00020000  000075b4  00018a4c  RWIX

PAGE 1:
  DATMEM                40020000   00008000  00002681  0000597f  RWIX
  WMEM                  40040000   00007fe0  00005c34  000023ac  RWIX
  IMEMLA                40050000   00004000  00004000  00000000  RWIX
  IMEMHA                40054000   00004000  00004000  00000000  RWIX
  IMEMLB                40070000   00004000  00004000  00000000  RWIX
  IMEMHB                40074000   00004000  00004000  00000000  RWIX
  L3MEM                 40300000   00100000  00000000  00100000  RWIX
  GEM0_L2_MEM           40800000   00008000  00000000  00008000  RWIX
  EXTDMEM               80030000   02000000  003325e7  01ccda19  RWIX


SECTION ALLOCATION MAP

 output                                  attributes/
section   page    origin      length       input sections
--------  ----  ----------  ----------   ----------------
.cinit     1    40020000    00000000     UNINITIALIZED

.init_array 
*          1    40020000    00000000     UNINITIALIZED

.intvecs   0    80000000    00000028     
                  80000000    00000028     boot_arp32.obj (.intvecs)

.inthandler 
*          0    80000100    00000028     
                  80000100    00000028     boot_arp32.obj (.inthandler)

.bam_text 
*          0    80001100    00000000     UNINITIALIZED

.starterware_text 
*          0    80001100    00000000     UNINITIALIZED

.rts_text 
*          0    80001100    00005554     
                  80001100    0000087c     rtsarp32_v200.lib : pow.obj (.text:pow)
                  8000197c    00000364                       : divf.obj (.text:__arp32abi_divf)
                  80001ce0    000002a0                       : _printfi.obj (.text:_setfield)
                  80001f80    0000025c                       : _printfi.obj (.text:_pproc_fge)
                  800021dc    0000025c                       : _printfi.obj (.text:ecvt)
                  80002438    00000258                       : _printfi.obj (.text:fcvt)
                  80002690    0000022c                       : _printfi.obj (.text:_printfi)
                  800028bc    00000224                       : addf.obj (.text:__arp32abi_addf)
                  80002ae0    00000220                       : _printfi.obj (.text:_pconv_e)
                  80002d00    00000208                       : _printfi.obj (.text:_getarg_diouxp)
                  80002f08    00000200                       : frcdivd.obj (.text:_frcdivd)
                  80003108    000001e4                       : divd.obj (.text:__arp32abi_divd)
                  800032ec    000001cc                       : imath64.obj (.text:__arp32abi_divull)
                  800034b8    000001c8                       : mpyd.obj (.text:__arp32abi_mpyd)
                  80003680    000001b8                       : addd.obj (.text:__arp32abi_addd)
                  80003838    0000018c                       : _printfi.obj (.text:_pproc_diouxp)
                  800039c4    0000017c                       : ldexp.obj (.text:ldexp)
                  80003b40    00000170                       : fputs.obj (.text:fputs)
                  80003cb0    0000016c                       : frexp.obj (.text:frexp)
                  80003e1c    00000168                       : vcop_memory.obj (.text:vcop_memalign)
                  80003f84    00000160                       : frcaddd.obj (.text:_frcaddd)
                  800040e4    00000158                       : llmpy.obj (.text:__arp32abi_mpyll)
                  8000423c    00000140                       : frcmpyd.obj (.text:_frcmpyd)
                  8000437c    0000013c                       : _printfi.obj (.text:_pproc_fwp)
                  800044b8    00000118                       : setvbuf.obj (.text:setvbuf)
                  800045d0    00000114                       : _printfi.obj (.text:_pconv_g)
                  800046e4    000000f4                       : _printfi.obj (.text:_pproc_str)
                  800047d8    000000e8                       : fputc.obj (.text:fputc)
                  800048c0    000000dc                       : memcpy.obj (.text:memcpy)
                  8000499c    000000cc                       : cmpd.obj (.text:__arp32abi_cmpd)
                  80004a68    000000cc                       : round.obj (.text:__arp32abi_nround)
                  80004b34    000000c4                       : memory.obj (.text:mem_alloc)
                  80004bf8    000000bc                       : _printfi.obj (.text:_ltostr)
                  80004cb4    000000b4                       : trgdrv.obj (.text:HOSTlseek)
                  80004d68    000000b0                       : modf.obj (.text:modf)
                  80004e18    000000ac                       : trgdrv.obj (.text:HOSTrename)
                  80004ec4    000000a8                       : memset.obj (.text:memset)
                  80004f6c    000000a0                       : lowlev.obj (.text:getdevice)
                  8000500c    0000009c                       : _printfi.obj (.text:_mcpy)
                  800050a8    00000098                       : trgdrv.obj (.text:HOSTopen)
                  80005140    00000098                       : vcop_memory.obj (.text:vcop_free)
                  800051d8    00000094                       : memory.obj (.text:mem_free)
                  8000526c    00000090                       : trgdrv.obj (.text:HOSTread)
                  800052fc    00000090                       : _printfi.obj (.text:_pproc_fflags)
                  8000538c    00000090                       : _io_perm.obj (.text:_wrt_ok)
                  8000541c    00000090                       : fseek.obj (.text:fseek)
                  800054ac    0000008c                       : trgdrv.obj (.text:HOSTwrite)
                  80005538    00000088                       : lowlev.obj (.text:close)
                  800055c0    00000084                       : _printfi.obj (.text:_ecpy)
                  80005644    00000080                       : cvtfd.obj (.text:__arp32abi_cvtfd)
                  800056c4    0000007c                       : fixdi.obj (.text:__arp32abi_fixdi)
                  80005740    0000007c                       : fclose.obj (.text:_closefile)
                  800057bc    0000007c                       : atoi.obj (.text:atoi)
                  80005838    0000007c                       : fflush.obj (.text:fflush)
                  800058b4    00000078                       : trgdrv.obj (.text:HOSTunlink)
                  8000592c    00000078                       : _printfi.obj (.text:_div)
                  800059a4    00000078                       : _printfi.obj (.text:_pconv_f)
                  80005a1c    00000078                       : memory.obj (.text:minit)
                  80005a94    00000074                       : trgdrv.obj (.text:HOSTclose)
                  80005b08    00000070                       : autoinit.obj (.text:_auto_init)
                  80005b78    00000070                       : vfprintf.obj (.text:vfprintf)
                  80005be8    00000068                       : fltid.obj (.text:__arp32abi_fltid)
                  80005c50    00000068                       : boot.obj (.text:_c_int00)
                  80005cb8    00000068                       : lowlev.obj (.text:lseek)
                  80005d20    00000068                       : lowlev.obj (.text:write)
                  80005d88    00000064                       : imath64.obj (.text:_subcull)
                  80005dec    00000064                       : ltoa.obj (.text:ltoa)
                  80005e50    00000060                       : llshift.obj (.text:__arp32abi_llshl)
                  80005eb0    00000060                       : fflush.obj (.text:_doflush)
                  80005f10    0000005c                       : isinf.obj (.text:__arp32abi_isinf)
                  80005f6c    0000005c                       : vcop_memory.obj (.text:vcop_minit)
                  80005fc8    00000058                       : fltif.obj (.text:__arp32abi_fltif)
                  80006020    00000054                       : _printfi.obj (.text:_fcpy)
                  80006074    00000054                       : renormd.obj (.text:_renormd)
                  800060c8    00000054                       : exit.obj (.text:exit)
                  8000611c    00000050                       : fopen.obj (.text:_cleanup)
                  8000616c    00000050                       : lowlev.obj (.text:finddevice)
                  800061bc    00000050                       : rand.obj (.text:rand)
                  8000620c    0000004c                       : memory.obj (.text:malloc)
                  80006258    00000048                       : frcmpyf_div.obj (.text:__arp32abi_frcmpyf_div)
                  800062a0    00000048                       : trgmsg.obj (.text:readmsg)
                  800062e8    00000048                       : lowlev.obj (.text:unlink)
                  80006330    00000048                       : trgmsg.obj (.text:writemsg)
                  80006378    00000040                       : args_main.obj (.text:_args_main)
                  800063b8    0000003c                       : fltuf.obj (.text:__arp32abi_fltuf)
                  800063f4    0000003c                       : _printfi.obj (.text:__arp32abi_isnan)
                  80006430    00000034                       : llshift.obj (.text:__arp32abi_llshru)
                  80006464    00000030                       : rand.obj (.text:srand)
                  80006494    0000002c                       : subd.obj (.text:__arp32abi_subd)
                  800064c0    00000028                       : negd.obj (.text:__arp32abi_negd)
                  800064e8    00000028                       : mult.obj (.text:_mpyl)
                  80006510    00000024                       : absd.obj (.text:__arp32abi_absd)
                  80006534    00000024                       : llcmp.obj (.text:__arp32abi_cmplls)
                  80006558    00000024                       : llcmp.obj (.text:__arp32abi_cmpllu)
                  8000657c    00000020                       : trunc.obj (.text:__arp32abi_trunc)
                  8000659c    00000020                       : memccpy.obj (.text:memccpy)
                  800065bc    0000001c                       : lladdsub.obj (.text:__arp32abi_addll)
                  800065d8    00000014                       : lladdsub.obj (.text:__arp32abi_subll)
                  800065ec    00000014                       : memory.obj (.text:free)
                  80006600    00000010                       : lladdsub.obj (.text:__arp32abi_negll)
                  80006610    00000010                       : vcop_memory.obj (.text:vcop_malloc)
                  80006620    0000000c                       : vfprintf.obj (.text:_outc)
                  8000662c    0000000c                       : vfprintf.obj (.text:_outs)
                  80006638    0000000c                       : remove.obj (.text:remove)
                  80006644    00000008                       : exit.obj (.text:abort)
                  8000664c    00000004                       : _lock.obj (.text:_nop)
                  80006650    00000004                       : pre_init.obj (.text:_system_pre_init)

.text      0    80006654    00001910     
                  80006654    00000640     dmautils.lib : edma_utils_autoincrement.obj (.text:EDMA_UTILS_autoIncrement_configure)
                  80006c94    000004d8     libevenatckernels.eve.lib : vcop_filter_cn.obj (.text:filter_uchar_cn)
                  8000716c    000003f0     evelib_fir_filter_2d_test.obj (.text:main)
                  8000755c    000001c4     dmautils.lib : dma_funcs.obj (.text:DMA_funcs_hardwareRegSetup)
                  80007720    000001b8                  : edma_utils_autoincrement.obj (.text:EDMA_UTILS_autoIncrement_triggerOutChannel)
                  800078d8    00000178                  : dma_resource_allocator.obj (.text:DMA_resourceAllocator_allocateResources)
                  80007a50    00000164                  : edma_utils_autoincrement.obj (.text:EDMA_UTILS_autoIncrement_triggerInChannel)
                  80007bb4    000000e8                  : edma_utils_autoincrement.obj (.text:EDMA_UTILS_autoIncrement_init)
                  80007c9c    000000cc                  : edma_utils_state.obj (.text:DMA_utils_updateStateStruct)
                  80007d68    00000074                  : dma_funcs.obj (.text:DMA_funcs_writeTransferParams)
                  80007ddc    00000068                  : edma_utils_autoincrement.obj (.text:EDMA_UTILS_autoIncrement_waitOutChannel)
                  80007e44    00000054                  : edma_utils_autoincrement.obj (.text:EDMA_UTILS_autoIncrement_waitInChannel)
                  80007e98    0000004c                  : edma_utils.obj (.text:EDMA_UTILS_globalReset)
                  80007ee4    0000002c                  : dma_resource_allocator.obj (.text:DMA_resourceAllocator_initResources)
                  80007f10    00000024     eve_profile.obj (.text:TEST_PRINTF)
                  80007f34    00000020     dmautils.lib : edma_utils_state.obj (.text:DMA_utils_resetStateStruct)
                  80007f54    0000000c                  : dma_resource_allocator.obj (.text:DMA_resourceAllocator_setEdma3RmHandle)
                  80007f60    00000004                  : edma3lld_support.obj (.text:EDMA3LLD_SUPPORT_requestResources)

.algo_text 
*          0    80007f64    00000750     
                  80007f64    000000e0     libevekernels.eve.lib : vcop_filter_kernel.obj (.text:vcop_filter_uchar_char_uchar_init)
                  80008044    0000002c                           : vcop_filter_kernel.obj (.text:vcop_filter_uchar_char_uchar_vloops)
                  80008070    000001b8     libeveapps.eve.lib : evelib_fir_filter_2d.obj (.text:EVELIB_firFilter2D)
                  80008228    0000017c                        : eve_algo_dma_auto_incr.obj (.text:EVELIB_algoDMAAutoIncrInit)
                  800083a4    000000d8                        : eve_algo_dma_auto_incr.obj (.text:EVELIB_algoDMAAutoIncrProcess)
                  8000847c    000000c4                        : eve_algo_dma_auto_incr.obj (.text:EVELIB_algoDMAAutoIncrConcurrent)
                  80008540    000000b4                        : eve_algo_dma_auto_incr.obj (.text:EVELIB_getBestBlockDimensions)
                  800085f4    0000009c                        : eve_algo_dma_auto_incr.obj (.text:EVELIB_algoDMAAutoIncrSequential)
                  80008690    00000018                        : eve_algo_dma_auto_incr.obj (.text:VCOP_SET_MEM_VIEW)
                  800086a8    0000000c                        : eve_algo_dma_auto_incr.obj (.text:EVELIB_algoDMAAutoIncrDeInit)

.bam_neardata 
*          1    40020000    00000000     UNINITIALIZED

.starterware_neardata 
*          1    40020000    00000000     UNINITIALIZED

.stack     1    40020000    00002000     UNINITIALIZED
                  40020000    00000004     rtsarp32_v200.lib : boot.obj (.stack)
                  40020004    00001ffc     --HOLE--

.edmaUtilsMem 
*          1    40022000    000002e4     UNINITIALIZED
                  40022000    000002e4     libeveapps.eve.lib : eve_algo_dma_auto_incr.obj (.edmaUtilsMem)

.bss       1    400222e4    00000108     UNINITIALIZED
                  400222e4    000000a8     dmautils.lib : dma_resource_allocator.obj (.bss)
                  4002238c    00000060                  : edma_utils_state.obj (.bss)

.data      1    400223ec    00000025     
                  400223ec    00000020     boot_arp32.obj (.data)
                  4002240c    00000004     dmautils.lib : dma_resource_allocator.obj (.data)
                  40022410    00000001     evelib_fir_filter_2d_test.obj (.data)

.rodata    1    40022414    00000010     
                  40022414    00000008     dmautils.lib : edma_utils_autoincrement.obj (.rodata)
                  4002241c    00000008     evelib_fir_filter_2d_test.obj (.rodata)

.rts_neardata 
*          1    40022424    0000012d     
                  40022424    00000008     rtsarp32_v200.lib : divf.obj (.const:.string:initial_approx$1)
                  4002242c    00000023                       : _printfi.obj (.const:.string)
                  4002244f    00000001     --HOLE-- [fill = 0]
                  40022450    00000101                       : ctype.obj (.const:.string:_ctypes_)

.cio       1    40022554    00000120     UNINITIALIZED
                  40022554    00000120     rtsarp32_v200.lib : trgmsg.obj (.cio)

.algo_neardata 
*          1    40022674    0000000c     
                  40022674    00000004     libeveapps.eve.lib : eve_algo_dma_auto_incr.obj (.rodata)
                  40022678    00000004                        : evelib_fir_filter_2d.obj (.const:$P$T0$1)
                  4002267c    00000004                        : evelib_fir_filter_2d.obj (.const:$P$T1$2)

.edma_utils_lib_fardata 
*          1    40022680    00000004     
                  40022680    00000004     dmautils.lib : edma_utils.obj (.const:edmaBase)

.wmem      1    40040000    00005b00     UNINITIALIZED
                  40040000    00000008     rtsarp32_v200.lib : vcop_memory.obj (.wmem)
                  40040008    00005af8     --HOLE--

.vcop_parameter_block 
*          1    40045b00    00000134     UNINITIALIZED
                  40045b00    00000134     libevekernels.eve.lib : vcop_filter_kernel.obj (.vcop_parameter_block)

.imemla    1    40050000    00004000     UNINITIALIZED
                  40050000    00000008     rtsarp32_v200.lib : vcop_memory.obj (.imemla)
                  40050008    00003ff8     --HOLE--

.imemha    1    40054000    00004000     UNINITIALIZED
                  40054000    00000008     rtsarp32_v200.lib : vcop_memory.obj (.imemha)
                  40054008    00003ff8     --HOLE--

.imemlb    1    40070000    00004000     UNINITIALIZED
                  40070000    00000008     rtsarp32_v200.lib : vcop_memory.obj (.imemlb)
                  40070008    00003ff8     --HOLE--

.imemhb    1    40074000    00004000     UNINITIALIZED
                  40074000    00000008     rtsarp32_v200.lib : vcop_memory.obj (.imemhb)
                  40074008    00003ff8     --HOLE--

.algo_fardata 
*          1    80030000    00000000     UNINITIALIZED

.starterware_fardata 
*          1    80030000    00000000     UNINITIALIZED

.bam_fardata 
*          1    80030000    00000000     UNINITIALIZED

.far       1    80030000    002b2000     UNINITIALIZED
                  80030000    002b2000     evelib_fir_filter_2d_test.obj (.far)

.sysmem    1    802e2000    00080000     UNINITIALIZED
                  802e2000    00000008     rtsarp32_v200.lib : memory.obj (.sysmem)
                  802e2008    0007fff8     --HOLE--

.rts_fardata 
*          1    80362000    00000418     
                  80362000    000000a0     rtsarp32_v200.lib : defs.obj (.far) [fill = 0]
                  803620a0    0000000c                       : memory.obj (.far) [fill = 0]
                  803620ac    00000008                       : boot.obj (.far) [fill = 0]
                  803620b4    00000008                       : trgdrv.obj (.far) [fill = 0]
                  803620bc    000000f0                       : defs.obj (.fardata:_ftable)
                  803621ac    00000088                       : pow.obj (.fardata:A1$1)
                  80362234    00000078                       : lowlev.obj (.fardata:_device)
                  803622ac    00000064                       : vcop_memory.obj (.fardata:vcop_mem)
                  80362310    00000050                       : lowlev.obj (.fardata:_stream)
                  80362360    00000040                       : pow.obj (.fardata:A2$2)
                  803623a0    00000038                       : pow.obj (.fardata:Q$4)
                  803623d8    00000020                       : pow.obj (.fardata:P$3)
                  803623f8    00000008                       : _lock.obj (.fardata)
                  80362400    00000005                       : vcop_memory.obj (.fardata)
                  80362405    00000003     --HOLE-- [fill = 0]
                  80362408    00000004                       : defs.obj (.fardata)
                  8036240c    00000004                       : errno.obj (.fardata)
                  80362410    00000004                       : memory.obj (.fardata)
                  80362414    00000004                       : rand.obj (.fardata)

.const     1    80362418    000001c6     
                  80362418    000001c6     evelib_fir_filter_2d_test.obj (.const:.string)

.fardata   1    803625de    00000009     
                  803625de    00000009     evelib_fir_filter_2d_test.obj (.fardata:coeff)


SEGMENT ATTRIBUTES

    id tag      seg value
    -- ---      --- -----
     0 PHA_PAGE 3   1    
     1 PHA_PAGE 4   1    
     2 PHA_PAGE 5   1    
     3 PHA_PAGE 6   1    
     4 PHA_PAGE 7   1    
     5 PHA_PAGE 8   1    
     6 PHA_PAGE 9   1    
     7 PHA_PAGE 10  1    
     8 PHA_PAGE 11  1    
     9 PHA_PAGE 12  1    
    10 PHA_PAGE 13  1    
    11 PHA_PAGE 14  1    


GLOBAL SYMBOLS: SORTED ALPHABETICALLY BY Name 

address    name
--------   ----
80006644   C$$EXIT
80006370   C$$IO$$
8000755c   DMA_funcs_hardwareRegSetup
80007d68   DMA_funcs_writeTransferParams
800078d8   DMA_resourceAllocator_allocateResources
80007ee4   DMA_resourceAllocator_initResources
80007f54   DMA_resourceAllocator_setEdma3RmHandle
80007f34   DMA_utils_resetStateStruct
80007c9c   DMA_utils_updateStateStruct
80007f60   EDMA3LLD_SUPPORT_requestResources
80006654   EDMA_UTILS_autoIncrement_configure
80007bb4   EDMA_UTILS_autoIncrement_init
80007a50   EDMA_UTILS_autoIncrement_triggerInChannel
80007720   EDMA_UTILS_autoIncrement_triggerOutChannel
80007e44   EDMA_UTILS_autoIncrement_waitInChannel
80007ddc   EDMA_UTILS_autoIncrement_waitOutChannel
80007e98   EDMA_UTILS_globalReset
8000847c   EVELIB_algoDMAAutoIncrConcurrent
800086a8   EVELIB_algoDMAAutoIncrDeInit
80008228   EVELIB_algoDMAAutoIncrInit
800083a4   EVELIB_algoDMAAutoIncrProcess
800085f4   EVELIB_algoDMAAutoIncrSequential
80008070   EVELIB_firFilter2D
80008540   EVELIB_getBestBlockDimensions
80005a94   HOSTclose
80004cb4   HOSTlseek
800050a8   HOSTopen
8000526c   HOSTread
80004e18   HOSTrename
800058b4   HOSTunlink
800054ac   HOSTwrite
00004000   IMEMH_SIZE
00004000   IMEML_SIZE
80007f10   TEST_PRINTF
00005b00   WMEM_SIZE
40022554   __CIOBUF_
UNDEFED    __TI_CINIT_Base
UNDEFED    __TI_CINIT_Limit
UNDEFED    __TI_Handler_Table_Base
UNDEFED    __TI_Handler_Table_Limit
UNDEFED    __TI_INITARRAY_Base
UNDEFED    __TI_INITARRAY_Limit
40022000   __TI_STACK_END
00002000   __TI_STACK_SIZE
400223ec   __TI_STATIC_BASE
00080000   __TI_SYSMEM_SIZE
00000001   __TI_args_main
00000001   __TI_exit
80006510   __arp32abi_absd
80003680   __arp32abi_addd
800028bc   __arp32abi_addf
800065bc   __arp32abi_addll
8000499c   __arp32abi_cmpd
80006534   __arp32abi_cmplls
80006558   __arp32abi_cmpllu
80005644   __arp32abi_cvtfd
80003108   __arp32abi_divd
8000197c   __arp32abi_divf
800032ec   __arp32abi_divull
800056c4   __arp32abi_fixdi
80005be8   __arp32abi_fltid
80005fc8   __arp32abi_fltif
800063b8   __arp32abi_fltuf
80006258   __arp32abi_frcmpyf_div
80005f10   __arp32abi_isinf
80005e50   __arp32abi_llshl
80006430   __arp32abi_llshru
800034b8   __arp32abi_mpyd
800040e4   __arp32abi_mpyll
800064c0   __arp32abi_negd
80006600   __arp32abi_negll
80004a68   __arp32abi_nround
80006494   __arp32abi_subd
800065d8   __arp32abi_subll
8000657c   __arp32abi_trunc
ffffffff   __binit__
ffffffff   __c_args__
40045bb0   __pblock_vcop_filter_short_short_short
40045b2c   __pblock_vcop_filter_uchar_char_char
40045b58   __pblock_vcop_filter_uchar_char_short
40045b00   __pblock_vcop_filter_uchar_char_uchar
40045c08   __pblock_vcop_filter_ushort_short_int
40045b84   __pblock_vcop_filter_ushort_short_short
40045bdc   __pblock_vcop_filter_ushort_ushort_short
00000000   _algo_fardata_size
0000000c   _algo_neardata_size
00000750   _algo_text_size
80006378   _args_main
80005b08   _auto_init
00000000   _bam_fardata_size
00000000   _bam_neardata_size
00000000   _bam_text_size
80005c50   _c_int00
8000611c   _cleanup
803620ac   _cleanup_ptr
80005740   _closefile
40022450   _ctypes_
80005eb0   _doflush
803620b0   _dtors_ptr
80000120   _dummy_handler
80003f84   _frcaddd
80002f08   _frcdivd
8000423c   _frcmpyd
80362408   _ft_end
803620bc   _ftable
40054000   _imemha_memory
40074000   _imemhb_memory
40050000   _imemla_memory
40070000   _imemlb_memory
803623f8   _lock
800064e8   _mpyl
400223ec   _my_stack
8000664c   _nop
80002690   _printfi
80006074   _renormd
80000100   _reset_handler
00000418   _rts_fardata_size
0000012d   _rts_neardata_size
00005554   _rts_text_size
40020000   _stack
00000000   _starterware_fardata_size
00000000   _starterware_neardata_size
00000000   _starterware_text_size
802e2000   _sys_memory
80006650   _system_pre_init
00001910   _text_size
80362000   _tmpnams
803623fc   _unlock
80000000   _vec_table
40040000   _wmem_memory
8000538c   _wrt_ok
80006644   abort
800057bc   atoi
ffffffff   binit
80005538   close
803625de   coeff
40022680   edmaBase
8036240c   errno
800060c8   exit
80005838   fflush
80006c94   filter_uchar_cn
800047d8   fputc
80003b40   fputs
800065ec   free
80003cb0   frexp
8000541c   fseek
40022000   gAutoIncrementContext
4002238c   gDmaUtilsStateStruct
80030000   input
800039c4   ldexp
80005cb8   lseek
80005dec   ltoa
8000716c   main
8000620c   malloc
80004b34   mem_alloc
800051d8   mem_free
8000659c   memccpy
800048c0   memcpy
80004ec4   memset
80005a1c   minit
80004d68   modf
80116000   output
80001100   pow
800061bc   rand
800062a0   readmsg
801fc000   refOutput
80006638   remove
40022410   rndShift
800044b8   setvbuf
80006464   srand
800062e8   unlink
80007f64   vcop_filter_uchar_char_uchar_init
80008044   vcop_filter_uchar_char_uchar_vloops
80005140   vcop_free
80006610   vcop_malloc
80003e1c   vcop_memalign
80005f6c   vcop_minit
80005b78   vfprintf
80005d20   write
80006330   writemsg


GLOBAL SYMBOLS: SORTED BY Symbol Address 

address    name
--------   ----
00000000   _algo_fardata_size
00000000   _bam_fardata_size
00000000   _bam_neardata_size
00000000   _bam_text_size
00000000   _starterware_fardata_size
00000000   _starterware_neardata_size
00000000   _starterware_text_size
00000001   __TI_args_main
00000001   __TI_exit
0000000c   _algo_neardata_size
0000012d   _rts_neardata_size
00000418   _rts_fardata_size
00000750   _algo_text_size
00001910   _text_size
00002000   __TI_STACK_SIZE
00004000   IMEMH_SIZE
00004000   IMEML_SIZE
00005554   _rts_text_size
00005b00   WMEM_SIZE
00080000   __TI_SYSMEM_SIZE
40020000   _stack
40022000   __TI_STACK_END
40022000   gAutoIncrementContext
4002238c   gDmaUtilsStateStruct
400223ec   __TI_STATIC_BASE
400223ec   _my_stack
40022410   rndShift
40022450   _ctypes_
40022554   __CIOBUF_
40022680   edmaBase
40040000   _wmem_memory
40045b00   __pblock_vcop_filter_uchar_char_uchar
40045b2c   __pblock_vcop_filter_uchar_char_char
40045b58   __pblock_vcop_filter_uchar_char_short
40045b84   __pblock_vcop_filter_ushort_short_short
40045bb0   __pblock_vcop_filter_short_short_short
40045bdc   __pblock_vcop_filter_ushort_ushort_short
40045c08   __pblock_vcop_filter_ushort_short_int
40050000   _imemla_memory
40054000   _imemha_memory
40070000   _imemlb_memory
40074000   _imemhb_memory
80000000   _vec_table
80000100   _reset_handler
80000120   _dummy_handler
80001100   pow
8000197c   __arp32abi_divf
80002690   _printfi
800028bc   __arp32abi_addf
80002f08   _frcdivd
80003108   __arp32abi_divd
800032ec   __arp32abi_divull
800034b8   __arp32abi_mpyd
80003680   __arp32abi_addd
800039c4   ldexp
80003b40   fputs
80003cb0   frexp
80003e1c   vcop_memalign
80003f84   _frcaddd
800040e4   __arp32abi_mpyll
8000423c   _frcmpyd
800044b8   setvbuf
800047d8   fputc
800048c0   memcpy
8000499c   __arp32abi_cmpd
80004a68   __arp32abi_nround
80004b34   mem_alloc
80004cb4   HOSTlseek
80004d68   modf
80004e18   HOSTrename
80004ec4   memset
800050a8   HOSTopen
80005140   vcop_free
800051d8   mem_free
8000526c   HOSTread
8000538c   _wrt_ok
8000541c   fseek
800054ac   HOSTwrite
80005538   close
80005644   __arp32abi_cvtfd
800056c4   __arp32abi_fixdi
80005740   _closefile
800057bc   atoi
80005838   fflush
800058b4   HOSTunlink
80005a1c   minit
80005a94   HOSTclose
80005b08   _auto_init
80005b78   vfprintf
80005be8   __arp32abi_fltid
80005c50   _c_int00
80005cb8   lseek
80005d20   write
80005dec   ltoa
80005e50   __arp32abi_llshl
80005eb0   _doflush
80005f10   __arp32abi_isinf
80005f6c   vcop_minit
80005fc8   __arp32abi_fltif
80006074   _renormd
800060c8   exit
8000611c   _cleanup
800061bc   rand
8000620c   malloc
80006258   __arp32abi_frcmpyf_div
800062a0   readmsg
800062e8   unlink
80006330   writemsg
80006370   C$$IO$$
80006378   _args_main
800063b8   __arp32abi_fltuf
80006430   __arp32abi_llshru
80006464   srand
80006494   __arp32abi_subd
800064c0   __arp32abi_negd
800064e8   _mpyl
80006510   __arp32abi_absd
80006534   __arp32abi_cmplls
80006558   __arp32abi_cmpllu
8000657c   __arp32abi_trunc
8000659c   memccpy
800065bc   __arp32abi_addll
800065d8   __arp32abi_subll
800065ec   free
80006600   __arp32abi_negll
80006610   vcop_malloc
80006638   remove
80006644   C$$EXIT
80006644   abort
8000664c   _nop
80006650   _system_pre_init
80006654   EDMA_UTILS_autoIncrement_configure
80006c94   filter_uchar_cn
8000716c   main
8000755c   DMA_funcs_hardwareRegSetup
80007720   EDMA_UTILS_autoIncrement_triggerOutChannel
800078d8   DMA_resourceAllocator_allocateResources
80007a50   EDMA_UTILS_autoIncrement_triggerInChannel
80007bb4   EDMA_UTILS_autoIncrement_init
80007c9c   DMA_utils_updateStateStruct
80007d68   DMA_funcs_writeTransferParams
80007ddc   EDMA_UTILS_autoIncrement_waitOutChannel
80007e44   EDMA_UTILS_autoIncrement_waitInChannel
80007e98   EDMA_UTILS_globalReset
80007ee4   DMA_resourceAllocator_initResources
80007f10   TEST_PRINTF
80007f34   DMA_utils_resetStateStruct
80007f54   DMA_resourceAllocator_setEdma3RmHandle
80007f60   EDMA3LLD_SUPPORT_requestResources
80007f64   vcop_filter_uchar_char_uchar_init
80008044   vcop_filter_uchar_char_uchar_vloops
80008070   EVELIB_firFilter2D
80008228   EVELIB_algoDMAAutoIncrInit
800083a4   EVELIB_algoDMAAutoIncrProcess
8000847c   EVELIB_algoDMAAutoIncrConcurrent
80008540   EVELIB_getBestBlockDimensions
800085f4   EVELIB_algoDMAAutoIncrSequential
800086a8   EVELIB_algoDMAAutoIncrDeInit
80030000   input
80116000   output
801fc000   refOutput
802e2000   _sys_memory
80362000   _tmpnams
803620ac   _cleanup_ptr
803620b0   _dtors_ptr
803620bc   _ftable
803623f8   _lock
803623fc   _unlock
80362408   _ft_end
8036240c   errno
803625de   coeff
ffffffff   __binit__
ffffffff   __c_args__
ffffffff   binit
UNDEFED    __TI_CINIT_Base
UNDEFED    __TI_CINIT_Limit
UNDEFED    __TI_Handler_Table_Base
UNDEFED    __TI_Handler_Table_Limit
UNDEFED    __TI_INITARRAY_Base
UNDEFED    __TI_INITARRAY_Limit

[180 symbols]
