******************************************************************************
                   ARP32 Linker PC v1.0.7                      
******************************************************************************
>> Linked Mon Jun 25 22:15:13 2018

OUTPUT FILE NAME:   <.\elf_out\test_eveClahe.eve.out>
ENTRY POINT SYMBOL: "_reset_handler"  address: 80000100


MEMORY CONFIGURATION

         name            origin    length      used     unused   attr    fill
----------------------  --------  ---------  --------  --------  ----  --------
PAGE 0:
  VECMEM                80000000   00000100  00000050  000000b0  RWIX
  CMDMEM                80000100   00001000  00000028  00000fd8  RWIX
  EXTMEM                80001100   00020000  0000e6c0  00011940  RWIX

PAGE 1:
  DATMEM                40020000   00008000  00007f0c  000000f4  RWIX
  WMEM                  40040000   00007fe0  00000000  00007fe0  RWIX
  IMEMLA                40050000   00004000  00000000  00004000  RWIX
  IMEMHA                40054000   00004000  00000000  00004000  RWIX
  IMEMLB                40070000   00004000  00000000  00004000  RWIX
  IMEMHB                40074000   00004000  00000000  00004000  RWIX
  L3MEM                 40300000   00100000  00000000  00100000  RWIX
  GEM0_L2_MEM           40800000   00008000  00000000  00008000  RWIX
  EXTDMEM               80030000   02000000  01803c1b  007fc3e5  RWIX


SECTION ALLOCATION MAP

 output                                  attributes/
section   page    origin      length       input sections
--------  ----  ----------  ----------   ----------------
.cinit     1    40020000    00000000     UNINITIALIZED

.init_array 
*          1    40020000    00000000     UNINITIALIZED

.intvecs   0    80000000    00000028     
                  80000000    00000028     boot_arp32.obj (.intvecs)

.imemha    0    80000028    00000008     UNINITIALIZED
                  80000028    00000008     rtsarp32_v200.lib : vcop_memory.obj (.imemha)

.imemhb    0    80000030    00000008     UNINITIALIZED
                  80000030    00000008     rtsarp32_v200.lib : vcop_memory.obj (.imemhb)

.imemla    0    80000038    00000008     UNINITIALIZED
                  80000038    00000008     rtsarp32_v200.lib : vcop_memory.obj (.imemla)

.imemlb    0    80000040    00000008     UNINITIALIZED
                  80000040    00000008     rtsarp32_v200.lib : vcop_memory.obj (.imemlb)

.wmem      0    80000048    00000008     UNINITIALIZED
                  80000048    00000008     rtsarp32_v200.lib : vcop_memory.obj (.wmem)

.inthandler 
*          0    80000100    00000028     
                  80000100    00000028     boot_arp32.obj (.inthandler)

.text      0    80001100    0000e6c0     
                  80001100    00000d8c     ti_stats_collector.obj (.text:statCollectorControl)
                  80001e8c    00000820     algframework.lib : bam_construct_int.obj (.text:BAM_initGraph)
                  800026ac    00000770                      : bam_construct_int.obj (.text:BAM_autoAllocMemRec)
                  80002e1c    00000574                      : bam_execute.obj (.text:BAM_execute)
                  80003390    00000574     clahe_tb.obj (.text:test_clahe_ref_fp)
                  80003904    00000548     clahe_tb.obj (.text:test_clahe_ivision)
                  80003e4c    000004f8     rtsarp32_v200.lib : _scanfi.obj (.text:_scanfi)
                  80004344    0000047c     algframework.lib : bam_construct_int.obj (.text:BAM_finaliseGraph)
                  800047c0    00000414                      : bam_construct_int.obj (.text:BAM_optimizeGraph)
                  80004bd4    000003e8     configparser.obj (.text:ParseContent)
                  80004fbc    000003a0     rtsarp32_v200.lib : strtod.obj (.text:strtod)
                  8000535c    0000039c                       : strtold.obj (.text:strtold)
                  800056f8    00000378     algframework.lib : bam_construct_int.obj (.text:BAM_getMemRec)
                  80005a70    00000308     configparser.obj (.text:printparams)
                  80005d78    000002d8     rtsarp32_v200.lib : strtoll.obj (.text:strtoll)
                  80006050    000002a0                       : _printfi.obj (.text:_setfield)
                  800062f0    00000268                       : _scanfi.obj (.text:_sproc_int)
                  80006558    00000260                       : _scanfi.obj (.text:_sset_arg)
                  800067b8    0000025c                       : _printfi.obj (.text:_pproc_fge)
                  80006a14    0000025c                       : _printfi.obj (.text:ecvt)
                  80006c70    00000258                       : _printfi.obj (.text:fcvt)
                  80006ec8    0000024c                       : strtoull.obj (.text:strtoull)
                  80007114    00000234     eve_profile.obj (.text:profiler_end)
                  80007348    0000022c     rtsarp32_v200.lib : _printfi.obj (.text:_printfi)
                  80007574    00000228     libevekernels.eve.lib : bam_vcop_clahe_process_exec_funcs.obj (.text:BAM_claheInterpolate_initFrame)
                  8000779c    00000220     rtsarp32_v200.lib : _printfi.obj (.text:_pconv_e)
                  800079bc    0000021c                       : fwrite.obj (.text:fwrite)
                  80007bd8    00000218     libeveClahe.eve.lib : bam_dma_custom_clahe_node.obj (.text:BAM_DMA_clahe_waitInChannel)
                  80007df0    00000208     rtsarp32_v200.lib : _printfi.obj (.text:_getarg_diouxp)
                  80007ff8    00000200                       : frcdivd.obj (.text:_frcdivd)
                  800081f8    000001e4                       : divd.obj (.text:__arp32abi_divd)
                  800083dc    000001d0     clahe_tb.obj (.text:main)
                  800085ac    000001cc     algframework.lib : bam_construct.obj (.text:BAM_createGraph)
                  80008778    000001cc     rtsarp32_v200.lib : imath64.obj (.text:__arp32abi_divull)
                  80008944    000001cc                       : strtol.obj (.text:strtol)
                  80008b10    000001c8                       : mpyd.obj (.text:__arp32abi_mpyd)
                  80008cd8    000001c8                       : fgets.obj (.text:_dofgets)
                  80008ea0    000001c4     dmautils.lib : dma_funcs.obj (.text:DMA_funcs_hardwareRegSetup)
                  80009064    000001b8     rtsarp32_v200.lib : addd.obj (.text:__arp32abi_addd)
                  8000921c    000001a0                       : strtoul.obj (.text:strtoul)
                  800093bc    0000019c     libevekernels.eve.lib : vcop_clahe_process_kernel.obj (.text:clahe_look_up_and_interpolate_kernel_init)
                  80009558    00000190     dmautils.lib : edma_utils_scatterGather.obj (.text:EDMA_UTILS_scattherGather_init)
                  800096e8    0000018c     rtsarp32_v200.lib : _printfi.obj (.text:_pproc_diouxp)
                  80009874    00000184     algframework.lib : bam_memory.obj (.text:bam_mem_alloc)
                  800099f8    00000178     dmautils.lib : dma_resource_allocator.obj (.text:DMA_resourceAllocator_allocateResources)
                  80009b70    00000170     rtsarp32_v200.lib : fputs.obj (.text:fputs)
                  80009ce0    00000160     libeveClahe.eve.lib : clahe_graph.obj (.text:CLAHE_TI_graphCreate)
                  80009e40    00000160                         : clahe_ti_alg.obj (.text:CLAHE_TI_process)
                  80009fa0    00000160     rtsarp32_v200.lib : frcaddd.obj (.text:_frcaddd)
                  8000a100    0000015c                       : _scanfi.obj (.text:_sproc_float)
                  8000a25c    00000158     algframework.lib : bam_construct_int.obj (.text:BAM_updateNodes)
                  8000a3b4    00000158     rtsarp32_v200.lib : llmpy.obj (.text:__arp32abi_mpyll)
                  8000a50c    00000144                       : fread.obj (.text:fread)
                  8000a650    00000140                       : frcmpyd.obj (.text:_frcmpyd)
                  8000a790    00000140                       : _scanfi.obj (.text:_sget_conv)
                  8000a8d0    0000013c     libeveClahe.eve.lib : bam_dma_custom_clahe_node.obj (.text:BAM_DMA_clahe_frameInitInChannel)
                  8000aa0c    0000013c     rtsarp32_v200.lib : _printfi.obj (.text:_pproc_fwp)
                  8000ab48    00000138     algframework.lib : bam_execute.obj (.text:BAM_process)
                  8000ac80    00000138                      : bam_memory.obj (.text:bam_getMemPacket)
                  8000adb8    0000012c     rtsarp32_v200.lib : fopen.obj (.text:_openfile)
                  8000aee4    00000128     libeveClahe.eve.lib : bam_dma_custom_clahe_node.obj (.text:BAM_DMA_clahe_waitOutChannel)
                  8000b00c    00000120     algframework.lib : bam_construct_int.obj (.text:BAM_setNodeMemRec)
                  8000b12c    00000118     rtsarp32_v200.lib : setvbuf.obj (.text:setvbuf)
                  8000b244    00000114                       : _printfi.obj (.text:_pconv_g)
                  8000b358    00000110     algframework.lib : bam_construct_int.obj (.text:BAM_fillKernelInfo)
                  8000b468    0000010c                      : bam_construct_int.obj (.text:BAM_getGraphMemSize)
                  8000b574    000000fc     libevekernels.eve.lib : vcop_clahe_generate_lut_kernel.obj (.text:vcop_clahe_clip_hist_init)
                  8000b670    000000f4     rtsarp32_v200.lib : _printfi.obj (.text:_pproc_str)
                  8000b764    000000f0     libeveClahe.eve.lib : bam_dma_custom_clahe_node.obj (.text:BAM_DMA_clahe_frameInitOutChannel)
                  8000b854    000000ec     rtsarp32_v200.lib : lowlev.obj (.text:open)
                  8000b940    000000e8                       : fputc.obj (.text:fputc)
                  8000ba28    000000dc                       : memcpy.obj (.text:memcpy)
                  8000bb04    000000d8     configparser.obj (.text:readparamfile)
                  8000bbdc    000000d0     libevekernels.eve.lib : bam_vcop_clahe_gen_lut_exec_funcs.obj (.text:BAM_gen_lut_initFrame)
                  8000bcac    000000cc     rtsarp32_v200.lib : cmpd.obj (.text:__arp32abi_cmpd)
                  8000bd78    000000cc     algframework.lib : bam_memory.obj (.text:bam_mem_free)
                  8000be44    000000c4     rtsarp32_v200.lib : memory.obj (.text:mem_alloc)
                  8000bf08    000000c4     eve_profile.obj (.text:profiler_init)
                  8000bfcc    000000bc     libevekernels.eve.lib : bam_vcop_clahe_process_helper_funcs.obj (.text:BAM_claheInterpolate_getMemRecFunc)
                  8000c088    000000bc     libeveClahe.eve.lib : clahe_ti_alg.obj (.text:CLAHE_TI_alloc)
                  8000c144    000000bc     rtsarp32_v200.lib : _printfi.obj (.text:_ltostr)
                  8000c200    000000bc                       : _scanfi.obj (.text:_sproc_str)
                  8000c2bc    000000b8     libevekernels.eve.lib : vcop_clahe_generate_lut_kernel.obj (.text:vcop_clahe_generate_lut_init)
                  8000c374    000000b4     algframework.lib : bam_execute.obj (.text:BAM_activateGraph)
                  8000c428    000000b4     rtsarp32_v200.lib : trgdrv.obj (.text:HOSTlseek)
                  8000c4dc    000000b4                       : _scanfi.obj (.text:_sproc_lb)
                  8000c590    000000ac     algframework.lib : bam_construct_int.obj (.text:BAM_copyIntMemRec2ExtMem)
                  8000c63c    000000ac     rtsarp32_v200.lib : trgdrv.obj (.text:HOSTrename)
                  8000c6e8    000000a8                       : fopen.obj (.text:_search_fp)
                  8000c790    000000a8                       : memset.obj (.text:memset)
                  8000c838    000000a0     libevekernels.eve.lib : bam_vcop_clahe_gen_lut_helper_funcs.obj (.text:BAM_gen_lut_getMemRecFunc)
                  8000c8d8    000000a0     libeveClahe.eve.lib : clahe_ti_alg.obj (.text:CLAHE_TI_init)
                  8000c978    000000a0     algframework.lib : bam_memory.obj (.text:bam_minit)
                  8000ca18    000000a0     rtsarp32_v200.lib : lowlev.obj (.text:getdevice)
                  8000cab8    0000009c     libeveClahe.eve.lib : bam_dma_custom_clahe_node.obj (.text:BAM_DMA_clahe_dmaReadGetMemRecFunc)
                  8000cb54    0000009c     rtsarp32_v200.lib : _bufread.obj (.text:_buff_read)
                  8000cbf0    0000009c                       : _printfi.obj (.text:_mcpy)
                  8000cc8c    00000098     algframework.lib : bam_execute.obj (.text:BAM_ARP32_computeWrapper)
                  8000cd24    00000098     dmautils.lib : edma_utils_memcpy.obj (.text:EDMA_UTILS_memcpy2D)
                  8000cdbc    00000098     rtsarp32_v200.lib : trgdrv.obj (.text:HOSTopen)
                  8000ce54    00000094                       : sscanf.obj (.text:_chkmbc)
                  8000cee8    00000094                       : memory.obj (.text:mem_free)
                  8000cf7c    00000090                       : trgdrv.obj (.text:HOSTread)
                  8000d00c    00000090                       : cvtdf.obj (.text:__arp32abi_cvtdf)
                  8000d09c    00000090                       : _printfi.obj (.text:_pproc_fflags)
                  8000d12c    00000090                       : _io_perm.obj (.text:_wrt_ok)
                  8000d1bc    00000090     algframework.lib : bam_memory.obj (.text:bam_releaseMemPacket)
                  8000d24c    00000090     rtsarp32_v200.lib : fseek.obj (.text:fseek)
                  8000d2dc    00000090                       : ftell.obj (.text:ftell)
                  8000d36c    00000090     libevekernels.eve.lib : vcop_clahe_generate_lut_kernel.obj (.text:vcop_clahe_clip_hist_vloops)
                  8000d3fc    0000008c     algframework.lib : bam_construct_int.obj (.text:BAM_copyNodeList)
                  8000d488    0000008c     rtsarp32_v200.lib : trgdrv.obj (.text:HOSTwrite)
                  8000d514    00000088                       : lowlev.obj (.text:close)
                  8000d59c    00000084                       : _printfi.obj (.text:_ecpy)
                  8000d620    00000084     libevekernels.eve.lib : vcop_clahe_process_kernel.obj (.text:clahe_look_up_and_interpolate_kernel_vloops)
                  8000d6a4    00000080     rtsarp32_v200.lib : cvtfd.obj (.text:__arp32abi_cvtfd)
                  8000d724    00000080                       : _scanfi.obj (.text:_sget_scanset)
                  8000d7a4    00000080                       : printf.obj (.text:printf)
                  8000d824    0000007c                       : fixdi.obj (.text:__arp32abi_fixdi)
                  8000d8a0    0000007c                       : fclose.obj (.text:_closefile)
                  8000d91c    0000007c                       : atoi.obj (.text:atoi)
                  8000d998    0000007c                       : fflush.obj (.text:fflush)
                  8000da14    0000007c     libevekernels.eve.lib : vcop_clahe_generate_lut_kernel.obj (.text:vcop_clahe_histogram_8c_word_sum_init)
                  8000da90    00000078     rtsarp32_v200.lib : trgdrv.obj (.text:HOSTunlink)
                  8000db08    00000078                       : _printfi.obj (.text:_div)
                  8000db80    00000078                       : _printfi.obj (.text:_pconv_f)
                  8000dbf8    00000078                       : memory.obj (.text:minit)
                  8000dc70    00000074     algframework.lib : bam_execute.obj (.text:BAM_initGraphInstance)
                  8000dce4    00000074     dmautils.lib : dma_funcs.obj (.text:DMA_funcs_writeTransferParams)
                  8000dd58    00000074     rtsarp32_v200.lib : trgdrv.obj (.text:HOSTclose)
                  8000ddcc    00000074                       : fprintf.obj (.text:fprintf)
                  8000de40    00000070                       : autoinit.obj (.text:_auto_init)
                  8000deb0    00000070     ti_stats_collector.obj (.text:statCollectorInit)
                  8000df20    00000070     rtsarp32_v200.lib : vfprintf.obj (.text:vfprintf)
                  8000df90    0000006c                       : _io_perm.obj (.text:_rd_ok)
                  8000dffc    0000006c     eve_profile.obj (.text:profiler_getStackDepth)
                  8000e068    00000068     libevekernels.eve.lib : bam_vcop_clahe_gen_lut_exec_funcs.obj (.text:BAM_gen_lut_compute)
                  8000e0d0    00000068     rtsarp32_v200.lib : fltid.obj (.text:__arp32abi_fltid)
                  8000e138    00000068                       : boot.obj (.text:_c_int00)
                  8000e1a0    00000068     algframework.lib : bam_memory.obj (.text:bam_mcheck)
                  8000e208    00000068     rtsarp32_v200.lib : lowlev.obj (.text:lseek)
                  8000e270    00000068                       : lowlev.obj (.text:read)
                  8000e2d8    00000068                       : lowlev.obj (.text:write)
                  8000e340    00000064     algframework.lib : bam_execute.obj (.text:BAM_DSP_computeWrapper)
                  8000e3a4    00000064     rtsarp32_v200.lib : imath64.obj (.text:_subcull)
                  8000e408    00000064                       : ltoa.obj (.text:ltoa)
                  8000e46c    00000060     libeveClahe.eve.lib : bam_dma_custom_clahe_node.obj (.text:BAM_DMA_clahe_triggerOutChannel)
                  8000e4cc    00000060     rtsarp32_v200.lib : llshift.obj (.text:__arp32abi_llshl)
                  8000e52c    00000060                       : fflush.obj (.text:_doflush)
                  8000e58c    0000005c     libeveClahe.eve.lib : clahe_ti_alg.obj (.text:CLAHE_TI_activate)
                  8000e5e8    0000005c     rtsarp32_v200.lib : isinf.obj (.text:__arp32abi_isinf)
                  8000e644    0000005c                       : lowlev.obj (.text:tabinit)
                  8000e6a0    0000005c     libevekernels.eve.lib : vcop_clahe_generate_lut_kernel.obj (.text:vcop_clahe_generate_lut_vloops)
                  8000e6fc    0000005c     rtsarp32_v200.lib : vcop_memory.obj (.text:vcop_minit)
                  8000e758    00000058     ti_mem_manager.obj (.text:TI_GetMemoryChunk)
                  8000e7b0    00000058     libevekernels.eve.lib : vcop_clahe_generate_lut_kernel.obj (.text:vcop_clahe_histogram_8c_word_init)
                  8000e808    00000054     algframework.lib : bam_execute.obj (.text:BAM_controlNode)
                  8000e85c    00000054     libeveClahe.eve.lib : clahe_graph.obj (.text:CLAHE_initArgs)
                  8000e8b0    00000054     rtsarp32_v200.lib : _printfi.obj (.text:_fcpy)
                  8000e904    00000054                       : renormd.obj (.text:_renormd)
                  8000e958    00000054                       : exit.obj (.text:exit)
                  8000e9ac    00000050     libeveClahe.eve.lib : clahe_ti_alg.obj (.text:CLAHE_TI_deactivate)
                  8000e9fc    00000050     rtsarp32_v200.lib : fopen.obj (.text:_cleanup)
                  8000ea4c    00000050                       : lowlev.obj (.text:finddevice)
                  8000ea9c    00000050     eve_profile.obj (.text:profiler_testCaseInfo)
                  8000eaec    0000004c     algframework.lib : bam_construct.obj (.text:BAM_initKernelDB)
                  8000eb38    0000004c     dmautils.lib : edma_utils.obj (.text:EDMA_UTILS_globalReset)
                  8000eb84    0000004c     rtsarp32_v200.lib : memory.obj (.text:malloc)
                  8000ebd0    00000048     libevekernels.eve.lib : bam_vcop_clahe_process_exec_funcs.obj (.text:BAM_claheInterpolate_compute)
                  8000ec18    00000048     libevestarterware_eve.lib : sctm.obj (.text:EVE_SCTM_CounterConfig)
                  8000ec60    00000048     eve_profile.obj (.text:profiler_start)
                  8000eca8    00000048     rtsarp32_v200.lib : trgmsg.obj (.text:readmsg)
                  8000ecf0    00000048                       : lowlev.obj (.text:unlink)
                  8000ed38    00000048                       : trgmsg.obj (.text:writemsg)
                  8000ed80    00000044     dmautils.lib : edma_utils_memcpy.obj (.text:EDMA_UTILS_memcpy2D_init)
                  8000edc4    00000040     rtsarp32_v200.lib : args_main.obj (.text:_args_main)
                  8000ee04    0000003c                       : _printfi.obj (.text:__arp32abi_isnan)
                  8000ee40    0000003c                       : strasgi_c.obj (.text:__arp32abi_strasgi)
                  8000ee7c    0000003c                       : fopen.obj (.text:fopen)
                  8000eeb8    0000003c                       : vsprintf.obj (.text:vsprintf)
                  8000eef4    00000038     algframework.lib : bam_construct_int.obj (.text:BAM_getMemPacket)
                  8000ef2c    00000038     dmautils.lib : edma_utils_scatterGather.obj (.text:EDMA_UTILS_scattherGather_updateDstNtrigger)
                  8000ef64    00000038                  : edma_utils_scatterGather.obj (.text:EDMA_UTILS_scattherGather_updateSrcNtrigger)
                  8000ef9c    00000038     rtsarp32_v200.lib : assert.obj (.text:__arp32abi_abort_msg)
                  8000efd4    00000038                       : imath64.obj (.text:__arp32abi_remull)
                  8000f00c    00000038     eve_profile.obj (.text:profiler_printStatus)
                  8000f044    00000038     rtsarp32_v200.lib : sscanf.obj (.text:sscanf)
                  8000f07c    00000038     libevekernels.eve.lib : vcop_clahe_generate_lut_kernel.obj (.text:vcop_clahe_histogram_8c_word_sum_vloops)
                  8000f0b4    00000034     rtsarp32_v200.lib : llshift.obj (.text:__arp32abi_llshru)
                  8000f0e8    00000034     libevekernels.eve.lib : vcop_clahe_process_kernel.obj (.text:clahe_make_8way_look_up_kernel_init)
                  8000f11c    00000034                           : vcop_clahe_generate_lut_kernel.obj (.text:vcop_clahe_memset_init)
                  8000f150    00000030     rtsarp32_v200.lib : fclose.obj (.text:fclose)
                  8000f180    00000030     eve_profile.obj (.text:profiler_initStack)
                  8000f1b0    0000002c     libeveClahe.eve.lib : bam_dma_custom_clahe_node.obj (.text:BAM_Clahe_dmaWriteSetMemRecFunc)
                  8000f1dc    0000002c                         : bam_dma_custom_clahe_node.obj (.text:BAM_DMA_clahe_triggerInChannel)
                  8000f208    0000002c     algframework.lib : bam_utils.obj (.text:BAM_printf)
                  8000f234    0000002c     dmautils.lib : dma_resource_allocator.obj (.text:DMA_resourceAllocator_initResources)
                  8000f260    0000002c     libevestarterware_eve.lib : sctm.obj (.text:EVE_SCTM_CounterTimerEnable)
                  8000f28c    0000002c                               : sctm.obj (.text:EVE_SCTM_InpEvtSelect)
                  8000f2b8    0000002c                               : sctm.obj (.text:EVE_SCTM_SamplingSelect)
                  8000f2e4    0000002c     rtsarp32_v200.lib : subd.obj (.text:__arp32abi_subd)
                  8000f310    00000028                       : negd.obj (.text:__arp32abi_negd)
                  8000f338    00000028                       : mult.obj (.text:_mpyl)
                  8000f360    00000028     libevekernels.eve.lib : vcop_clahe_generate_lut_kernel.obj (.text:vcop_clahe_histogram_8c_word_vloops)
                  8000f388    00000024     libeveClahe.eve.lib : bam_dma_custom_clahe_node.obj (.text:BAM_DMA_clahe_dmaReadSetMemRecFunc)
                  8000f3ac    00000024                         : clahe_graph.obj (.text:CLAHE_TI_dmaControl)
                  8000f3d0    00000024     eve_profile.obj (.text:TEST_PRINTF)
                  8000f3f4    00000024     rtsarp32_v200.lib : llcmp.obj (.text:__arp32abi_cmplls)
                  8000f418    00000024                       : llcmp.obj (.text:__arp32abi_cmpllu)
                  8000f43c    00000020     libeveClahe.eve.lib : clahe_graph.obj (.text:CLAHE_TI_execute)
                  8000f45c    00000020     dmautils.lib : edma_utils_state.obj (.text:DMA_utils_resetStateStruct)
                  8000f47c    00000020                  : edma_utils_scatterGather.obj (.text:EDMA_UTILS_scattherGather_wait)
                  8000f49c    00000020     rtsarp32_v200.lib : memccpy.obj (.text:memccpy)
                  8000f4bc    00000020     report_utils.obj (.text:report_printAppletInfo)
                  8000f4dc    0000001c     libeveClahe.eve.lib : bam_dma_custom_clahe_node.obj (.text:BAM_DMA_clahe_dmaReadUpdateDDRptr)
                  8000f4f8    0000001c                         : bam_dma_custom_clahe_node.obj (.text:BAM_DMA_clahe_dmaWriteUpdateDDRptr)
                  8000f514    0000001c                         : clahe_graph.obj (.text:CLAHE_TI_getGraphMemReq)
                  8000f530    0000001c                         : clahe_graph.obj (.text:CLAHE_TI_kernelControl)
                  8000f54c    0000001c     rtsarp32_v200.lib : lladdsub.obj (.text:__arp32abi_addll)
                  8000f568    0000001c                       : vsprintf.obj (.text:_outs)
                  8000f584    0000001c     libevekernels.eve.lib : vcop_clahe_process_kernel.obj (.text:clahe_make_8way_look_up_kernel_vloops)
                  8000f5a0    00000018     libeveClahe.eve.lib : clahe_ti_alg.obj (.text:CLAHE_TI_free)
                  8000f5b8    00000018     libevestarterware_eve.lib : sctm.obj (.text:EVE_SCTM_CounterRead)
                  8000f5d0    00000018                               : sctm.obj (.text:EVE_SCTM_OverflowCheck)
                  8000f5e8    00000018     algframework.lib : bam_execute.obj (.text:VCOP_SET_MEM_VIEW)
                  8000f600    00000018     rtsarp32_v200.lib : fgets.obj (.text:fgets)
                  8000f618    00000018     eve_profile.obj (.text:profiler_getSP)
                  8000f630    00000018     libevekernels.eve.lib : vcop_clahe_generate_lut_kernel.obj (.text:vcop_clahe_memset_vloops)
                  8000f648    00000014     libevestarterware_eve.lib : sctm.obj (.text:EVE_SCTM_Enable)
                  8000f65c    00000014     rtsarp32_v200.lib : lladdsub.obj (.text:__arp32abi_subll)
                  8000f670    00000014                       : memory.obj (.text:free)
                  8000f684    00000010     libeveClahe.eve.lib : bam_dma_custom_clahe_node.obj (.text:BAM_Clahe_dmaWriteGetMemRecFunc)
                  8000f694    00000010     libevekernels.eve.lib : bam_vcop_clahe_gen_lut_exec_funcs.obj (.text:BAM_gen_lut_control)
                  8000f6a4    00000010     dmautils.lib : edma_utils_scatterGather.obj (.text:EDMA_UTILS_scattherGather_configure)
                  8000f6b4    00000010     rtsarp32_v200.lib : lladdsub.obj (.text:__arp32abi_negll)
                  8000f6c4    00000010                       : sscanf.obj (.text:_inpchar)
                  8000f6d4    00000010                       : vsprintf.obj (.text:_outc)
                  8000f6e4    00000010     eve_profile.obj (.text:profiler_end_print)
                  8000f6f4    0000000c     dmautils.lib : dma_resource_allocator.obj (.text:DMA_resourceAllocator_setEdma3RmHandle)
                  8000f700    0000000c     ti_mem_manager.obj (.text:TI_CreateMemoryHandle)
                  8000f70c    0000000c     ti_mem_manager.obj (.text:TI_ResetMemoryHandle)
                  8000f718    0000000c     rtsarp32_v200.lib : fprintf.obj (.text:_outc)
                  8000f724    0000000c                       : printf.obj (.text:_outc)
                  8000f730    0000000c                       : vfprintf.obj (.text:_outc)
                  8000f73c    0000000c                       : fprintf.obj (.text:_outs)
                  8000f748    0000000c                       : printf.obj (.text:_outs)
                  8000f754    0000000c                       : vfprintf.obj (.text:_outs)
                  8000f760    0000000c                       : sscanf.obj (.text:_uninpchar)
                  8000f76c    0000000c                       : remove.obj (.text:remove)
                  8000f778    00000008                       : exit.obj (.text:abort)
                  8000f780    00000008     libevekernels.eve.lib : vcop_clahe_process_kernel.obj (.text:clahe_look_up_and_interpolate_kernel_param_count)
                  8000f788    00000008                           : vcop_clahe_generate_lut_kernel.obj (.text:vcop_clahe_clip_hist_param_count)
                  8000f790    00000008                           : vcop_clahe_generate_lut_kernel.obj (.text:vcop_clahe_generate_lut_param_count)
                  8000f798    00000004     algframework.lib : bam_execute.obj (.text:BAM_dummyKernelFunc)
                  8000f79c    00000004     libeveClahe.eve.lib : clahe_ti_alg.obj (.text:CLAHE_TI_control)
                  8000f7a0    00000004                         : clahe_ti_alg.obj (.text:CLAHE_TI_numAlloc)
                  8000f7a4    00000004     dmautils.lib : edma3lld_support.obj (.text:EDMA3LLD_SUPPORT_requestResources)
                  8000f7a8    00000004     rtsarp32_v200.lib : _lock.obj (.text:_nop)
                  8000f7ac    00000004                       : pre_init.obj (.text:_system_pre_init)
                  8000f7b0    00000004     libevekernels.eve.lib : vcop_clahe_process_kernel.obj (.text:clahe_make_8way_look_up_kernel_param_count)
                  8000f7b4    00000004                           : vcop_clahe_generate_lut_kernel.obj (.text:vcop_clahe_histogram_8c_word_param_count)
                  8000f7b8    00000004                           : vcop_clahe_generate_lut_kernel.obj (.text:vcop_clahe_histogram_8c_word_sum_param_count)
                  8000f7bc    00000004                           : vcop_clahe_generate_lut_kernel.obj (.text:vcop_clahe_memset_param_count)

.dmemSect 
*          1    40020000    00004c00     UNINITIALIZED
                  40020000    00004c00     clahe_tb.obj (.dmemSect)

.stack     1    40024c00    00003000     UNINITIALIZED
                  40024c00    00000004     rtsarp32_v200.lib : boot.obj (.stack)
                  40024c04    00002ffc     --HOLE--

.bss       1    40027c00    00000168     UNINITIALIZED
                  40027c00    000000a8     dmautils.lib : dma_resource_allocator.obj (.bss)
                  40027ca8    00000060                  : edma_utils_state.obj (.bss)
                  40027d08    00000048     eve_profile.obj (.bss)
                  40027d50    00000014     algframework.lib : bam_memory.obj (.bss)
                  40027d64    00000004     libevekernels.eve.lib : bam_vcop_clahe_gen_lut_exec_funcs.obj (.bss)

.data      1    40027d68    00000030     
                  40027d68    00000020     boot_arp32.obj (.data)
                  40027d88    00000005     algframework.lib : bam_memory.obj (.data)
                  40027d8d    00000003     --HOLE-- [fill = 0]
                  40027d90    00000004     dmautils.lib : dma_resource_allocator.obj (.data)
                  40027d94    00000004     eve_profile.obj (.data)

.rodata    1    40027d98    00000054     
                  40027d98    00000028     ti_stats_collector.obj (.rodata)
                  40027dc0    00000008     algframework.lib : bam_construct_int.obj (.rodata)
                  40027dc8    00000008     clahe_tb.obj (.rodata)
                  40027dd0    00000008     eve_profile.obj (.rodata)
                  40027dd8    00000004     algframework.lib : bam_execute.obj (.rodata)
                  40027ddc    00000004                      : bam_memory.obj (.rodata)
                  40027de0    00000004     dmautils.lib : edma_utils_memcpy.obj (.rodata)
                  40027de4    00000004                  : edma_utils_scatterGather.obj (.rodata)
                  40027de8    00000004     libeveClahe.eve.lib : clahe_ti_alg.obj (.rodata)

.cio       1    40027dec    00000120     UNINITIALIZED
                  40027dec    00000120     rtsarp32_v200.lib : trgmsg.obj (.cio)

.sysmem    1    80030000    01800000     UNINITIALIZED
                  80030000    00000008     rtsarp32_v200.lib : memory.obj (.sysmem)
                  80030008    017ffff8     --HOLE--

.fardata   1    81830000    000021f4     
                  81830000    00001800     clahe_config.obj (.fardata:gsTokenMap_yuv_scalar)
                  81831800    00000400     algframework.lib : bam_utils.obj (.fardata:gBAM_memPrintfArr)
                  81831c00    000001f4     libevestarterware_eve.lib : cred.obj (.fardata:CRED_instVirtAddr)
                  81831df4    000000f0     rtsarp32_v200.lib : defs.obj (.fardata:_ftable)
                  81831ee4    00000078                       : lowlev.obj (.fardata:_device)
                  81831f5c    00000068     libeveClahe.eve.lib : bam_dma_custom_clahe_node.obj (.fardata)
                  81831fc4    00000064     algframework.lib : bam_memory.obj (.fardata:vcop_mem)
                  81832028    00000064     rtsarp32_v200.lib : vcop_memory.obj (.fardata:vcop_mem)
                  8183208c    00000050                       : lowlev.obj (.fardata:_stream)
                  818320dc    00000040     libeveClahe.eve.lib : clahe_graph.obj (.fardata:bamKernelExecFuncDB)
                  8183211c    00000040                         : clahe_graph.obj (.fardata:bamKernelHostDB)
                  8183215c    0000001c     libevekernels.eve.lib : bam_vcop_clahe_gen_lut_helper_funcs.obj (.fardata)
                  81832178    0000001c                           : bam_vcop_clahe_process_helper_funcs.obj (.fardata)
                  81832194    00000018                           : bam_vcop_clahe_gen_lut_exec_funcs.obj (.fardata)
                  818321ac    00000018                           : bam_vcop_clahe_process_exec_funcs.obj (.fardata)
                  818321c4    0000000c     libeveClahe.eve.lib : clahe_graph.obj (.fardata)
                  818321d0    00000008     rtsarp32_v200.lib : _lock.obj (.fardata)
                  818321d8    00000005                       : vcop_memory.obj (.fardata)
                  818321dd    00000003     --HOLE-- [fill = 0]
                  818321e0    00000004                       : defs.obj (.fardata)
                  818321e4    00000004                       : errno.obj (.fardata)
                  818321e8    00000004                       : fopen.obj (.fardata)
                  818321ec    00000004                       : lowlev.obj (.fardata)
                  818321f0    00000004                       : memory.obj (.fardata)

.const     1    818321f4    00001167     
                  818321f4    000003d2     eve_profile.obj (.const:.string)
                  818325c6    00000256     configparser.obj (.const:.string)
                  8183281c    0000022c     clahe_tb.obj (.const:.string)
                  81832a48    00000135     libeveClahe.eve.lib : clahe_graph.obj (.const:.string)
                  81832b7d    00000003     rtsarp32_v200.lib : assert.obj (.const:.string)
                  81832b80    00000128     ti_stats_collector.obj (.const:.switchtab)
                  81832ca8    00000121     algframework.lib : bam_construct_int.obj (.const:.string)
                  81832dc9    00000001     --HOLE-- [fill = 0]
                  81832dca    00000101     rtsarp32_v200.lib : ctype.obj (.const:.string:_ctypes_)
                  81832ecb    00000090     algframework.lib : bam_execute.obj (.const:.string)
                  81832f5b    0000008d     clahe_config.obj (.const:.string)
                  81832fe8    00000056     ti_mem_manager.obj (.const:.string)
                  8183303e    00000002     --HOLE-- [fill = 0]
                  81833040    00000054     libeveClahe.eve.lib : clahe_ti_alg.obj (.const)
                  81833094    00000050     rtsarp32_v200.lib : strtod.obj (.const:digits)
                  818330e4    00000050                       : strtold.obj (.const:digits)
                  81833134    00000048                       : strtod.obj (.const:powerof10)
                  8183317c    00000048                       : strtold.obj (.const:powerof10)
                  818331c4    00000043     ti_stats_collector.obj (.const:.string)
                  81833207    0000003d     libeveClahe.eve.lib : bam_dma_custom_clahe_node.obj (.const:.string)
                  81833244    0000003c                         : clahe_graph.obj (.const:$P$T0$1)
                  81833280    00000031     report_utils.obj (.const:.string)
                  818332b1    00000029     libeveClahe.eve.lib : clahe_ti_alg.obj (.const:.string)
                  818332da    00000023     rtsarp32_v200.lib : _printfi.obj (.const:.string)
                  818332fd    00000001     --HOLE-- [fill = 0]
                  818332fe    00000018     libeveClahe.eve.lib : clahe_graph.obj (.const:$P$T1$2)
                  81833316    00000013     clahe_tb.obj (.const:.string:__FUNCTION__$1)
                  81833329    00000001     --HOLE-- [fill = 0]
                  8183332a    00000012     clahe_tb.obj (.const:.string:__FUNCTION__$2)
                  8183333c    00000008     configparser.obj (.const:.string:$P$T0$1)
                  81833344    00000007     rtsarp32_v200.lib : _scanfi.obj (.const:.string:flit$1)
                  8183334b    00000001     --HOLE-- [fill = 0]
                  8183334c    00000006                       : _scanfi.obj (.const:.string:barr$2)
                  81833352    00000002     --HOLE-- [fill = 0]
                  81833354    00000004     dmautils.lib : edma_utils.obj (.const:edmaBase)
                  81833358    00000003     algframework.lib : bam_construct_int.obj (.const:.string:$P$T0$1)

.far       1    8183335c    000008c0     UNINITIALIZED
                  8183335c    00000720     clahe_config.obj (.far)
                  81833a7c    000000a0     rtsarp32_v200.lib : defs.obj (.far)
                  81833b1c    00000078     algframework.lib : bam_memory.obj (.far)
                  81833b94    00000028     ti_stats_collector.obj (.far)
                  81833bbc    00000020     eve_profile.obj (.far)
                  81833bdc    00000010     clahe_tb.obj (.far)
                  81833bec    0000000c     algframework.lib : bam_execute.obj (.far)
                  81833bf8    0000000c     rtsarp32_v200.lib : memory.obj (.far)
                  81833c04    00000008     algframework.lib : bam_construct.obj (.far)
                  81833c0c    00000008     rtsarp32_v200.lib : boot.obj (.far)
                  81833c14    00000008                       : trgdrv.obj (.far)


SEGMENT ATTRIBUTES

    id tag      seg value
    -- ---      --- -----
     0 PHA_PAGE 4   1    
     1 PHA_PAGE 5   1    
     2 PHA_PAGE 6   1    
     3 PHA_PAGE 7   1    
     4 PHA_PAGE 8   1    
     5 PHA_PAGE 9   1    
     6 PHA_PAGE 10  1    
     7 PHA_PAGE 11  1    


GLOBAL SYMBOLS: SORTED ALPHABETICALLY BY Name 

address    name
--------   ----
8000cc8c   BAM_ARP32_computeWrapper
8000f684   BAM_Clahe_dmaWriteGetMemRecFunc
8000f1b0   BAM_Clahe_dmaWriteSetMemRecFunc
8000cab8   BAM_DMA_clahe_dmaReadGetMemRecFunc
8000f388   BAM_DMA_clahe_dmaReadSetMemRecFunc
8000f4dc   BAM_DMA_clahe_dmaReadUpdateDDRptr
8000f4f8   BAM_DMA_clahe_dmaWriteUpdateDDRptr
8000a8d0   BAM_DMA_clahe_frameInitInChannel
8000b764   BAM_DMA_clahe_frameInitOutChannel
8000f1dc   BAM_DMA_clahe_triggerInChannel
8000e46c   BAM_DMA_clahe_triggerOutChannel
80007bd8   BAM_DMA_clahe_waitInChannel
8000aee4   BAM_DMA_clahe_waitOutChannel
8000c374   BAM_activateGraph
8000e808   BAM_controlNode
8000c590   BAM_copyIntMemRec2ExtMem
8000d3fc   BAM_copyNodeList
800085ac   BAM_createGraph
8000f798   BAM_dummyKernelFunc
8000b358   BAM_fillKernelInfo
8000b468   BAM_getGraphMemSize
8000eef4   BAM_getMemPacket
80001e8c   BAM_initGraph
8000dc70   BAM_initGraphInstance
8000eaec   BAM_initKernelDB
800047c0   BAM_optimizeGraph
8000f208   BAM_printf
8000ab48   BAM_process
8000a25c   BAM_updateNodes
8000f778   C$$EXIT
8000ed78   C$$IO$$
8183306c   CLAHE_TI_IRES
81833040   CLAHE_TI_VISION_FXNS
8000e58c   CLAHE_TI_activate
8000c088   CLAHE_TI_alloc
8000f79c   CLAHE_TI_control
8000e9ac   CLAHE_TI_deactivate
8000f3ac   CLAHE_TI_dmaControl
8000f43c   CLAHE_TI_execute
8000f5a0   CLAHE_TI_free
8000f514   CLAHE_TI_getGraphMemReq
80009ce0   CLAHE_TI_graphCreate
8000c8d8   CLAHE_TI_init
8000f530   CLAHE_TI_kernelControl
8000f7a0   CLAHE_TI_numAlloc
80009e40   CLAHE_TI_process
81831c00   CRED_instVirtAddr
80008ea0   DMA_funcs_hardwareRegSetup
8000dce4   DMA_funcs_writeTransferParams
800099f8   DMA_resourceAllocator_allocateResources
8000f234   DMA_resourceAllocator_initResources
8000f6f4   DMA_resourceAllocator_setEdma3RmHandle
8000f45c   DMA_utils_resetStateStruct
40020000   DMEM_SCRATCH
8000f7a4   EDMA3LLD_SUPPORT_requestResources
8000eb38   EDMA_UTILS_globalReset
8000cd24   EDMA_UTILS_memcpy2D
8000f6a4   EDMA_UTILS_scattherGather_configure
80009558   EDMA_UTILS_scattherGather_init
8000ef2c   EDMA_UTILS_scattherGather_updateDstNtrigger
8000ef64   EDMA_UTILS_scattherGather_updateSrcNtrigger
8000f47c   EDMA_UTILS_scattherGather_wait
8000ec18   EVE_SCTM_CounterConfig
8000f5b8   EVE_SCTM_CounterRead
8000f260   EVE_SCTM_CounterTimerEnable
8000f648   EVE_SCTM_Enable
8000f28c   EVE_SCTM_InpEvtSelect
8000f5d0   EVE_SCTM_OverflowCheck
8000f2b8   EVE_SCTM_SamplingSelect
8000dd58   HOSTclose
8000c428   HOSTlseek
8000cdbc   HOSTopen
8000cf7c   HOSTread
8000c63c   HOSTrename
8000da90   HOSTunlink
8000d488   HOSTwrite
00000000   IMEMH_SIZE
00000000   IMEML_SIZE
8000f3d0   TEST_PRINTF
8000f700   TI_CreateMemoryHandle
8000e758   TI_GetMemoryChunk
8000f70c   TI_ResetMemoryHandle
00000000   WMEM_SIZE
40027dec   __CIOBUF_
UNDEFED    __TI_CINIT_Base
UNDEFED    __TI_CINIT_Limit
UNDEFED    __TI_Handler_Table_Base
UNDEFED    __TI_Handler_Table_Limit
UNDEFED    __TI_INITARRAY_Base
UNDEFED    __TI_INITARRAY_Limit
40027c00   __TI_STACK_END
00003000   __TI_STACK_SIZE
40027c00   __TI_STATIC_BASE
01800000   __TI_SYSMEM_SIZE
00000001   __TI_args_main
00000001   __TI_exit
8000ef9c   __arp32abi_abort_msg
80009064   __arp32abi_addd
8000f54c   __arp32abi_addll
8000bcac   __arp32abi_cmpd
8000f3f4   __arp32abi_cmplls
8000f418   __arp32abi_cmpllu
8000d00c   __arp32abi_cvtdf
8000d6a4   __arp32abi_cvtfd
800081f8   __arp32abi_divd
80008778   __arp32abi_divull
8000d824   __arp32abi_fixdi
8000e0d0   __arp32abi_fltid
8000e5e8   __arp32abi_isinf
8000e4cc   __arp32abi_llshl
8000f0b4   __arp32abi_llshru
80008b10   __arp32abi_mpyd
8000a3b4   __arp32abi_mpyll
8000f310   __arp32abi_negd
8000f6b4   __arp32abi_negll
8000efd4   __arp32abi_remull
8000ee40   __arp32abi_strasgi
8000f2e4   __arp32abi_subd
8000f65c   __arp32abi_subll
ffffffff   __binit__
ffffffff   __c_args__
8000edc4   _args_main
8000de40   _auto_init
8000cb54   _buff_read
8000e138   _c_int00
8000e9fc   _cleanup
81833c0c   _cleanup_ptr
8000d8a0   _closefile
81832dca   _ctypes_
8000e52c   _doflush
81833c10   _dtors_ptr
80000120   _dummy_handler
80009fa0   _frcaddd
80007ff8   _frcdivd
8000a650   _frcmpyd
818321e0   _ft_end
81831df4   _ftable
80000028   _imemha_memory
80000030   _imemhb_memory
80000038   _imemla_memory
80000040   _imemlb_memory
818321d0   _lock
8000f338   _mpyl
40027d68   _my_stack
8000f7a8   _nop
80007348   _printfi
8000df90   _rd_ok
8000e904   _renormd
80000100   _reset_handler
80003e4c   _scanfi
40024c00   _stack
80030000   _sys_memory
8000f7ac   _system_pre_init
81833a7c   _tmpnams
818321d4   _unlock
80000000   _vec_table
80000048   _wmem_memory
8000d12c   _wrt_ok
8000f778   abort
8000d91c   atoi
8000ac80   bam_getMemPacket
8000e1a0   bam_mcheck
80009874   bam_mem_alloc
8000bd78   bam_mem_free
8000c978   bam_minit
8000d1bc   bam_releaseMemPacket
40027d58   bam_stat_num_packets
ffffffff   binit
800093bc   clahe_look_up_and_interpolate_kernel_init
8000f780   clahe_look_up_and_interpolate_kernel_param_count
8000d620   clahe_look_up_and_interpolate_kernel_vloops
8000f0e8   clahe_make_8way_look_up_kernel_init
8000f7b0   clahe_make_8way_look_up_kernel_param_count
8000f584   clahe_make_8way_look_up_kernel_vloops
8000d514   close
81833354   edmaBase
818321e4   errno
8000e958   exit
8000f150   fclose
8000d998   fflush
8000f600   fgets
8000ee7c   fopen
8000ddcc   fprintf
8000b940   fputc
80009b70   fputs
8000a50c   fread
8000f670   free
8000d24c   fseek
8000d2dc   ftell
800079bc   fwrite
818321ac   gBAM_TI_claheInterpolateExecFunc
8183218c   gBAM_TI_claheInterpolateHelperFunc
81832178   gBAM_TI_claheInterpolateKernel
81831f5c   gBAM_TI_dmaCustomClaheReadNodeKernel
81831f78   gBAM_TI_dmaCustomClaheReadNodeKernelExecFunc
81831f70   gBAM_TI_dmaCustomClaheReadNodeKernelHelperFunc
81831f90   gBAM_TI_dmaCustomClaheWriteNodeKernel
81831fac   gBAM_TI_dmaCustomClaheWriteNodeKernelExecFunc
81831fa4   gBAM_TI_dmaCustomClaheWriteNodeKernelHelperFunc
81832194   gBAM_TI_gen_lutExecFunc
81832170   gBAM_TI_gen_lutHelperFunc
8183215c   gBAM_TI_gen_lutKernel
81831800   gBAM_memPrintfArr
818321c4   gCLAHE_BAM_kernelDBdef
40027ca8   gDmaUtilsStateStruct
8183335c   gParams
81833bcc   gTest_TI_profileSctm
40027d34   gTest_TI_profileTsc
81830000   gsTokenMap_yuv_scalar
8000e208   lseek
8000e408   ltoa
800083dc   main
8000eb84   malloc
81833bdc   memObj_DMEM
8000be44   mem_alloc
8000cee8   mem_free
8000f49c   memccpy
8000ba28   memcpy
8000c790   memset
8000dbf8   minit
8000b854   open
8000d7a4   printf
80005a70   printparams
80007114   profiler_end
8000f6e4   profiler_end_print
8000f618   profiler_getSP
8000dffc   profiler_getStackDepth
8000bf08   profiler_init
8000f180   profiler_initStack
8000f00c   profiler_printStatus
8000ec60   profiler_start
8000ea9c   profiler_testCaseInfo
8000e270   read
8000eca8   readmsg
8000bb04   readparamfile
8000f76c   remove
8000f4bc   report_printAppletInfo
8000b12c   setvbuf
8000f044   sscanf
80001100   statCollectorControl
8000deb0   statCollectorInit
80004fbc   strtod
80008944   strtol
8000535c   strtold
80005d78   strtoll
8000921c   strtoul
80006ec8   strtoull
80003904   test_clahe_ivision
80003390   test_clahe_ref_fp
40027d10   test_module_cyles
8000ecf0   unlink
8000b574   vcop_clahe_clip_hist_init
8000f788   vcop_clahe_clip_hist_param_count
8000d36c   vcop_clahe_clip_hist_vloops
8000c2bc   vcop_clahe_generate_lut_init
8000f790   vcop_clahe_generate_lut_param_count
8000e6a0   vcop_clahe_generate_lut_vloops
8000e7b0   vcop_clahe_histogram_8c_word_init
8000f7b4   vcop_clahe_histogram_8c_word_param_count
8000da14   vcop_clahe_histogram_8c_word_sum_init
8000f7b8   vcop_clahe_histogram_8c_word_sum_param_count
8000f07c   vcop_clahe_histogram_8c_word_sum_vloops
8000f360   vcop_clahe_histogram_8c_word_vloops
8000f11c   vcop_clahe_memset_init
8000f7bc   vcop_clahe_memset_param_count
8000f630   vcop_clahe_memset_vloops
8000e6fc   vcop_minit
8000df20   vfprintf
8000eeb8   vsprintf
8000e2d8   write
8000ed38   writemsg


GLOBAL SYMBOLS: SORTED BY Symbol Address 

address    name
--------   ----
00000000   IMEMH_SIZE
00000000   IMEML_SIZE
00000000   WMEM_SIZE
00000001   __TI_args_main
00000001   __TI_exit
00003000   __TI_STACK_SIZE
01800000   __TI_SYSMEM_SIZE
40020000   DMEM_SCRATCH
40024c00   _stack
40027c00   __TI_STACK_END
40027c00   __TI_STATIC_BASE
40027ca8   gDmaUtilsStateStruct
40027d10   test_module_cyles
40027d34   gTest_TI_profileTsc
40027d58   bam_stat_num_packets
40027d68   _my_stack
40027dec   __CIOBUF_
80000000   _vec_table
80000028   _imemha_memory
80000030   _imemhb_memory
80000038   _imemla_memory
80000040   _imemlb_memory
80000048   _wmem_memory
80000100   _reset_handler
80000120   _dummy_handler
80001100   statCollectorControl
80001e8c   BAM_initGraph
80003390   test_clahe_ref_fp
80003904   test_clahe_ivision
80003e4c   _scanfi
800047c0   BAM_optimizeGraph
80004fbc   strtod
8000535c   strtold
80005a70   printparams
80005d78   strtoll
80006ec8   strtoull
80007114   profiler_end
80007348   _printfi
800079bc   fwrite
80007bd8   BAM_DMA_clahe_waitInChannel
80007ff8   _frcdivd
800081f8   __arp32abi_divd
800083dc   main
800085ac   BAM_createGraph
80008778   __arp32abi_divull
80008944   strtol
80008b10   __arp32abi_mpyd
80008ea0   DMA_funcs_hardwareRegSetup
80009064   __arp32abi_addd
8000921c   strtoul
800093bc   clahe_look_up_and_interpolate_kernel_init
80009558   EDMA_UTILS_scattherGather_init
80009874   bam_mem_alloc
800099f8   DMA_resourceAllocator_allocateResources
80009b70   fputs
80009ce0   CLAHE_TI_graphCreate
80009e40   CLAHE_TI_process
80009fa0   _frcaddd
8000a25c   BAM_updateNodes
8000a3b4   __arp32abi_mpyll
8000a50c   fread
8000a650   _frcmpyd
8000a8d0   BAM_DMA_clahe_frameInitInChannel
8000ab48   BAM_process
8000ac80   bam_getMemPacket
8000aee4   BAM_DMA_clahe_waitOutChannel
8000b12c   setvbuf
8000b358   BAM_fillKernelInfo
8000b468   BAM_getGraphMemSize
8000b574   vcop_clahe_clip_hist_init
8000b764   BAM_DMA_clahe_frameInitOutChannel
8000b854   open
8000b940   fputc
8000ba28   memcpy
8000bb04   readparamfile
8000bcac   __arp32abi_cmpd
8000bd78   bam_mem_free
8000be44   mem_alloc
8000bf08   profiler_init
8000c088   CLAHE_TI_alloc
8000c2bc   vcop_clahe_generate_lut_init
8000c374   BAM_activateGraph
8000c428   HOSTlseek
8000c590   BAM_copyIntMemRec2ExtMem
8000c63c   HOSTrename
8000c790   memset
8000c8d8   CLAHE_TI_init
8000c978   bam_minit
8000cab8   BAM_DMA_clahe_dmaReadGetMemRecFunc
8000cb54   _buff_read
8000cc8c   BAM_ARP32_computeWrapper
8000cd24   EDMA_UTILS_memcpy2D
8000cdbc   HOSTopen
8000cee8   mem_free
8000cf7c   HOSTread
8000d00c   __arp32abi_cvtdf
8000d12c   _wrt_ok
8000d1bc   bam_releaseMemPacket
8000d24c   fseek
8000d2dc   ftell
8000d36c   vcop_clahe_clip_hist_vloops
8000d3fc   BAM_copyNodeList
8000d488   HOSTwrite
8000d514   close
8000d620   clahe_look_up_and_interpolate_kernel_vloops
8000d6a4   __arp32abi_cvtfd
8000d7a4   printf
8000d824   __arp32abi_fixdi
8000d8a0   _closefile
8000d91c   atoi
8000d998   fflush
8000da14   vcop_clahe_histogram_8c_word_sum_init
8000da90   HOSTunlink
8000dbf8   minit
8000dc70   BAM_initGraphInstance
8000dce4   DMA_funcs_writeTransferParams
8000dd58   HOSTclose
8000ddcc   fprintf
8000de40   _auto_init
8000deb0   statCollectorInit
8000df20   vfprintf
8000df90   _rd_ok
8000dffc   profiler_getStackDepth
8000e0d0   __arp32abi_fltid
8000e138   _c_int00
8000e1a0   bam_mcheck
8000e208   lseek
8000e270   read
8000e2d8   write
8000e408   ltoa
8000e46c   BAM_DMA_clahe_triggerOutChannel
8000e4cc   __arp32abi_llshl
8000e52c   _doflush
8000e58c   CLAHE_TI_activate
8000e5e8   __arp32abi_isinf
8000e6a0   vcop_clahe_generate_lut_vloops
8000e6fc   vcop_minit
8000e758   TI_GetMemoryChunk
8000e7b0   vcop_clahe_histogram_8c_word_init
8000e808   BAM_controlNode
8000e904   _renormd
8000e958   exit
8000e9ac   CLAHE_TI_deactivate
8000e9fc   _cleanup
8000ea9c   profiler_testCaseInfo
8000eaec   BAM_initKernelDB
8000eb38   EDMA_UTILS_globalReset
8000eb84   malloc
8000ec18   EVE_SCTM_CounterConfig
8000ec60   profiler_start
8000eca8   readmsg
8000ecf0   unlink
8000ed38   writemsg
8000ed78   C$$IO$$
8000edc4   _args_main
8000ee40   __arp32abi_strasgi
8000ee7c   fopen
8000eeb8   vsprintf
8000eef4   BAM_getMemPacket
8000ef2c   EDMA_UTILS_scattherGather_updateDstNtrigger
8000ef64   EDMA_UTILS_scattherGather_updateSrcNtrigger
8000ef9c   __arp32abi_abort_msg
8000efd4   __arp32abi_remull
8000f00c   profiler_printStatus
8000f044   sscanf
8000f07c   vcop_clahe_histogram_8c_word_sum_vloops
8000f0b4   __arp32abi_llshru
8000f0e8   clahe_make_8way_look_up_kernel_init
8000f11c   vcop_clahe_memset_init
8000f150   fclose
8000f180   profiler_initStack
8000f1b0   BAM_Clahe_dmaWriteSetMemRecFunc
8000f1dc   BAM_DMA_clahe_triggerInChannel
8000f208   BAM_printf
8000f234   DMA_resourceAllocator_initResources
8000f260   EVE_SCTM_CounterTimerEnable
8000f28c   EVE_SCTM_InpEvtSelect
8000f2b8   EVE_SCTM_SamplingSelect
8000f2e4   __arp32abi_subd
8000f310   __arp32abi_negd
8000f338   _mpyl
8000f360   vcop_clahe_histogram_8c_word_vloops
8000f388   BAM_DMA_clahe_dmaReadSetMemRecFunc
8000f3ac   CLAHE_TI_dmaControl
8000f3d0   TEST_PRINTF
8000f3f4   __arp32abi_cmplls
8000f418   __arp32abi_cmpllu
8000f43c   CLAHE_TI_execute
8000f45c   DMA_utils_resetStateStruct
8000f47c   EDMA_UTILS_scattherGather_wait
8000f49c   memccpy
8000f4bc   report_printAppletInfo
8000f4dc   BAM_DMA_clahe_dmaReadUpdateDDRptr
8000f4f8   BAM_DMA_clahe_dmaWriteUpdateDDRptr
8000f514   CLAHE_TI_getGraphMemReq
8000f530   CLAHE_TI_kernelControl
8000f54c   __arp32abi_addll
8000f584   clahe_make_8way_look_up_kernel_vloops
8000f5a0   CLAHE_TI_free
8000f5b8   EVE_SCTM_CounterRead
8000f5d0   EVE_SCTM_OverflowCheck
8000f600   fgets
8000f618   profiler_getSP
8000f630   vcop_clahe_memset_vloops
8000f648   EVE_SCTM_Enable
8000f65c   __arp32abi_subll
8000f670   free
8000f684   BAM_Clahe_dmaWriteGetMemRecFunc
8000f6a4   EDMA_UTILS_scattherGather_configure
8000f6b4   __arp32abi_negll
8000f6e4   profiler_end_print
8000f6f4   DMA_resourceAllocator_setEdma3RmHandle
8000f700   TI_CreateMemoryHandle
8000f70c   TI_ResetMemoryHandle
8000f76c   remove
8000f778   C$$EXIT
8000f778   abort
8000f780   clahe_look_up_and_interpolate_kernel_param_count
8000f788   vcop_clahe_clip_hist_param_count
8000f790   vcop_clahe_generate_lut_param_count
8000f798   BAM_dummyKernelFunc
8000f79c   CLAHE_TI_control
8000f7a0   CLAHE_TI_numAlloc
8000f7a4   EDMA3LLD_SUPPORT_requestResources
8000f7a8   _nop
8000f7ac   _system_pre_init
8000f7b0   clahe_make_8way_look_up_kernel_param_count
8000f7b4   vcop_clahe_histogram_8c_word_param_count
8000f7b8   vcop_clahe_histogram_8c_word_sum_param_count
8000f7bc   vcop_clahe_memset_param_count
80030000   _sys_memory
81830000   gsTokenMap_yuv_scalar
81831800   gBAM_memPrintfArr
81831c00   CRED_instVirtAddr
81831df4   _ftable
81831f5c   gBAM_TI_dmaCustomClaheReadNodeKernel
81831f70   gBAM_TI_dmaCustomClaheReadNodeKernelHelperFunc
81831f78   gBAM_TI_dmaCustomClaheReadNodeKernelExecFunc
81831f90   gBAM_TI_dmaCustomClaheWriteNodeKernel
81831fa4   gBAM_TI_dmaCustomClaheWriteNodeKernelHelperFunc
81831fac   gBAM_TI_dmaCustomClaheWriteNodeKernelExecFunc
8183215c   gBAM_TI_gen_lutKernel
81832170   gBAM_TI_gen_lutHelperFunc
81832178   gBAM_TI_claheInterpolateKernel
8183218c   gBAM_TI_claheInterpolateHelperFunc
81832194   gBAM_TI_gen_lutExecFunc
818321ac   gBAM_TI_claheInterpolateExecFunc
818321c4   gCLAHE_BAM_kernelDBdef
818321d0   _lock
818321d4   _unlock
818321e0   _ft_end
818321e4   errno
81832dca   _ctypes_
81833040   CLAHE_TI_VISION_FXNS
8183306c   CLAHE_TI_IRES
81833354   edmaBase
8183335c   gParams
81833a7c   _tmpnams
81833bcc   gTest_TI_profileSctm
81833bdc   memObj_DMEM
81833c0c   _cleanup_ptr
81833c10   _dtors_ptr
ffffffff   __binit__
ffffffff   __c_args__
ffffffff   binit
UNDEFED    __TI_CINIT_Base
UNDEFED    __TI_CINIT_Limit
UNDEFED    __TI_Handler_Table_Base
UNDEFED    __TI_Handler_Table_Limit
UNDEFED    __TI_INITARRAY_Base
UNDEFED    __TI_INITARRAY_Limit

[271 symbols]
