******************************************************************************
               TMS320C6x Linker PC v7.4.2                      
******************************************************************************
>> Linked Mon Nov 04 23:00:47 2013

OUTPUT FILE NAME:   <sinhsp_66_LE_COFF.out>
ENTRY POINT SYMBOL: "_c_int00"  address: 00826a00


MEMORY CONFIGURATION

         name            origin    length      used     unused   attr    fill
----------------------  --------  ---------  --------  --------  ----  --------
  L2SRAM                00800000   00080000  00030d4a  0004f2b6  RW X
  MSMCSRAM              0c000000   00200000  00000000  00200000  RW X


SECTION ALLOCATION MAP

 output                                  attributes/
section   page    origin      length       input sections
--------  ----  ----------  ----------   ----------------
.pinit     0    00800000    00000000     UNINITIALIZED

.kernel_asm 
*          0    00800000    00000000     UNINITIALIZED

.neardata 
*          0    00800000    00000000     UNINITIALIZED

.rodata    0    00800000    00000000     UNINITIALIZED

.bss       0    00800000    00000000     UNINITIALIZED

.data      0    00800000    00000000     UNINITIALIZED

xdc.meta   0    00800000    00000000     COPY SECTION

.far       0    00800000    00012548     UNINITIALIZED
                  00800000    00011c80     drvsp.obj (.far)
                  00811c80    00000324     rts6600_coff.lib : defs.obj (.far)
                  00811fa4    00000004                      : errno.obj (.far)
                  00811fa8    00000324     sinhsp_d.obj (.far)
                  008122cc    00000004     rts6600_coff.lib : fopen.obj (.far)
                  008122d0    0000011c                      : lowlev.obj (.far)
                  008123ec    00000004     --HOLE--
                  008123f0    000000a0     tables.obj (.far)
                  00812490    00000060     driver.obj (.far)
                  008124f0    0000001c     rts6600_coff.lib : expf.obj (.far)
                  0081250c    0000000c                      : exit.obj (.far)
                  00812518    0000000c                      : sinhf.obj (.far)
                  00812524    00000008                      : _lock.obj (.far)
                  0081252c    00000008                      : memory.obj (.far)
                  00812534    00000004     --HOLE--
                  00812538    00000008                      : rand.obj (.far)
                  00812540    00000008                      : trgdrv.obj (.far)

.stack     0    00812548    0000c000     UNINITIALIZED
                  00812548    00000008     rts6600_coff.lib : boot.obj (.stack)
                  00812550    0000bff8     --HOLE--

.text      0    0081e560    00008d20     
                  0081e560    00001480     sinhsp_d.obj (.text)
                  0081f9e0    00000660     driver.obj (.text)
                  00820040    000005c0     rts6600_coff.lib : divd.obj (.text:__divd)
                  00820600    00000560                      : _printfi.obj (.text:__getarg_diouxp)
                  00820b60    00000440                      : _printfi.obj (.text:__printfi)
                  00820fa0    00000440                      : _printfi.obj (.text:__setfield)
                  008213e0    000003a0                      : fputs.obj (.text:_fputs)
                  00821780    00000340     drvsp.obj (.text)
                  00821ac0    00000320     rts6600_coff.lib : _printfi.obj (.text:__pproc_fge)
                  00821de0    000002c0                      : _printfi.obj (.text:__pproc_fwp)
                  008220a0    00000280                      : divf.obj (.text:__divf)
                  00822320    00000280                      : _printfi.obj (.text:_ecvt)
                  008225a0    00000280                      : _printfi.obj (.text:_fcvt)
                  00822820    00000280                      : memory.obj (.text:_free)
                  00822aa0    00000240                      : imath64.obj (.text:__divull)
                  00822ce0    00000240                      : _printfi.obj (.text:__pconv_e)
                  00822f20    00000240                      : _printfi.obj (.text:__pproc_diouxp)
                  00823160    00000220                      : _printfi.obj (.text:__pproc_str)
                  00823380    00000220                      : fputc.obj (.text:_fputc)
                  008235a0    00000200                      : _printfi.obj (.text:__pconv_g)
                  008237a0    00000200                      : setvbuf.obj (.text:_setvbuf)
                  008239a0    000001e0                      : sinhf.obj (.text:_sinhf)
                  00823b80    000001c0                      : _printfi.obj (.text:__mcpy)
                  00823d40    000001c0                      : fopen.obj (.text:__openfile)
                  00823f00    000001a0                      : trgdrv.obj (.text:_HOSTrename)
                  008240a0    000001a0                      : imath40.obj (.text:__divul)
                  00824240    000001a0                      : expf.obj (.text:_expf)
                  008243e0    00000180                      : memory.obj (.text:_malloc)
                  00824560    00000180                      : lowlev.obj (.text:_open)
                  008246e0    00000140                      : _printfi.obj (.text:__pproc_fflags)
                  00824820    00000140                      : lowlev.obj (.text:_getdevice)
                  00824960    00000120                      : fclose.obj (.text:__closefile)
                  00824a80    00000120                      : _printfi.obj (.text:__ltostr)
                  00824ba0    00000120                      : fopen.obj (.text:__search_fp)
                  00824cc0    00000120                      : fseek.obj (.text:_fseek)
                  00824de0    00000120                      : ldexpf.obj (.text:_ldexpf)
                  00824f00    00000100                      : trgdrv.obj (.text:_HOSTlseek)
                  00825000    00000100                      : fixdlli.obj (.text:__fixdlli)
                  00825100    00000100                      : _io_perm.obj (.text:__wrt_ok)
                  00825200    00000100                      : fprintf.obj (.text:_fprintf)
                  00825300    00000100     sinhsp_d.obj (.text:optci)
                  00825400    000000e0     rts6600_coff.lib : trgdrv.obj (.text:_HOSTopen)
                  008254e0    000000e0                      : _printfi.obj (.text:__div)
                  008255c0    000000e0                      : fltllif.obj (.text:__fltllif)
                  008256a0    000000e0                      : atoi.obj (.text:_atoi)
                  00825780    000000e0                      : lowlev.obj (.text:_close)
                  00825860    000000e0                      : ltoa.obj (.text:_ltoa)
                  00825940    000000e0                      : memset.obj (.text:_memset)
                  00825a20    000000e0                      : printf.obj (.text:_printf)
                  00825b00    000000c0                      : trgdrv.obj (.text:_HOSTread)
                  00825bc0    000000c0                      : trgdrv.obj (.text:_HOSTunlink)
                  00825c80    000000c0                      : trgdrv.obj (.text:_HOSTwrite)
                  00825d40    000000c0                      : autoinit.obj (.text:__auto_init)
                  00825e00    000000c0                      : divu.obj (.text:__divu)
                  00825ec0    000000c0                      : fflush.obj (.text:__doflush)
                  00825f80    000000c0                      : exit.obj (.text:_exit)
                  00826040    000000a0                      : trgdrv.obj (.text:_HOSTclose)
                  008260e0    000000a0                      : fopen.obj (.text:__cleanup)
                  00826180    000000a0                      : imath40.obj (.text:__divli)
                  00826220    000000a0                      : _printfi.obj (.text:__ecpy)
                  008262c0    000000a0                      : _printfi.obj (.text:__fcpy)
                  00826360    000000a0                      : fixdli.obj (.text:__fixdli)
                  00826400    000000a0                      : _printfi.obj (.text:__pconv_f)
                  008264a0    000000a0                      : cpy_tbl.obj (.text:_copy_in)
                  00826540    000000a0                      : lowlev.obj (.text:_finddevice)
                  008265e0    000000a0                      : lowlev.obj (.text:_lseek)
                  00826680    000000a0                      : memcpy64.obj (.text:_memcpy)
                  00826720    000000a0                      : memory.obj (.text:_minsert)
                  008267c0    000000a0                      : memory.obj (.text:_mremove)
                  00826860    000000a0                      : lowlev.obj (.text:_write)
                  00826900    00000080                      : fltlid.obj (.text:__fltlid)
                  00826980    00000080                      : llshift.obj (.text:__llshl)
                  00826a00    00000080                      : boot.obj (.text:_c_int00)
                  00826a80    00000080                      : rand.obj (.text:_rand)
                  00826b00    00000080                      : trgmsg.obj (.text:_readmsg)
                  00826b80    00000080                      : lowlev.obj (.text:_unlink)
                  00826c00    00000060                      : cpp_init.obj (.text:___TI_cpp_init)
                  00826c60    00000060                      : frcmpyd_div.obj (.text:__frcmpyd_div)
                  00826cc0    00000060                      : llshift.obj (.text:__llshru)
                  00826d20    00000060                      : imath64.obj (.text:__subcull)
                  00826d80    00000060                      : fclose.obj (.text:_fclose)
                  00826de0    00000060                      : fopen.obj (.text:_fopen)
                  00826e40    00000060                      : memccpy.obj (.text:_memccpy)
                  00826ea0    00000060                      : modff.obj (.text:_modff)
                  00826f00    00000060                      : rand.obj (.text:_srand)
                  00826f60    00000060                      : lowlev.obj (.text:_tabinit)
                  00826fc0    00000060                      : trgmsg.obj (.text:_writemsg)
                  00827020    00000040                      : isinf.obj (.text:___isinf)
                  00827060    00000040                      : _printfi.obj (.text:___isnan)
                  008270a0    00000040                      : args_main.obj (.text:__args_main)
                  008270e0    00000040                      : imath40.obj (.text:__remli)
                  00827120    00000020                      : isinff.obj (.text:___isinff)
                  00827140    00000020                      : negll.obj (.text:__negll)
                  00827160    00000020                      : _lock.obj (.text:__nop)
                  00827180    00000020                      : fprintf.obj (.text:__outc)
                  008271a0    00000020                      : printf.obj (.text:__outc)
                  008271c0    00000020                      : fprintf.obj (.text:__outs)
                  008271e0    00000020                      : printf.obj (.text:__outs)
                  00827200    00000020                      : exit.obj (.text:_abort)
                  00827220    00000020                      : remove.obj (.text:_remove)
                  00827240    00000010     mathlib.a66 : sinhsp_v.o66 ($Tramp$S$$_sinhsp_v)
                  00827250    00000010                 : sinhsp_c.o66 ($Tramp$S$$_sinhsp_c)
                  00827260    00000010                 : sinhsp.o66 ($Tramp$S$$_sinhsp)
                  00827270    00000010     --HOLE-- [fill = 0]

.sysmem    0    00827280    00008000     UNINITIALIZED
                  00827280    00000008     rts6600_coff.lib : memory.obj (.sysmem)
                  00827288    00007ff8     --HOLE--

.cinit     0    0082f280    000005dc     
                  0082f280    0000032c     sinhsp_d.obj (.cinit)
                  0082f5ac    00000004     --HOLE-- [fill = 0]
                  0082f5b0    000000c0     tables.obj (.cinit)
                  0082f670    0000005c     rts6600_coff.lib : defs.obj (.cinit)
                  0082f6cc    00000004     --HOLE-- [fill = 0]
                  0082f6d0    0000005c                      : lowlev.obj (.cinit)
                  0082f72c    00000004     --HOLE-- [fill = 0]
                  0082f730    00000030     drvsp.obj (.cinit)
                  0082f760    0000002c     rts6600_coff.lib : exit.obj (.cinit)
                  0082f78c    00000004     --HOLE-- [fill = 0]
                  0082f790    0000002c                      : memory.obj (.cinit)
                  0082f7bc    00000004     --HOLE-- [fill = 0]
                  0082f7c0    00000024                      : expf.obj (.cinit)
                  0082f7e4    00000004     --HOLE-- [fill = 0]
                  0082f7e8    0000001c                      : _lock.obj (.cinit)
                  0082f804    00000004     --HOLE-- [fill = 0]
                  0082f808    0000001c                      : sinhf.obj (.cinit)
                  0082f824    00000004     --HOLE-- [fill = 0]
                  0082f828    00000010                      : rand.obj (.cinit)
                  0082f838    0000000c                      : errno.obj (.cinit)
                  0082f844    00000004     --HOLE-- [fill = 0]
                  0082f848    0000000c                      : fopen.obj (.cinit)
                  0082f854    00000004     --HOLE-- [fill = 0]
                  0082f858    00000004     (.pad.cinit) [fill = 0]

.const     0    0082f860    00000386     
                  0082f860    00000203     driver.obj (.const:.string)
                  0082fa63    00000002     rts6600_coff.lib : fputs.obj (.const:.string)
                  0082fa65    00000003     --HOLE-- [fill = 0]
                  0082fa68    00000101                      : ctype.obj (.const:.string:__ctypes_)
                  0082fb69    0000005a     sinhsp_d.obj (.const:.string)
                  0082fbc3    00000023     rts6600_coff.lib : _printfi.obj (.const:.string)

.cio       0    0082fbe8    00000120     UNINITIALIZED
                  0082fbe8    00000120     rts6600_coff.lib : trgmsg.obj (.cio)

.kernel_vec 
*          0    0082fd20    00000a60     
                  0082fd20    00000a60     mathlib.a66 : sinhsp_v.o66 (.text:optvec)

.kernel_ci 
*          0    00830780    00000600     
                  00830780    00000300     mathlib.a66 : sinhsp.o66 (.text:optci)
                  00830a80    00000300                 : sinhsp_c.o66 (.text:optci)


FAR CALL TRAMPOLINES

callee name               trampoline name
   callee addr  tramp addr   call addr  call info
--------------  -----------  ---------  ----------------
$.text:optvec:mathlib.a66<sinhsp_v.o66>$0x0  $Tramp$S$$_sinhsp_v
   0082fd20     00827240     0081e7d4   sinhsp_d.obj (.text)
                             0081eb90   sinhsp_d.obj (.text)
                             0081ef54   sinhsp_d.obj (.text)
                             0081f7e0   sinhsp_d.obj (.text)
$.text:optci:mathlib.a66<sinhsp_c.o66>$0x0  $Tramp$S$$_sinhsp_c
   00830a80     00827250     0081e610   sinhsp_d.obj (.text)
                             0081e64c   sinhsp_d.obj (.text)
                             0081e9c0   sinhsp_d.obj (.text)
                             0081ed4c   sinhsp_d.obj (.text)
                             0081f570   sinhsp_d.obj (.text)
$.text:optci:mathlib.a66<sinhsp.o66>$0x0  $Tramp$S$$_sinhsp
   00830780     00827260     0081e5d0   sinhsp_d.obj (.text)
                             0081e608   sinhsp_d.obj (.text)
                             0081e9a0   sinhsp_d.obj (.text)
                             0081ed34   sinhsp_d.obj (.text)
                             0081f6a8   sinhsp_d.obj (.text)

[3 trampolines]
[14 trampoline calls]


GLOBAL SYMBOLS: SORTED ALPHABETICALLY BY Name 

address    name
--------   ----
00800000   $bss
00800000   .bss
ffffffff   .data
ffffffff   .text
00827200   C$$EXIT
00827018   C$$IO$$
00826040   _HOSTclose
00824f00   _HOSTlseek
00825400   _HOSTopen
00825b00   _HOSTread
00823f00   _HOSTrename
00825bc0   _HOSTunlink
00825c80   _HOSTwrite
00812470   _V
0082fbe8   __CIOBUF_
0081e548   __STACK_END
0000c000   __STACK_SIZE
00008000   __SYSMEM_SIZE
00000001   __TI_args_main
00826c00   ___TI_cpp_init
00812514   ___TI_enable_exit_profile_output
ffffffff   ___TI_pprof_out_hndl
ffffffff   ___TI_prof_data_size
ffffffff   ___TI_prof_data_start
ffffffff   ___binit__
00800000   ___bss__
ffffffff   ___c_args__
0082f280   ___cinit__
ffffffff   ___data__
ffffffff   ___edata__
00800000   ___end__
ffffffff   ___etext__
00827020   ___isinf
00827120   ___isinff
ffffffff   ___pinit__
ffffffff   ___text__
008270a0   __args_main
00825d40   __auto_init
00825e00   __c6xabi_divu
008260e0   __cleanup
0081250c   __cleanup_ptr
00824960   __closefile
0082fa68   __ctypes_
00820040   __divd
008220a0   __divf
00826180   __divli
00825e00   __divu
008240a0   __divul
00822aa0   __divull
00825ec0   __doflush
00812510   __dtors_ptr
00826360   __fixdli
00825000   __fixdlli
00826900   __fltlid
008255c0   __fltllif
00826c60   __frcmpyd_div
00811fa0   __ft_end
00811c80   __ftable
00826980   __llshl
00826cc0   __llshru
00812524   __lock
00827140   __negll
00827160   __nop
00820b60   __printfi
008270e0   __remli
00812548   __stack
00826d20   __subcull
00827280   __sys_memory
00811e60   __tmpnams
00812528   __unlock
00825100   __wrt_ok
00811fa8   _a
00800000   _a_ext
00803e80   _a_sc
00827200   _abort
008124ec   _all_pass
00000200   _argsize
008256a0   _atoi
00801f40   _b_ext
00804010   _b_sc
00826a00   _c_int00
00825780   _close
008264a0   _copy_in
008124b0   _cycle_counts
0081ff8c   _driver_init
00811fa4   _errno
00825f80   _exit
00824240   _expf
00826d80   _fclose
008124d8   _fcn_pass
00826de0   _fopen
00812494   _fp
00825200   _fprintf
00823380   _fputc
008213e0   _fputs
00822820   _free
00824cc0   _fseek
00821a84   _gimme_random
00811c78   _input
0080ddf8   _input_data
008217a4   _isequal
00812450   _jTable
00812430   _kTable
00000000   _kernel_asm_size
00000600   _kernel_ci_size
00000a60   _kernel_vec_size
00824de0   _ldexpf
008123f0   _logtable
008265e0   _lseek
00825860   _ltoa
0081e560   _main
008243e0   _malloc
00826e40   _memccpy
00826680   _memcpy
00825940   _memset
00826ea0   _modff
00824560   _open
0080dde0   _output
008041a0   _output_data
0081feac   _print_memory_results
0081fd8c   _print_profile_results
0081f9e0   _print_test_results
00825a20   _printf
00823380   _putc
00826a80   _rand
00826b00   _readmsg
00827220   _remove
00812490   _seed
008237a0   _setvbuf
008239a0   _sinhf
00830780   _sinhsp
00830a80   _sinhsp_c
0082fd20   _sinhsp_v
00826f00   _srand
008124a8   _t_offset
00812498   _t_start
008124a0   _t_stop
00826b80   _unlink
00826860   _write
00826fc0   _writemsg
ffffffff   binit
0082f280   cinit
00000386   const_size
0082f860   const_start
ffffffff   edata
00800000   end
ffffffff   etext
ffffffff   pinit


GLOBAL SYMBOLS: SORTED BY Symbol Address 

address    name
--------   ----
00000000   _kernel_asm_size
00000001   __TI_args_main
00000200   _argsize
00000386   const_size
00000600   _kernel_ci_size
00000a60   _kernel_vec_size
00008000   __SYSMEM_SIZE
0000c000   __STACK_SIZE
00800000   $bss
00800000   .bss
00800000   ___bss__
00800000   ___end__
00800000   _a_ext
00800000   end
00801f40   _b_ext
00803e80   _a_sc
00804010   _b_sc
008041a0   _output_data
0080dde0   _output
0080ddf8   _input_data
00811c78   _input
00811c80   __ftable
00811e60   __tmpnams
00811fa0   __ft_end
00811fa4   _errno
00811fa8   _a
008123f0   _logtable
00812430   _kTable
00812450   _jTable
00812470   _V
00812490   _seed
00812494   _fp
00812498   _t_start
008124a0   _t_stop
008124a8   _t_offset
008124b0   _cycle_counts
008124d8   _fcn_pass
008124ec   _all_pass
0081250c   __cleanup_ptr
00812510   __dtors_ptr
00812514   ___TI_enable_exit_profile_output
00812524   __lock
00812528   __unlock
00812548   __stack
0081e548   __STACK_END
0081e560   _main
0081f9e0   _print_test_results
0081fd8c   _print_profile_results
0081feac   _print_memory_results
0081ff8c   _driver_init
00820040   __divd
00820b60   __printfi
008213e0   _fputs
008217a4   _isequal
00821a84   _gimme_random
008220a0   __divf
00822820   _free
00822aa0   __divull
00823380   _fputc
00823380   _putc
008237a0   _setvbuf
008239a0   _sinhf
00823f00   _HOSTrename
008240a0   __divul
00824240   _expf
008243e0   _malloc
00824560   _open
00824960   __closefile
00824cc0   _fseek
00824de0   _ldexpf
00824f00   _HOSTlseek
00825000   __fixdlli
00825100   __wrt_ok
00825200   _fprintf
00825400   _HOSTopen
008255c0   __fltllif
008256a0   _atoi
00825780   _close
00825860   _ltoa
00825940   _memset
00825a20   _printf
00825b00   _HOSTread
00825bc0   _HOSTunlink
00825c80   _HOSTwrite
00825d40   __auto_init
00825e00   __c6xabi_divu
00825e00   __divu
00825ec0   __doflush
00825f80   _exit
00826040   _HOSTclose
008260e0   __cleanup
00826180   __divli
00826360   __fixdli
008264a0   _copy_in
008265e0   _lseek
00826680   _memcpy
00826860   _write
00826900   __fltlid
00826980   __llshl
00826a00   _c_int00
00826a80   _rand
00826b00   _readmsg
00826b80   _unlink
00826c00   ___TI_cpp_init
00826c60   __frcmpyd_div
00826cc0   __llshru
00826d20   __subcull
00826d80   _fclose
00826de0   _fopen
00826e40   _memccpy
00826ea0   _modff
00826f00   _srand
00826fc0   _writemsg
00827018   C$$IO$$
00827020   ___isinf
008270a0   __args_main
008270e0   __remli
00827120   ___isinff
00827140   __negll
00827160   __nop
00827200   C$$EXIT
00827200   _abort
00827220   _remove
00827280   __sys_memory
0082f280   ___cinit__
0082f280   cinit
0082f860   const_start
0082fa68   __ctypes_
0082fbe8   __CIOBUF_
0082fd20   _sinhsp_v
00830780   _sinhsp
00830a80   _sinhsp_c
ffffffff   .data
ffffffff   .text
ffffffff   ___TI_pprof_out_hndl
ffffffff   ___TI_prof_data_size
ffffffff   ___TI_prof_data_start
ffffffff   ___binit__
ffffffff   ___c_args__
ffffffff   ___data__
ffffffff   ___edata__
ffffffff   ___etext__
ffffffff   ___pinit__
ffffffff   ___text__
ffffffff   binit
ffffffff   edata
ffffffff   etext
ffffffff   pinit

[148 symbols]
