<?xml version="1.0"?>
<link_info>
   <banner>TMS320C6x Linker PC v7.4.2</banner>
   <copyright>Copyright (c) 1996-2012 Texas Instruments Incorporated</copyright>
   <link_time>0x5278635f</link_time>
   <output_file>atan2dp_66_LE_COFF.out</output_file>
   <entry_point>
      <name>_c_int00</name>
      <address>0x839020</address>
   </entry_point>
   <input_file_list>
      <input_file id="fl-2">
         <path>.\</path>
         <kind>object</kind>
         <file>tables.obj</file>
         <name>tables.obj</name>
      </input_file>
      <input_file id="fl-3">
         <path>.\</path>
         <kind>object</kind>
         <file>drvdp.obj</file>
         <name>drvdp.obj</name>
      </input_file>
      <input_file id="fl-4">
         <path>.\</path>
         <kind>object</kind>
         <file>driver.obj</file>
         <name>driver.obj</name>
      </input_file>
      <input_file id="fl-5">
         <path>.\</path>
         <kind>object</kind>
         <file>atan2dp_d.obj</file>
         <name>atan2dp_d.obj</name>
      </input_file>
      <input_file id="fl-81">
         <path>C:\MATHLIB_Tools\CCSV5_4_0\ccsv5\tools\compiler\c6000_7.4.2\lib\</path>
         <kind>archive</kind>
         <file>rts6600_coff.lib</file>
         <name>atan2.obj</name>
      </input_file>
      <input_file id="fl-82">
         <path>C:\MATHLIB_Tools\CCSV5_4_0\ccsv5\tools\compiler\c6000_7.4.2\lib\</path>
         <kind>archive</kind>
         <file>rts6600_coff.lib</file>
         <name>boot.obj</name>
      </input_file>
      <input_file id="fl-83">
         <path>C:\MATHLIB_Tools\CCSV5_4_0\ccsv5\tools\compiler\c6000_7.4.2\lib\</path>
         <kind>archive</kind>
         <file>rts6600_coff.lib</file>
         <name>divd.obj</name>
      </input_file>
      <input_file id="fl-84">
         <path>C:\MATHLIB_Tools\CCSV5_4_0\ccsv5\tools\compiler\c6000_7.4.2\lib\</path>
         <kind>archive</kind>
         <file>rts6600_coff.lib</file>
         <name>errno.obj</name>
      </input_file>
      <input_file id="fl-85">
         <path>C:\MATHLIB_Tools\CCSV5_4_0\ccsv5\tools\compiler\c6000_7.4.2\lib\</path>
         <kind>archive</kind>
         <file>rts6600_coff.lib</file>
         <name>exit.obj</name>
      </input_file>
      <input_file id="fl-86">
         <path>C:\MATHLIB_Tools\CCSV5_4_0\ccsv5\tools\compiler\c6000_7.4.2\lib\</path>
         <kind>archive</kind>
         <file>rts6600_coff.lib</file>
         <name>fclose.obj</name>
      </input_file>
      <input_file id="fl-87">
         <path>C:\MATHLIB_Tools\CCSV5_4_0\ccsv5\tools\compiler\c6000_7.4.2\lib\</path>
         <kind>archive</kind>
         <file>rts6600_coff.lib</file>
         <name>fflush.obj</name>
      </input_file>
      <input_file id="fl-88">
         <path>C:\MATHLIB_Tools\CCSV5_4_0\ccsv5\tools\compiler\c6000_7.4.2\lib\</path>
         <kind>archive</kind>
         <file>rts6600_coff.lib</file>
         <name>fixdlli.obj</name>
      </input_file>
      <input_file id="fl-89">
         <path>C:\MATHLIB_Tools\CCSV5_4_0\ccsv5\tools\compiler\c6000_7.4.2\lib\</path>
         <kind>archive</kind>
         <file>rts6600_coff.lib</file>
         <name>fltllif.obj</name>
      </input_file>
      <input_file id="fl-8a">
         <path>C:\MATHLIB_Tools\CCSV5_4_0\ccsv5\tools\compiler\c6000_7.4.2\lib\</path>
         <kind>archive</kind>
         <file>rts6600_coff.lib</file>
         <name>fopen.obj</name>
      </input_file>
      <input_file id="fl-8b">
         <path>C:\MATHLIB_Tools\CCSV5_4_0\ccsv5\tools\compiler\c6000_7.4.2\lib\</path>
         <kind>archive</kind>
         <file>rts6600_coff.lib</file>
         <name>fprintf.obj</name>
      </input_file>
      <input_file id="fl-8c">
         <path>C:\MATHLIB_Tools\CCSV5_4_0\ccsv5\tools\compiler\c6000_7.4.2\lib\</path>
         <kind>archive</kind>
         <file>rts6600_coff.lib</file>
         <name>fputc.obj</name>
      </input_file>
      <input_file id="fl-8d">
         <path>C:\MATHLIB_Tools\CCSV5_4_0\ccsv5\tools\compiler\c6000_7.4.2\lib\</path>
         <kind>archive</kind>
         <file>rts6600_coff.lib</file>
         <name>fputs.obj</name>
      </input_file>
      <input_file id="fl-8e">
         <path>C:\MATHLIB_Tools\CCSV5_4_0\ccsv5\tools\compiler\c6000_7.4.2\lib\</path>
         <kind>archive</kind>
         <file>rts6600_coff.lib</file>
         <name>frcmpyd_div.obj</name>
      </input_file>
      <input_file id="fl-8f">
         <path>C:\MATHLIB_Tools\CCSV5_4_0\ccsv5\tools\compiler\c6000_7.4.2\lib\</path>
         <kind>archive</kind>
         <file>rts6600_coff.lib</file>
         <name>frexp.obj</name>
      </input_file>
      <input_file id="fl-90">
         <path>C:\MATHLIB_Tools\CCSV5_4_0\ccsv5\tools\compiler\c6000_7.4.2\lib\</path>
         <kind>archive</kind>
         <file>rts6600_coff.lib</file>
         <name>isinf.obj</name>
      </input_file>
      <input_file id="fl-91">
         <path>C:\MATHLIB_Tools\CCSV5_4_0\ccsv5\tools\compiler\c6000_7.4.2\lib\</path>
         <kind>archive</kind>
         <file>rts6600_coff.lib</file>
         <name>llshift.obj</name>
      </input_file>
      <input_file id="fl-92">
         <path>C:\MATHLIB_Tools\CCSV5_4_0\ccsv5\tools\compiler\c6000_7.4.2\lib\</path>
         <kind>archive</kind>
         <file>rts6600_coff.lib</file>
         <name>lowlev.obj</name>
      </input_file>
      <input_file id="fl-93">
         <path>C:\MATHLIB_Tools\CCSV5_4_0\ccsv5\tools\compiler\c6000_7.4.2\lib\</path>
         <kind>archive</kind>
         <file>rts6600_coff.lib</file>
         <name>memcpy64.obj</name>
      </input_file>
      <input_file id="fl-94">
         <path>C:\MATHLIB_Tools\CCSV5_4_0\ccsv5\tools\compiler\c6000_7.4.2\lib\</path>
         <kind>archive</kind>
         <file>rts6600_coff.lib</file>
         <name>memory.obj</name>
      </input_file>
      <input_file id="fl-95">
         <path>C:\MATHLIB_Tools\CCSV5_4_0\ccsv5\tools\compiler\c6000_7.4.2\lib\</path>
         <kind>archive</kind>
         <file>rts6600_coff.lib</file>
         <name>memset.obj</name>
      </input_file>
      <input_file id="fl-96">
         <path>C:\MATHLIB_Tools\CCSV5_4_0\ccsv5\tools\compiler\c6000_7.4.2\lib\</path>
         <kind>archive</kind>
         <file>rts6600_coff.lib</file>
         <name>negll.obj</name>
      </input_file>
      <input_file id="fl-97">
         <path>C:\MATHLIB_Tools\CCSV5_4_0\ccsv5\tools\compiler\c6000_7.4.2\lib\</path>
         <kind>archive</kind>
         <file>rts6600_coff.lib</file>
         <name>printf.obj</name>
      </input_file>
      <input_file id="fl-98">
         <path>C:\MATHLIB_Tools\CCSV5_4_0\ccsv5\tools\compiler\c6000_7.4.2\lib\</path>
         <kind>archive</kind>
         <file>rts6600_coff.lib</file>
         <name>rand.obj</name>
      </input_file>
      <input_file id="fl-99">
         <path>C:\MATHLIB_Tools\CCSV5_4_0\ccsv5\tools\compiler\c6000_7.4.2\lib\</path>
         <kind>archive</kind>
         <file>rts6600_coff.lib</file>
         <name>remove.obj</name>
      </input_file>
      <input_file id="fl-9a">
         <path>C:\MATHLIB_Tools\CCSV5_4_0\ccsv5\tools\compiler\c6000_7.4.2\lib\</path>
         <kind>archive</kind>
         <file>rts6600_coff.lib</file>
         <name>trgdrv.obj</name>
      </input_file>
      <input_file id="fl-9b">
         <path>C:\MATHLIB_Tools\CCSV5_4_0\ccsv5\tools\compiler\c6000_7.4.2\lib\</path>
         <kind>archive</kind>
         <file>rts6600_coff.lib</file>
         <name>trgmsg.obj</name>
      </input_file>
      <input_file id="fl-9c">
         <path>C:\MATHLIB_Tools\CCSV5_4_0\ccsv5\tools\compiler\c6000_7.4.2\lib\</path>
         <kind>archive</kind>
         <file>rts6600_coff.lib</file>
         <name>_io_perm.obj</name>
      </input_file>
      <input_file id="fl-9d">
         <path>C:\MATHLIB_Tools\CCSV5_4_0\ccsv5\tools\compiler\c6000_7.4.2\lib\</path>
         <kind>archive</kind>
         <file>rts6600_coff.lib</file>
         <name>_lock.obj</name>
      </input_file>
      <input_file id="fl-9e">
         <path>C:\MATHLIB_Tools\CCSV5_4_0\ccsv5\tools\compiler\c6000_7.4.2\lib\</path>
         <kind>archive</kind>
         <file>rts6600_coff.lib</file>
         <name>_printfi.obj</name>
      </input_file>
      <input_file id="fl-9f">
         <path>C:\MATHLIB_Tools\CCSV5_4_0\ccsv5\tools\compiler\c6000_7.4.2\lib\</path>
         <kind>archive</kind>
         <file>rts6600_coff.lib</file>
         <name>args_main.obj</name>
      </input_file>
      <input_file id="fl-a0">
         <path>C:\MATHLIB_Tools\CCSV5_4_0\ccsv5\tools\compiler\c6000_7.4.2\lib\</path>
         <kind>archive</kind>
         <file>rts6600_coff.lib</file>
         <name>atan.obj</name>
      </input_file>
      <input_file id="fl-a1">
         <path>C:\MATHLIB_Tools\CCSV5_4_0\ccsv5\tools\compiler\c6000_7.4.2\lib\</path>
         <kind>archive</kind>
         <file>rts6600_coff.lib</file>
         <name>atoi.obj</name>
      </input_file>
      <input_file id="fl-a2">
         <path>C:\MATHLIB_Tools\CCSV5_4_0\ccsv5\tools\compiler\c6000_7.4.2\lib\</path>
         <kind>archive</kind>
         <file>rts6600_coff.lib</file>
         <name>autoinit.obj</name>
      </input_file>
      <input_file id="fl-a3">
         <path>C:\MATHLIB_Tools\CCSV5_4_0\ccsv5\tools\compiler\c6000_7.4.2\lib\</path>
         <kind>archive</kind>
         <file>rts6600_coff.lib</file>
         <name>cpp_init.obj</name>
      </input_file>
      <input_file id="fl-a4">
         <path>C:\MATHLIB_Tools\CCSV5_4_0\ccsv5\tools\compiler\c6000_7.4.2\lib\</path>
         <kind>archive</kind>
         <file>rts6600_coff.lib</file>
         <name>cpy_tbl.obj</name>
      </input_file>
      <input_file id="fl-a5">
         <path>C:\MATHLIB_Tools\CCSV5_4_0\ccsv5\tools\compiler\c6000_7.4.2\lib\</path>
         <kind>archive</kind>
         <file>rts6600_coff.lib</file>
         <name>ctype.obj</name>
      </input_file>
      <input_file id="fl-a6">
         <path>C:\MATHLIB_Tools\CCSV5_4_0\ccsv5\tools\compiler\c6000_7.4.2\lib\</path>
         <kind>archive</kind>
         <file>rts6600_coff.lib</file>
         <name>defs.obj</name>
      </input_file>
      <input_file id="fl-a7">
         <path>C:\MATHLIB_Tools\CCSV5_4_0\ccsv5\tools\compiler\c6000_7.4.2\lib\</path>
         <kind>archive</kind>
         <file>rts6600_coff.lib</file>
         <name>divu.obj</name>
      </input_file>
      <input_file id="fl-a8">
         <path>C:\MATHLIB_Tools\CCSV5_4_0\ccsv5\tools\compiler\c6000_7.4.2\lib\</path>
         <kind>archive</kind>
         <file>rts6600_coff.lib</file>
         <name>fixdli.obj</name>
      </input_file>
      <input_file id="fl-a9">
         <path>C:\MATHLIB_Tools\CCSV5_4_0\ccsv5\tools\compiler\c6000_7.4.2\lib\</path>
         <kind>archive</kind>
         <file>rts6600_coff.lib</file>
         <name>fltlid.obj</name>
      </input_file>
      <input_file id="fl-aa">
         <path>C:\MATHLIB_Tools\CCSV5_4_0\ccsv5\tools\compiler\c6000_7.4.2\lib\</path>
         <kind>archive</kind>
         <file>rts6600_coff.lib</file>
         <name>fseek.obj</name>
      </input_file>
      <input_file id="fl-ab">
         <path>C:\MATHLIB_Tools\CCSV5_4_0\ccsv5\tools\compiler\c6000_7.4.2\lib\</path>
         <kind>archive</kind>
         <file>rts6600_coff.lib</file>
         <name>imath40.obj</name>
      </input_file>
      <input_file id="fl-ac">
         <path>C:\MATHLIB_Tools\CCSV5_4_0\ccsv5\tools\compiler\c6000_7.4.2\lib\</path>
         <kind>archive</kind>
         <file>rts6600_coff.lib</file>
         <name>imath64.obj</name>
      </input_file>
      <input_file id="fl-ad">
         <path>C:\MATHLIB_Tools\CCSV5_4_0\ccsv5\tools\compiler\c6000_7.4.2\lib\</path>
         <kind>archive</kind>
         <file>rts6600_coff.lib</file>
         <name>ltoa.obj</name>
      </input_file>
      <input_file id="fl-ae">
         <path>C:\MATHLIB_Tools\CCSV5_4_0\ccsv5\tools\compiler\c6000_7.4.2\lib\</path>
         <kind>archive</kind>
         <file>rts6600_coff.lib</file>
         <name>memccpy.obj</name>
      </input_file>
      <input_file id="fl-af">
         <path>C:\MATHLIB_Tools\CCSV5_4_0\ccsv5\tools\compiler\c6000_7.4.2\lib\</path>
         <kind>archive</kind>
         <file>rts6600_coff.lib</file>
         <name>setvbuf.obj</name>
      </input_file>
      <input_file id="fl-b0">
         <path>C:\MATHLIB_Tools\CCSV5_4_0\ccsv5\tools\compiler\c6000_7.4.2\lib\</path>
         <kind>archive</kind>
         <file>rts6600_coff.lib</file>
         <name>abs.obj</name>
      </input_file>
      <input_file id="fl-b6">
         <path>..\..\..\..\..\lib\</path>
         <kind>archive</kind>
         <file>mathlib.a66</file>
         <name>atan2dp_c.o66</name>
      </input_file>
      <input_file id="fl-b7">
         <path>..\..\..\..\..\lib\</path>
         <kind>archive</kind>
         <file>mathlib.a66</file>
         <name>atan2dp_v.o66</name>
      </input_file>
      <input_file id="fl-b8">
         <path>..\..\..\..\..\lib\</path>
         <kind>archive</kind>
         <file>mathlib.a66</file>
         <name>atan2dp.o66</name>
      </input_file>
      <input_file id="fl-b9">
         <path>..\..\..\..\..\lib\</path>
         <kind>archive</kind>
         <file>mathlib.a66</file>
         <name>divdp.o66</name>
      </input_file>
      <input_file id="fl-ba">
         <path>..\..\..\..\..\lib\</path>
         <kind>archive</kind>
         <file>mathlib.a66</file>
         <name>recipdp.o66</name>
      </input_file>
   </input_file_list>
   <object_component_list>
      <object_component id="oc-cb">
         <name>.text:optasm</name>
         <load_address>0x843140</load_address>
         <run_address>0x843140</run_address>
         <size>0x2c0</size>
         <input_file_ref idref="fl-b8"/>
      </object_component>
      <object_component id="oc-cf">
         <name>.text:optasm</name>
         <load_address>0x843400</load_address>
         <run_address>0x843400</run_address>
         <size>0x80</size>
         <input_file_ref idref="fl-b9"/>
      </object_component>
      <object_component id="oc-d3">
         <name>.text:optasm</name>
         <load_address>0x843480</load_address>
         <run_address>0x843480</run_address>
         <size>0x80</size>
         <input_file_ref idref="fl-ba"/>
      </object_component>
      <object_component id="oc-ed">
         <name>.text:optvec</name>
         <load_address>0x842cc0</load_address>
         <run_address>0x842cc0</run_address>
         <size>0x480</size>
         <input_file_ref idref="fl-b7"/>
      </object_component>
      <object_component id="oc-eb">
         <name>.text:optci</name>
         <load_address>0x843500</load_address>
         <run_address>0x843500</run_address>
         <size>0x3c0</size>
         <input_file_ref idref="fl-b6"/>
      </object_component>
      <object_component id="oc-e5">
         <name>.text</name>
         <load_address>0x830b60</load_address>
         <run_address>0x830b60</run_address>
         <size>0x1600</size>
         <input_file_ref idref="fl-5"/>
      </object_component>
      <object_component id="oc-e9">
         <name>.text</name>
         <load_address>0x832160</load_address>
         <run_address>0x832160</run_address>
         <size>0x660</size>
         <input_file_ref idref="fl-4"/>
      </object_component>
      <object_component id="oc-f8">
         <name>.text:__divd</name>
         <load_address>0x8327c0</load_address>
         <run_address>0x8327c0</run_address>
         <size>0x5c0</size>
         <input_file_ref idref="fl-83"/>
      </object_component>
      <object_component id="oc-126">
         <name>.text:__getarg_diouxp</name>
         <load_address>0x832d80</load_address>
         <run_address>0x832d80</run_address>
         <size>0x560</size>
         <input_file_ref idref="fl-9e"/>
      </object_component>
      <object_component id="oc-ff">
         <name>.text:__printfi</name>
         <load_address>0x8332e0</load_address>
         <run_address>0x8332e0</run_address>
         <size>0x440</size>
         <input_file_ref idref="fl-9e"/>
      </object_component>
      <object_component id="oc-10a">
         <name>.text:__setfield</name>
         <load_address>0x833720</load_address>
         <run_address>0x833720</run_address>
         <size>0x440</size>
         <input_file_ref idref="fl-9e"/>
      </object_component>
      <object_component id="oc-107">
         <name>.text:_fputs</name>
         <load_address>0x833b60</load_address>
         <run_address>0x833b60</run_address>
         <size>0x3a0</size>
         <input_file_ref idref="fl-8d"/>
      </object_component>
      <object_component id="oc-ee">
         <name>.text</name>
         <load_address>0x833f00</load_address>
         <run_address>0x833f00</run_address>
         <size>0x360</size>
         <input_file_ref idref="fl-3"/>
      </object_component>
      <object_component id="oc-117">
         <name>.text:__pproc_fge</name>
         <load_address>0x834260</load_address>
         <run_address>0x834260</run_address>
         <size>0x320</size>
         <input_file_ref idref="fl-9e"/>
      </object_component>
      <object_component id="oc-109">
         <name>.text:__pproc_fwp</name>
         <load_address>0x834580</load_address>
         <run_address>0x834580</run_address>
         <size>0x2c0</size>
         <input_file_ref idref="fl-9e"/>
      </object_component>
      <object_component id="oc-12b">
         <name>.text:_ecvt</name>
         <load_address>0x834840</load_address>
         <run_address>0x834840</run_address>
         <size>0x280</size>
         <input_file_ref idref="fl-9e"/>
      </object_component>
      <object_component id="oc-12e">
         <name>.text:_fcvt</name>
         <load_address>0x834ac0</load_address>
         <run_address>0x834ac0</run_address>
         <size>0x280</size>
         <input_file_ref idref="fl-9e"/>
      </object_component>
      <object_component id="oc-111">
         <name>.text:_free</name>
         <load_address>0x834d40</load_address>
         <run_address>0x834d40</run_address>
         <size>0x280</size>
         <input_file_ref idref="fl-94"/>
      </object_component>
      <object_component id="oc-ec">
         <name>.text:optci</name>
         <load_address>0x834fc0</load_address>
         <run_address>0x834fc0</run_address>
         <size>0x260</size>
         <input_file_ref idref="fl-5"/>
      </object_component>
      <object_component id="oc-136">
         <name>.text:__divull</name>
         <load_address>0x835220</load_address>
         <run_address>0x835220</run_address>
         <size>0x240</size>
         <input_file_ref idref="fl-ac"/>
      </object_component>
      <object_component id="oc-125">
         <name>.text:__pconv_e</name>
         <load_address>0x835460</load_address>
         <run_address>0x835460</run_address>
         <size>0x240</size>
         <input_file_ref idref="fl-9e"/>
      </object_component>
      <object_component id="oc-118">
         <name>.text:__pproc_diouxp</name>
         <load_address>0x8356a0</load_address>
         <run_address>0x8356a0</run_address>
         <size>0x240</size>
         <input_file_ref idref="fl-9e"/>
      </object_component>
      <object_component id="oc-10b">
         <name>.text:__pproc_str</name>
         <load_address>0x8358e0</load_address>
         <run_address>0x8358e0</run_address>
         <size>0x220</size>
         <input_file_ref idref="fl-9e"/>
      </object_component>
      <object_component id="oc-10c">
         <name>.text:_fputc</name>
         <load_address>0x835b00</load_address>
         <run_address>0x835b00</run_address>
         <size>0x220</size>
         <input_file_ref idref="fl-8c"/>
      </object_component>
      <object_component id="oc-123">
         <name>.text:__pconv_g</name>
         <load_address>0x835d20</load_address>
         <run_address>0x835d20</run_address>
         <size>0x200</size>
         <input_file_ref idref="fl-9e"/>
      </object_component>
      <object_component id="oc-120">
         <name>.text:_setvbuf</name>
         <load_address>0x835f20</load_address>
         <run_address>0x835f20</run_address>
         <size>0x200</size>
         <input_file_ref idref="fl-af"/>
      </object_component>
      <object_component id="oc-12d">
         <name>.text:__mcpy</name>
         <load_address>0x836120</load_address>
         <run_address>0x836120</run_address>
         <size>0x1c0</size>
         <input_file_ref idref="fl-9e"/>
      </object_component>
      <object_component id="oc-102">
         <name>.text:__openfile</name>
         <load_address>0x8362e0</load_address>
         <run_address>0x8362e0</run_address>
         <size>0x1c0</size>
         <input_file_ref idref="fl-8a"/>
      </object_component>
      <object_component id="oc-f9">
         <name>.text:_atan</name>
         <load_address>0x8364a0</load_address>
         <run_address>0x8364a0</run_address>
         <size>0x1c0</size>
         <input_file_ref idref="fl-a0"/>
      </object_component>
      <object_component id="oc-e0">
         <name>.text:_HOSTrename</name>
         <load_address>0x836660</load_address>
         <run_address>0x836660</run_address>
         <size>0x1a0</size>
         <input_file_ref idref="fl-9a"/>
      </object_component>
      <object_component id="oc-135">
         <name>.text:__divul</name>
         <load_address>0x836800</load_address>
         <run_address>0x836800</run_address>
         <size>0x1a0</size>
         <input_file_ref idref="fl-ab"/>
      </object_component>
      <object_component id="oc-ea">
         <name>.text:_atan2</name>
         <load_address>0x8369a0</load_address>
         <run_address>0x8369a0</run_address>
         <size>0x180</size>
         <input_file_ref idref="fl-81"/>
      </object_component>
      <object_component id="oc-12a">
         <name>.text:_malloc</name>
         <load_address>0x836b20</load_address>
         <run_address>0x836b20</run_address>
         <size>0x180</size>
         <input_file_ref idref="fl-94"/>
      </object_component>
      <object_component id="oc-10f">
         <name>.text:_open</name>
         <load_address>0x836ca0</load_address>
         <run_address>0x836ca0</run_address>
         <size>0x180</size>
         <input_file_ref idref="fl-92"/>
      </object_component>
      <object_component id="oc-108">
         <name>.text:__pproc_fflags</name>
         <load_address>0x836e20</load_address>
         <run_address>0x836e20</run_address>
         <size>0x140</size>
         <input_file_ref idref="fl-9e"/>
      </object_component>
      <object_component id="oc-11b">
         <name>.text:_getdevice</name>
         <load_address>0x836f60</load_address>
         <run_address>0x836f60</run_address>
         <size>0x140</size>
         <input_file_ref idref="fl-92"/>
      </object_component>
      <object_component id="oc-105">
         <name>.text:__closefile</name>
         <load_address>0x8370a0</load_address>
         <run_address>0x8370a0</run_address>
         <size>0x120</size>
         <input_file_ref idref="fl-86"/>
      </object_component>
      <object_component id="oc-127">
         <name>.text:__ltostr</name>
         <load_address>0x8371c0</load_address>
         <run_address>0x8371c0</run_address>
         <size>0x120</size>
         <input_file_ref idref="fl-9e"/>
      </object_component>
      <object_component id="oc-101">
         <name>.text:__search_fp</name>
         <load_address>0x8372e0</load_address>
         <run_address>0x8372e0</run_address>
         <size>0x120</size>
         <input_file_ref idref="fl-8a"/>
      </object_component>
      <object_component id="oc-11f">
         <name>.text:_fseek</name>
         <load_address>0x837400</load_address>
         <run_address>0x837400</run_address>
         <size>0x120</size>
         <input_file_ref idref="fl-aa"/>
      </object_component>
      <object_component id="oc-de">
         <name>.text:_HOSTlseek</name>
         <load_address>0x837520</load_address>
         <run_address>0x837520</run_address>
         <size>0x100</size>
         <input_file_ref idref="fl-9a"/>
      </object_component>
      <object_component id="oc-f0">
         <name>.text:__fixdlli</name>
         <load_address>0x837620</load_address>
         <run_address>0x837620</run_address>
         <size>0x100</size>
         <input_file_ref idref="fl-88"/>
      </object_component>
      <object_component id="oc-114">
         <name>.text:__wrt_ok</name>
         <load_address>0x837720</load_address>
         <run_address>0x837720</run_address>
         <size>0x100</size>
         <input_file_ref idref="fl-9c"/>
      </object_component>
      <object_component id="oc-f4">
         <name>.text:_fprintf</name>
         <load_address>0x837820</load_address>
         <run_address>0x837820</run_address>
         <size>0x100</size>
         <input_file_ref idref="fl-8b"/>
      </object_component>
      <object_component id="oc-f7">
         <name>.text:_frexp</name>
         <load_address>0x837920</load_address>
         <run_address>0x837920</run_address>
         <size>0x100</size>
         <input_file_ref idref="fl-8f"/>
      </object_component>
      <object_component id="oc-da">
         <name>.text:_HOSTopen</name>
         <load_address>0x837a20</load_address>
         <run_address>0x837a20</run_address>
         <size>0xe0</size>
         <input_file_ref idref="fl-9a"/>
      </object_component>
      <object_component id="oc-130">
         <name>.text:__div</name>
         <load_address>0x837b00</load_address>
         <run_address>0x837b00</run_address>
         <size>0xe0</size>
         <input_file_ref idref="fl-9e"/>
      </object_component>
      <object_component id="oc-ef">
         <name>.text:__fltllif</name>
         <load_address>0x837be0</load_address>
         <run_address>0x837be0</run_address>
         <size>0xe0</size>
         <input_file_ref idref="fl-89"/>
      </object_component>
      <object_component id="oc-116">
         <name>.text:_atoi</name>
         <load_address>0x837cc0</load_address>
         <run_address>0x837cc0</run_address>
         <size>0xe0</size>
         <input_file_ref idref="fl-a1"/>
      </object_component>
      <object_component id="oc-112">
         <name>.text:_close</name>
         <load_address>0x837da0</load_address>
         <run_address>0x837da0</run_address>
         <size>0xe0</size>
         <input_file_ref idref="fl-92"/>
      </object_component>
      <object_component id="oc-132">
         <name>.text:_ltoa</name>
         <load_address>0x837e80</load_address>
         <run_address>0x837e80</run_address>
         <size>0xe0</size>
         <input_file_ref idref="fl-ad"/>
      </object_component>
      <object_component id="oc-10d">
         <name>.text:_memset</name>
         <load_address>0x837f60</load_address>
         <run_address>0x837f60</run_address>
         <size>0xe0</size>
         <input_file_ref idref="fl-95"/>
      </object_component>
      <object_component id="oc-f1">
         <name>.text:_printf</name>
         <load_address>0x838040</load_address>
         <run_address>0x838040</run_address>
         <size>0xe0</size>
         <input_file_ref idref="fl-97"/>
      </object_component>
      <object_component id="oc-dc">
         <name>.text:_HOSTread</name>
         <load_address>0x838120</load_address>
         <run_address>0x838120</run_address>
         <size>0xc0</size>
         <input_file_ref idref="fl-9a"/>
      </object_component>
      <object_component id="oc-df">
         <name>.text:_HOSTunlink</name>
         <load_address>0x8381e0</load_address>
         <run_address>0x8381e0</run_address>
         <size>0xc0</size>
         <input_file_ref idref="fl-9a"/>
      </object_component>
      <object_component id="oc-dd">
         <name>.text:_HOSTwrite</name>
         <load_address>0x8382a0</load_address>
         <run_address>0x8382a0</run_address>
         <size>0xc0</size>
         <input_file_ref idref="fl-9a"/>
      </object_component>
      <object_component id="oc-d7">
         <name>.text:__auto_init</name>
         <load_address>0x838360</load_address>
         <run_address>0x838360</run_address>
         <size>0xc0</size>
         <input_file_ref idref="fl-a2"/>
      </object_component>
      <object_component id="oc-134">
         <name>.text:__divu</name>
         <load_address>0x838420</load_address>
         <run_address>0x838420</run_address>
         <size>0xc0</size>
         <input_file_ref idref="fl-a7"/>
      </object_component>
      <object_component id="oc-110">
         <name>.text:__doflush</name>
         <load_address>0x8384e0</load_address>
         <run_address>0x8384e0</run_address>
         <size>0xc0</size>
         <input_file_ref idref="fl-87"/>
      </object_component>
      <object_component id="oc-d9">
         <name>.text:_exit</name>
         <load_address>0x8385a0</load_address>
         <run_address>0x8385a0</run_address>
         <size>0xc0</size>
         <input_file_ref idref="fl-85"/>
      </object_component>
      <object_component id="oc-db">
         <name>.text:_HOSTclose</name>
         <load_address>0x838660</load_address>
         <run_address>0x838660</run_address>
         <size>0xa0</size>
         <input_file_ref idref="fl-9a"/>
      </object_component>
      <object_component id="oc-10e">
         <name>.text:__cleanup</name>
         <load_address>0x838700</load_address>
         <run_address>0x838700</run_address>
         <size>0xa0</size>
         <input_file_ref idref="fl-8a"/>
      </object_component>
      <object_component id="oc-138">
         <name>.text:__divli</name>
         <load_address>0x8387a0</load_address>
         <run_address>0x8387a0</run_address>
         <size>0xa0</size>
         <input_file_ref idref="fl-ab"/>
      </object_component>
      <object_component id="oc-12c">
         <name>.text:__ecpy</name>
         <load_address>0x838840</load_address>
         <run_address>0x838840</run_address>
         <size>0xa0</size>
         <input_file_ref idref="fl-9e"/>
      </object_component>
      <object_component id="oc-12f">
         <name>.text:__fcpy</name>
         <load_address>0x8388e0</load_address>
         <run_address>0x8388e0</run_address>
         <size>0xa0</size>
         <input_file_ref idref="fl-9e"/>
      </object_component>
      <object_component id="oc-131">
         <name>.text:__fixdli</name>
         <load_address>0x838980</load_address>
         <run_address>0x838980</run_address>
         <size>0xa0</size>
         <input_file_ref idref="fl-a8"/>
      </object_component>
      <object_component id="oc-124">
         <name>.text:__pconv_f</name>
         <load_address>0x838a20</load_address>
         <run_address>0x838a20</run_address>
         <size>0xa0</size>
         <input_file_ref idref="fl-9e"/>
      </object_component>
      <object_component id="oc-e2">
         <name>.text:_copy_in</name>
         <load_address>0x838ac0</load_address>
         <run_address>0x838ac0</run_address>
         <size>0xa0</size>
         <input_file_ref idref="fl-a4"/>
      </object_component>
      <object_component id="oc-128">
         <name>.text:_finddevice</name>
         <load_address>0x838b60</load_address>
         <run_address>0x838b60</run_address>
         <size>0xa0</size>
         <input_file_ref idref="fl-92"/>
      </object_component>
      <object_component id="oc-129">
         <name>.text:_lseek</name>
         <load_address>0x838c00</load_address>
         <run_address>0x838c00</run_address>
         <size>0xa0</size>
         <input_file_ref idref="fl-92"/>
      </object_component>
      <object_component id="oc-e3">
         <name>.text:_memcpy</name>
         <load_address>0x838ca0</load_address>
         <run_address>0x838ca0</run_address>
         <size>0xa0</size>
         <input_file_ref idref="fl-93"/>
      </object_component>
      <object_component id="oc-11d">
         <name>.text:_minsert</name>
         <load_address>0x838d40</load_address>
         <run_address>0x838d40</run_address>
         <size>0xa0</size>
         <input_file_ref idref="fl-94"/>
      </object_component>
      <object_component id="oc-11c">
         <name>.text:_mremove</name>
         <load_address>0x838de0</load_address>
         <run_address>0x838de0</run_address>
         <size>0xa0</size>
         <input_file_ref idref="fl-94"/>
      </object_component>
      <object_component id="oc-115">
         <name>.text:_write</name>
         <load_address>0x838e80</load_address>
         <run_address>0x838e80</run_address>
         <size>0xa0</size>
         <input_file_ref idref="fl-92"/>
      </object_component>
      <object_component id="oc-133">
         <name>.text:__fltlid</name>
         <load_address>0x838f20</load_address>
         <run_address>0x838f20</run_address>
         <size>0x80</size>
         <input_file_ref idref="fl-a9"/>
      </object_component>
      <object_component id="oc-fc">
         <name>.text:__llshl</name>
         <load_address>0x838fa0</load_address>
         <run_address>0x838fa0</run_address>
         <size>0x80</size>
         <input_file_ref idref="fl-91"/>
      </object_component>
      <object_component id="oc-1b">
         <name>.text:_c_int00</name>
         <load_address>0x839020</load_address>
         <run_address>0x839020</run_address>
         <size>0x80</size>
         <input_file_ref idref="fl-82"/>
      </object_component>
      <object_component id="oc-f2">
         <name>.text:_rand</name>
         <load_address>0x8390a0</load_address>
         <run_address>0x8390a0</run_address>
         <size>0x80</size>
         <input_file_ref idref="fl-98"/>
      </object_component>
      <object_component id="oc-e8">
         <name>.text:_readmsg</name>
         <load_address>0x839120</load_address>
         <run_address>0x839120</run_address>
         <size>0x80</size>
         <input_file_ref idref="fl-9b"/>
      </object_component>
      <object_component id="oc-11e">
         <name>.text:_unlink</name>
         <load_address>0x8391a0</load_address>
         <run_address>0x8391a0</run_address>
         <size>0x80</size>
         <input_file_ref idref="fl-92"/>
      </object_component>
      <object_component id="oc-e4">
         <name>.text:___TI_cpp_init</name>
         <load_address>0x839220</load_address>
         <run_address>0x839220</run_address>
         <size>0x60</size>
         <input_file_ref idref="fl-a3"/>
      </object_component>
      <object_component id="oc-106">
         <name>.text:__frcmpyd_div</name>
         <load_address>0x839280</load_address>
         <run_address>0x839280</run_address>
         <size>0x60</size>
         <input_file_ref idref="fl-8e"/>
      </object_component>
      <object_component id="oc-fd">
         <name>.text:__llshru</name>
         <load_address>0x8392e0</load_address>
         <run_address>0x8392e0</run_address>
         <size>0x60</size>
         <input_file_ref idref="fl-91"/>
      </object_component>
      <object_component id="oc-139">
         <name>.text:__subcull</name>
         <load_address>0x839340</load_address>
         <run_address>0x839340</run_address>
         <size>0x60</size>
         <input_file_ref idref="fl-ac"/>
      </object_component>
      <object_component id="oc-f5">
         <name>.text:_fclose</name>
         <load_address>0x8393a0</load_address>
         <run_address>0x8393a0</run_address>
         <size>0x60</size>
         <input_file_ref idref="fl-86"/>
      </object_component>
      <object_component id="oc-f3">
         <name>.text:_fopen</name>
         <load_address>0x839400</load_address>
         <run_address>0x839400</run_address>
         <size>0x60</size>
         <input_file_ref idref="fl-8a"/>
      </object_component>
      <object_component id="oc-119">
         <name>.text:_memccpy</name>
         <load_address>0x839460</load_address>
         <run_address>0x839460</run_address>
         <size>0x60</size>
         <input_file_ref idref="fl-ae"/>
      </object_component>
      <object_component id="oc-f6">
         <name>.text:_srand</name>
         <load_address>0x8394c0</load_address>
         <run_address>0x8394c0</run_address>
         <size>0x60</size>
         <input_file_ref idref="fl-98"/>
      </object_component>
      <object_component id="oc-11a">
         <name>.text:_tabinit</name>
         <load_address>0x839520</load_address>
         <run_address>0x839520</run_address>
         <size>0x60</size>
         <input_file_ref idref="fl-92"/>
      </object_component>
      <object_component id="oc-e7">
         <name>.text:_writemsg</name>
         <load_address>0x839580</load_address>
         <run_address>0x839580</run_address>
         <size>0x60</size>
         <input_file_ref idref="fl-9b"/>
      </object_component>
      <object_component id="oc-fa">
         <name>.text:___isinf</name>
         <load_address>0x8395e0</load_address>
         <run_address>0x8395e0</run_address>
         <size>0x40</size>
         <input_file_ref idref="fl-90"/>
      </object_component>
      <object_component id="oc-122">
         <name>.text:___isnan</name>
         <load_address>0x839620</load_address>
         <run_address>0x839620</run_address>
         <size>0x40</size>
         <input_file_ref idref="fl-9e"/>
      </object_component>
      <object_component id="oc-d8">
         <name>.text:__args_main</name>
         <load_address>0x839660</load_address>
         <run_address>0x839660</run_address>
         <size>0x40</size>
         <input_file_ref idref="fl-9f"/>
      </object_component>
      <object_component id="oc-137">
         <name>.text:__remli</name>
         <load_address>0x8396a0</load_address>
         <run_address>0x8396a0</run_address>
         <size>0x40</size>
         <input_file_ref idref="fl-ab"/>
      </object_component>
      <object_component id="oc-fb">
         <name>.text:__negll</name>
         <load_address>0x8396e0</load_address>
         <run_address>0x8396e0</run_address>
         <size>0x20</size>
         <input_file_ref idref="fl-96"/>
      </object_component>
      <object_component id="oc-e1">
         <name>.text:__nop</name>
         <load_address>0x839700</load_address>
         <run_address>0x839700</run_address>
         <size>0x20</size>
         <input_file_ref idref="fl-9d"/>
      </object_component>
      <object_component id="oc-104">
         <name>.text:__outc</name>
         <load_address>0x839720</load_address>
         <run_address>0x839720</run_address>
         <size>0x20</size>
         <input_file_ref idref="fl-8b"/>
      </object_component>
      <object_component id="oc-100">
         <name>.text:__outc</name>
         <load_address>0x839740</load_address>
         <run_address>0x839740</run_address>
         <size>0x20</size>
         <input_file_ref idref="fl-97"/>
      </object_component>
      <object_component id="oc-103">
         <name>.text:__outs</name>
         <load_address>0x839760</load_address>
         <run_address>0x839760</run_address>
         <size>0x20</size>
         <input_file_ref idref="fl-8b"/>
      </object_component>
      <object_component id="oc-fe">
         <name>.text:__outs</name>
         <load_address>0x839780</load_address>
         <run_address>0x839780</run_address>
         <size>0x20</size>
         <input_file_ref idref="fl-97"/>
      </object_component>
      <object_component id="oc-e6">
         <name>.text:_abort</name>
         <load_address>0x8397a0</load_address>
         <run_address>0x8397a0</run_address>
         <size>0x20</size>
         <input_file_ref idref="fl-85"/>
      </object_component>
      <object_component id="oc-113">
         <name>.text:_remove</name>
         <load_address>0x8397c0</load_address>
         <run_address>0x8397c0</run_address>
         <size>0x20</size>
         <input_file_ref idref="fl-99"/>
      </object_component>
      <object_component id="oc-15a">
         <name>$Tramp$S$$_atan2dp_v</name>
         <load_address>0x8397e0</load_address>
         <run_address>0x8397e0</run_address>
         <size>0x10</size>
         <input_file_ref idref="fl-b7"/>
      </object_component>
      <object_component id="oc-159">
         <name>$Tramp$S$$_atan2dp_c</name>
         <load_address>0x8397f0</load_address>
         <run_address>0x8397f0</run_address>
         <size>0x10</size>
         <input_file_ref idref="fl-b6"/>
      </object_component>
      <object_component id="oc-158">
         <name>$Tramp$S$$_atan2dp</name>
         <load_address>0x839800</load_address>
         <run_address>0x839800</run_address>
         <size>0x10</size>
         <input_file_ref idref="fl-b8"/>
      </object_component>
      <object_component id="oc-1f">
         <name>.far</name>
         <uninitialized>true</uninitialized>
         <run_address>0x800000</run_address>
         <size>0x238e0</size>
         <input_file_ref idref="fl-3"/>
      </object_component>
      <object_component id="oc-23">
         <name>.far</name>
         <uninitialized>true</uninitialized>
         <run_address>0x8238e0</run_address>
         <size>0xc90</size>
         <input_file_ref idref="fl-5"/>
      </object_component>
      <object_component id="oc-aa">
         <name>.far</name>
         <uninitialized>true</uninitialized>
         <run_address>0x824570</run_address>
         <size>0x324</size>
         <input_file_ref idref="fl-a6"/>
      </object_component>
      <object_component id="oc-31">
         <name>.far</name>
         <uninitialized>true</uninitialized>
         <run_address>0x824894</run_address>
         <size>0x4</size>
         <input_file_ref idref="fl-84"/>
      </object_component>
      <object_component id="oc-61">
         <name>.far</name>
         <uninitialized>true</uninitialized>
         <run_address>0x824898</run_address>
         <size>0x11c</size>
         <input_file_ref idref="fl-92"/>
      </object_component>
      <object_component id="oc-46">
         <name>.far</name>
         <uninitialized>true</uninitialized>
         <run_address>0x8249b4</run_address>
         <size>0x4</size>
         <input_file_ref idref="fl-8a"/>
      </object_component>
      <object_component id="oc-1d">
         <name>.far</name>
         <uninitialized>true</uninitialized>
         <run_address>0x8249b8</run_address>
         <size>0xa0</size>
         <input_file_ref idref="fl-2"/>
      </object_component>
      <object_component id="oc-20">
         <name>.far</name>
         <uninitialized>true</uninitialized>
         <run_address>0x824a58</run_address>
         <size>0x60</size>
         <input_file_ref idref="fl-4"/>
      </object_component>
      <object_component id="oc-97">
         <name>.far</name>
         <uninitialized>true</uninitialized>
         <run_address>0x824ab8</run_address>
         <size>0x60</size>
         <input_file_ref idref="fl-a0"/>
      </object_component>
      <object_component id="oc-35">
         <name>.far</name>
         <uninitialized>true</uninitialized>
         <run_address>0x824b18</run_address>
         <size>0xc</size>
         <input_file_ref idref="fl-85"/>
      </object_component>
      <object_component id="oc-8b">
         <name>.far</name>
         <uninitialized>true</uninitialized>
         <run_address>0x824b24</run_address>
         <size>0x8</size>
         <input_file_ref idref="fl-9d"/>
      </object_component>
      <object_component id="oc-69">
         <name>.far</name>
         <uninitialized>true</uninitialized>
         <run_address>0x824b2c</run_address>
         <size>0x8</size>
         <input_file_ref idref="fl-94"/>
      </object_component>
      <object_component id="oc-78">
         <name>.far</name>
         <uninitialized>true</uninitialized>
         <run_address>0x824b38</run_address>
         <size>0x8</size>
         <input_file_ref idref="fl-98"/>
      </object_component>
      <object_component id="oc-7f">
         <name>.far</name>
         <uninitialized>true</uninitialized>
         <run_address>0x824b40</run_address>
         <size>0x8</size>
         <input_file_ref idref="fl-9a"/>
      </object_component>
      <object_component id="oc-ca">
         <name>.data</name>
         <load_address>0x842c40</load_address>
         <run_address>0x842c40</run_address>
         <size>0x80</size>
         <input_file_ref idref="fl-b8"/>
      </object_component>
      <object_component id="oc-29">
         <name>.stack</name>
         <uninitialized>true</uninitialized>
         <run_address>0x824b48</run_address>
         <size>0x8</size>
         <input_file_ref idref="fl-82"/>
      </object_component>
      <object_component id="oc-156">
         <name>.stack</name>
         <uninitialized>true</uninitialized>
         <run_address>0x824b48</run_address>
         <size>0x0</size>
      </object_component>
      <object_component id="oc-6a">
         <name>.sysmem</name>
         <uninitialized>true</uninitialized>
         <run_address>0x839820</run_address>
         <size>0x8</size>
         <input_file_ref idref="fl-94"/>
      </object_component>
      <object_component id="oc-157">
         <name>.sysmem</name>
         <uninitialized>true</uninitialized>
         <run_address>0x839820</run_address>
         <size>0x0</size>
      </object_component>
      <object_component id="oc-22">
         <name>.cinit</name>
         <load_address>0x841820</load_address>
         <run_address>0x841820</run_address>
         <size>0xca0</size>
         <input_file_ref idref="fl-5"/>
      </object_component>
      <object_component id="oc-1c">
         <name>.cinit</name>
         <load_address>0x8424c0</load_address>
         <run_address>0x8424c0</run_address>
         <size>0xc0</size>
         <input_file_ref idref="fl-2"/>
      </object_component>
      <object_component id="oc-96">
         <name>.cinit</name>
         <load_address>0x842580</load_address>
         <run_address>0x842580</run_address>
         <size>0x70</size>
         <input_file_ref idref="fl-a0"/>
      </object_component>
      <object_component id="oc-a9">
         <name>.cinit</name>
         <load_address>0x8425f0</load_address>
         <run_address>0x8425f0</run_address>
         <size>0x5c</size>
         <input_file_ref idref="fl-a6"/>
      </object_component>
      <object_component id="oc-60">
         <name>.cinit</name>
         <load_address>0x842650</load_address>
         <run_address>0x842650</run_address>
         <size>0x5c</size>
         <input_file_ref idref="fl-92"/>
      </object_component>
      <object_component id="oc-1e">
         <name>.cinit</name>
         <load_address>0x8426b0</load_address>
         <run_address>0x8426b0</run_address>
         <size>0x30</size>
         <input_file_ref idref="fl-3"/>
      </object_component>
      <object_component id="oc-34">
         <name>.cinit</name>
         <load_address>0x8426e0</load_address>
         <run_address>0x8426e0</run_address>
         <size>0x2c</size>
         <input_file_ref idref="fl-85"/>
      </object_component>
      <object_component id="oc-68">
         <name>.cinit</name>
         <load_address>0x842710</load_address>
         <run_address>0x842710</run_address>
         <size>0x2c</size>
         <input_file_ref idref="fl-94"/>
      </object_component>
      <object_component id="oc-8a">
         <name>.cinit</name>
         <load_address>0x842740</load_address>
         <run_address>0x842740</run_address>
         <size>0x1c</size>
         <input_file_ref idref="fl-9d"/>
      </object_component>
      <object_component id="oc-77">
         <name>.cinit</name>
         <load_address>0x842760</load_address>
         <run_address>0x842760</run_address>
         <size>0x10</size>
         <input_file_ref idref="fl-98"/>
      </object_component>
      <object_component id="oc-30">
         <name>.cinit</name>
         <load_address>0x842770</load_address>
         <run_address>0x842770</run_address>
         <size>0xc</size>
         <input_file_ref idref="fl-84"/>
      </object_component>
      <object_component id="oc-45">
         <name>.cinit</name>
         <load_address>0x842780</load_address>
         <run_address>0x842780</run_address>
         <size>0xc</size>
         <input_file_ref idref="fl-8a"/>
      </object_component>
      <object_component id="oc-21">
         <name>.const:.string</name>
         <load_address>0x842798</load_address>
         <run_address>0x842798</run_address>
         <size>0x203</size>
         <input_file_ref idref="fl-4"/>
      </object_component>
      <object_component id="oc-50">
         <name>.const:.string</name>
         <load_address>0x84299b</load_address>
         <run_address>0x84299b</run_address>
         <size>0x2</size>
         <input_file_ref idref="fl-8d"/>
      </object_component>
      <object_component id="oc-121">
         <name>.const:.string:__ctypes_</name>
         <load_address>0x8429a0</load_address>
         <run_address>0x8429a0</run_address>
         <size>0x101</size>
         <input_file_ref idref="fl-a5"/>
      </object_component>
      <object_component id="oc-24">
         <name>.const:.string</name>
         <load_address>0x842aa1</load_address>
         <run_address>0x842aa1</run_address>
         <size>0x5b</size>
         <input_file_ref idref="fl-5"/>
      </object_component>
      <object_component id="oc-8f">
         <name>.const:.string</name>
         <load_address>0x842afc</load_address>
         <run_address>0x842afc</run_address>
         <size>0x23</size>
         <input_file_ref idref="fl-9e"/>
      </object_component>
      <object_component id="oc-83">
         <name>.cio</name>
         <uninitialized>true</uninitialized>
         <run_address>0x842b20</run_address>
         <size>0x120</size>
         <input_file_ref idref="fl-9b"/>
      </object_component>
      <object_component id="oc-25">
         <name>.debug_info</name>
         <load_address>0x0</load_address>
         <run_address>0x0</run_address>
         <size>0x6b3</size>
         <input_file_ref idref="fl-81"/>
      </object_component>
      <object_component id="oc-28">
         <name>.debug_info</name>
         <load_address>0x6b3</load_address>
         <run_address>0x6b3</run_address>
         <size>0x708</size>
         <input_file_ref idref="fl-82"/>
      </object_component>
      <object_component id="oc-2c">
         <name>.debug_info</name>
         <load_address>0xdbb</load_address>
         <run_address>0xdbb</run_address>
         <size>0x980</size>
         <input_file_ref idref="fl-83"/>
      </object_component>
      <object_component id="oc-2f">
         <name>.debug_info</name>
         <load_address>0x173b</load_address>
         <run_address>0x173b</run_address>
         <size>0x5df</size>
         <input_file_ref idref="fl-84"/>
      </object_component>
      <object_component id="oc-33">
         <name>.debug_info</name>
         <load_address>0x1d1a</load_address>
         <run_address>0x1d1a</run_address>
         <size>0x7ed</size>
         <input_file_ref idref="fl-85"/>
      </object_component>
      <object_component id="oc-38">
         <name>.debug_info</name>
         <load_address>0x2507</load_address>
         <run_address>0x2507</run_address>
         <size>0x87d</size>
         <input_file_ref idref="fl-86"/>
      </object_component>
      <object_component id="oc-3b">
         <name>.debug_info</name>
         <load_address>0x2d84</load_address>
         <run_address>0x2d84</run_address>
         <size>0x77e</size>
         <input_file_ref idref="fl-87"/>
      </object_component>
      <object_component id="oc-3e">
         <name>.debug_info</name>
         <load_address>0x3502</load_address>
         <run_address>0x3502</run_address>
         <size>0x6b4</size>
         <input_file_ref idref="fl-88"/>
      </object_component>
      <object_component id="oc-41">
         <name>.debug_info</name>
         <load_address>0x3bb6</load_address>
         <run_address>0x3bb6</run_address>
         <size>0x68c</size>
         <input_file_ref idref="fl-89"/>
      </object_component>
      <object_component id="oc-44">
         <name>.debug_info</name>
         <load_address>0x4242</load_address>
         <run_address>0x4242</run_address>
         <size>0xaf0</size>
         <input_file_ref idref="fl-8a"/>
      </object_component>
      <object_component id="oc-49">
         <name>.debug_info</name>
         <load_address>0x4d32</load_address>
         <run_address>0x4d32</run_address>
         <size>0x8f5</size>
         <input_file_ref idref="fl-8b"/>
      </object_component>
      <object_component id="oc-4c">
         <name>.debug_info</name>
         <load_address>0x5627</load_address>
         <run_address>0x5627</run_address>
         <size>0x827</size>
         <input_file_ref idref="fl-8c"/>
      </object_component>
      <object_component id="oc-4f">
         <name>.debug_info</name>
         <load_address>0x5e4e</load_address>
         <run_address>0x5e4e</run_address>
         <size>0xb73</size>
         <input_file_ref idref="fl-8d"/>
      </object_component>
      <object_component id="oc-53">
         <name>.debug_info</name>
         <load_address>0x69c1</load_address>
         <run_address>0x69c1</run_address>
         <size>0x669</size>
         <input_file_ref idref="fl-8e"/>
      </object_component>
      <object_component id="oc-56">
         <name>.debug_info</name>
         <load_address>0x702a</load_address>
         <run_address>0x702a</run_address>
         <size>0x698</size>
         <input_file_ref idref="fl-8f"/>
      </object_component>
      <object_component id="oc-59">
         <name>.debug_info</name>
         <load_address>0x76c2</load_address>
         <run_address>0x76c2</run_address>
         <size>0x813</size>
         <input_file_ref idref="fl-90"/>
      </object_component>
      <object_component id="oc-5c">
         <name>.debug_info</name>
         <load_address>0x7ed5</load_address>
         <run_address>0x7ed5</run_address>
         <size>0x6fe</size>
         <input_file_ref idref="fl-91"/>
      </object_component>
      <object_component id="oc-5f">
         <name>.debug_info</name>
         <load_address>0x85d3</load_address>
         <run_address>0x85d3</run_address>
         <size>0x1149</size>
         <input_file_ref idref="fl-92"/>
      </object_component>
      <object_component id="oc-64">
         <name>.debug_info</name>
         <load_address>0x971c</load_address>
         <run_address>0x971c</run_address>
         <size>0xe2</size>
         <input_file_ref idref="fl-93"/>
      </object_component>
      <object_component id="oc-67">
         <name>.debug_info</name>
         <load_address>0x97fe</load_address>
         <run_address>0x97fe</run_address>
         <size>0xb35</size>
         <input_file_ref idref="fl-94"/>
      </object_component>
      <object_component id="oc-6d">
         <name>.debug_info</name>
         <load_address>0xa333</load_address>
         <run_address>0xa333</run_address>
         <size>0x7cb</size>
         <input_file_ref idref="fl-95"/>
      </object_component>
      <object_component id="oc-70">
         <name>.debug_info</name>
         <load_address>0xaafe</load_address>
         <run_address>0xaafe</run_address>
         <size>0x615</size>
         <input_file_ref idref="fl-96"/>
      </object_component>
      <object_component id="oc-73">
         <name>.debug_info</name>
         <load_address>0xb113</load_address>
         <run_address>0xb113</run_address>
         <size>0x8ff</size>
         <input_file_ref idref="fl-97"/>
      </object_component>
      <object_component id="oc-76">
         <name>.debug_info</name>
         <load_address>0xba12</load_address>
         <run_address>0xba12</run_address>
         <size>0x6c4</size>
         <input_file_ref idref="fl-98"/>
      </object_component>
      <object_component id="oc-7b">
         <name>.debug_info</name>
         <load_address>0xc0d6</load_address>
         <run_address>0xc0d6</run_address>
         <size>0x661</size>
         <input_file_ref idref="fl-99"/>
      </object_component>
      <object_component id="oc-7e">
         <name>.debug_info</name>
         <load_address>0xc737</load_address>
         <run_address>0xc737</run_address>
         <size>0xef9</size>
         <input_file_ref idref="fl-9a"/>
      </object_component>
      <object_component id="oc-82">
         <name>.debug_info</name>
         <load_address>0xd630</load_address>
         <run_address>0xd630</run_address>
         <size>0x8c6</size>
         <input_file_ref idref="fl-9b"/>
      </object_component>
      <object_component id="oc-86">
         <name>.debug_info</name>
         <load_address>0xdef6</load_address>
         <run_address>0xdef6</run_address>
         <size>0x757</size>
         <input_file_ref idref="fl-9c"/>
      </object_component>
      <object_component id="oc-89">
         <name>.debug_info</name>
         <load_address>0xe64d</load_address>
         <run_address>0xe64d</run_address>
         <size>0x649</size>
         <input_file_ref idref="fl-9d"/>
      </object_component>
      <object_component id="oc-8e">
         <name>.debug_info</name>
         <load_address>0xec96</load_address>
         <run_address>0xec96</run_address>
         <size>0x2b51</size>
         <input_file_ref idref="fl-9e"/>
      </object_component>
      <object_component id="oc-92">
         <name>.debug_info</name>
         <load_address>0x117e7</load_address>
         <run_address>0x117e7</run_address>
         <size>0x6de</size>
         <input_file_ref idref="fl-9f"/>
      </object_component>
      <object_component id="oc-95">
         <name>.debug_info</name>
         <load_address>0x11ec5</load_address>
         <run_address>0x11ec5</run_address>
         <size>0x69b</size>
         <input_file_ref idref="fl-a0"/>
      </object_component>
      <object_component id="oc-9a">
         <name>.debug_info</name>
         <load_address>0x12560</load_address>
         <run_address>0x12560</run_address>
         <size>0x71b</size>
         <input_file_ref idref="fl-a1"/>
      </object_component>
      <object_component id="oc-9d">
         <name>.debug_info</name>
         <load_address>0x12c7b</load_address>
         <run_address>0x12c7b</run_address>
         <size>0x86c</size>
         <input_file_ref idref="fl-a2"/>
      </object_component>
      <object_component id="oc-a0">
         <name>.debug_info</name>
         <load_address>0x134e7</load_address>
         <run_address>0x134e7</run_address>
         <size>0x6e4</size>
         <input_file_ref idref="fl-a3"/>
      </object_component>
      <object_component id="oc-a3">
         <name>.debug_info</name>
         <load_address>0x13bcb</load_address>
         <run_address>0x13bcb</run_address>
         <size>0x7da</size>
         <input_file_ref idref="fl-a4"/>
      </object_component>
      <object_component id="oc-a6">
         <name>.debug_info</name>
         <load_address>0x143a5</load_address>
         <run_address>0x143a5</run_address>
         <size>0x5f7</size>
         <input_file_ref idref="fl-a5"/>
      </object_component>
      <object_component id="oc-a8">
         <name>.debug_info</name>
         <load_address>0x1499c</load_address>
         <run_address>0x1499c</run_address>
         <size>0x6e4</size>
         <input_file_ref idref="fl-a6"/>
      </object_component>
      <object_component id="oc-ac">
         <name>.debug_info</name>
         <load_address>0x15080</load_address>
         <run_address>0x15080</run_address>
         <size>0xd3</size>
         <input_file_ref idref="fl-a7"/>
      </object_component>
      <object_component id="oc-af">
         <name>.debug_info</name>
         <load_address>0x15153</load_address>
         <run_address>0x15153</run_address>
         <size>0x68e</size>
         <input_file_ref idref="fl-a8"/>
      </object_component>
      <object_component id="oc-b2">
         <name>.debug_info</name>
         <load_address>0x157e1</load_address>
         <run_address>0x157e1</run_address>
         <size>0x6a7</size>
         <input_file_ref idref="fl-a9"/>
      </object_component>
      <object_component id="oc-b5">
         <name>.debug_info</name>
         <load_address>0x15e88</load_address>
         <run_address>0x15e88</run_address>
         <size>0x7b6</size>
         <input_file_ref idref="fl-aa"/>
      </object_component>
      <object_component id="oc-b8">
         <name>.debug_info</name>
         <load_address>0x1663e</load_address>
         <run_address>0x1663e</run_address>
         <size>0x7b8</size>
         <input_file_ref idref="fl-ab"/>
      </object_component>
      <object_component id="oc-bb">
         <name>.debug_info</name>
         <load_address>0x16df6</load_address>
         <run_address>0x16df6</run_address>
         <size>0x7b3</size>
         <input_file_ref idref="fl-ac"/>
      </object_component>
      <object_component id="oc-be">
         <name>.debug_info</name>
         <load_address>0x175a9</load_address>
         <run_address>0x175a9</run_address>
         <size>0x744</size>
         <input_file_ref idref="fl-ad"/>
      </object_component>
      <object_component id="oc-c1">
         <name>.debug_info</name>
         <load_address>0x17ced</load_address>
         <run_address>0x17ced</run_address>
         <size>0x6e7</size>
         <input_file_ref idref="fl-ae"/>
      </object_component>
      <object_component id="oc-c4">
         <name>.debug_info</name>
         <load_address>0x183d4</load_address>
         <run_address>0x183d4</run_address>
         <size>0x809</size>
         <input_file_ref idref="fl-af"/>
      </object_component>
      <object_component id="oc-c7">
         <name>.debug_info</name>
         <load_address>0x18bdd</load_address>
         <run_address>0x18bdd</run_address>
         <size>0x5c9</size>
         <input_file_ref idref="fl-b0"/>
      </object_component>
      <object_component id="oc-cc">
         <name>.debug_info</name>
         <load_address>0x191a6</load_address>
         <run_address>0x191a6</run_address>
         <size>0xf0</size>
         <input_file_ref idref="fl-b8"/>
      </object_component>
      <object_component id="oc-d0">
         <name>.debug_info</name>
         <load_address>0x19296</load_address>
         <run_address>0x19296</run_address>
         <size>0xe7</size>
         <input_file_ref idref="fl-b9"/>
      </object_component>
      <object_component id="oc-d4">
         <name>.debug_info</name>
         <load_address>0x1937d</load_address>
         <run_address>0x1937d</run_address>
         <size>0xf0</size>
         <input_file_ref idref="fl-ba"/>
      </object_component>
      <object_component id="oc-160">
         <name>.debug_info</name>
         <load_address>0x1946d</load_address>
         <run_address>0x1946d</run_address>
         <size>0x10c</size>
      </object_component>
      <object_component id="oc-26">
         <name>.debug_line</name>
         <load_address>0x0</load_address>
         <run_address>0x0</run_address>
         <size>0x3a</size>
         <input_file_ref idref="fl-81"/>
      </object_component>
      <object_component id="oc-2a">
         <name>.debug_line</name>
         <load_address>0x3a</load_address>
         <run_address>0x3a</run_address>
         <size>0x3d</size>
         <input_file_ref idref="fl-82"/>
      </object_component>
      <object_component id="oc-2d">
         <name>.debug_line</name>
         <load_address>0x77</load_address>
         <run_address>0x77</run_address>
         <size>0x3c</size>
         <input_file_ref idref="fl-83"/>
      </object_component>
      <object_component id="oc-36">
         <name>.debug_line</name>
         <load_address>0xb3</load_address>
         <run_address>0xb3</run_address>
         <size>0x4f</size>
         <input_file_ref idref="fl-85"/>
      </object_component>
      <object_component id="oc-39">
         <name>.debug_line</name>
         <load_address>0x102</load_address>
         <run_address>0x102</run_address>
         <size>0x53</size>
         <input_file_ref idref="fl-86"/>
      </object_component>
      <object_component id="oc-3c">
         <name>.debug_line</name>
         <load_address>0x155</load_address>
         <run_address>0x155</run_address>
         <size>0x3e</size>
         <input_file_ref idref="fl-87"/>
      </object_component>
      <object_component id="oc-3f">
         <name>.debug_line</name>
         <load_address>0x193</load_address>
         <run_address>0x193</run_address>
         <size>0x3d</size>
         <input_file_ref idref="fl-88"/>
      </object_component>
      <object_component id="oc-42">
         <name>.debug_line</name>
         <load_address>0x1d0</load_address>
         <run_address>0x1d0</run_address>
         <size>0x3d</size>
         <input_file_ref idref="fl-89"/>
      </object_component>
      <object_component id="oc-47">
         <name>.debug_line</name>
         <load_address>0x20d</load_address>
         <run_address>0x20d</run_address>
         <size>0x92</size>
         <input_file_ref idref="fl-8a"/>
      </object_component>
      <object_component id="oc-4a">
         <name>.debug_line</name>
         <load_address>0x29f</load_address>
         <run_address>0x29f</run_address>
         <size>0x6b</size>
         <input_file_ref idref="fl-8b"/>
      </object_component>
      <object_component id="oc-4d">
         <name>.debug_line</name>
         <load_address>0x30a</load_address>
         <run_address>0x30a</run_address>
         <size>0x3f</size>
         <input_file_ref idref="fl-8c"/>
      </object_component>
      <object_component id="oc-51">
         <name>.debug_line</name>
         <load_address>0x349</load_address>
         <run_address>0x349</run_address>
         <size>0xad</size>
         <input_file_ref idref="fl-8d"/>
      </object_component>
      <object_component id="oc-54">
         <name>.debug_line</name>
         <load_address>0x3f6</load_address>
         <run_address>0x3f6</run_address>
         <size>0x3e</size>
         <input_file_ref idref="fl-8e"/>
      </object_component>
      <object_component id="oc-57">
         <name>.debug_line</name>
         <load_address>0x434</load_address>
         <run_address>0x434</run_address>
         <size>0x38</size>
         <input_file_ref idref="fl-8f"/>
      </object_component>
      <object_component id="oc-5a">
         <name>.debug_line</name>
         <load_address>0x46c</load_address>
         <run_address>0x46c</run_address>
         <size>0x38</size>
         <input_file_ref idref="fl-90"/>
      </object_component>
      <object_component id="oc-5d">
         <name>.debug_line</name>
         <load_address>0x4a4</load_address>
         <run_address>0x4a4</run_address>
         <size>0x56</size>
         <input_file_ref idref="fl-91"/>
      </object_component>
      <object_component id="oc-62">
         <name>.debug_line</name>
         <load_address>0x4fa</load_address>
         <run_address>0x4fa</run_address>
         <size>0x148</size>
         <input_file_ref idref="fl-92"/>
      </object_component>
      <object_component id="oc-65">
         <name>.debug_line</name>
         <load_address>0x642</load_address>
         <run_address>0x642</run_address>
         <size>0x4a</size>
         <input_file_ref idref="fl-93"/>
      </object_component>
      <object_component id="oc-6b">
         <name>.debug_line</name>
         <load_address>0x68c</load_address>
         <run_address>0x68c</run_address>
         <size>0xa7</size>
         <input_file_ref idref="fl-94"/>
      </object_component>
      <object_component id="oc-6e">
         <name>.debug_line</name>
         <load_address>0x733</load_address>
         <run_address>0x733</run_address>
         <size>0x46</size>
         <input_file_ref idref="fl-95"/>
      </object_component>
      <object_component id="oc-71">
         <name>.debug_line</name>
         <load_address>0x779</load_address>
         <run_address>0x779</run_address>
         <size>0x39</size>
         <input_file_ref idref="fl-96"/>
      </object_component>
      <object_component id="oc-74">
         <name>.debug_line</name>
         <load_address>0x7b2</load_address>
         <run_address>0x7b2</run_address>
         <size>0x6a</size>
         <input_file_ref idref="fl-97"/>
      </object_component>
      <object_component id="oc-79">
         <name>.debug_line</name>
         <load_address>0x81c</load_address>
         <run_address>0x81c</run_address>
         <size>0x51</size>
         <input_file_ref idref="fl-98"/>
      </object_component>
      <object_component id="oc-7c">
         <name>.debug_line</name>
         <load_address>0x86d</load_address>
         <run_address>0x86d</run_address>
         <size>0x39</size>
         <input_file_ref idref="fl-99"/>
      </object_component>
      <object_component id="oc-80">
         <name>.debug_line</name>
         <load_address>0x8a6</load_address>
         <run_address>0x8a6</run_address>
         <size>0x13e</size>
         <input_file_ref idref="fl-9a"/>
      </object_component>
      <object_component id="oc-84">
         <name>.debug_line</name>
         <load_address>0x9e4</load_address>
         <run_address>0x9e4</run_address>
         <size>0x66</size>
         <input_file_ref idref="fl-9b"/>
      </object_component>
      <object_component id="oc-87">
         <name>.debug_line</name>
         <load_address>0xa4a</load_address>
         <run_address>0xa4a</run_address>
         <size>0x40</size>
         <input_file_ref idref="fl-9c"/>
      </object_component>
      <object_component id="oc-8c">
         <name>.debug_line</name>
         <load_address>0xa8a</load_address>
         <run_address>0xa8a</run_address>
         <size>0x35</size>
         <input_file_ref idref="fl-9d"/>
      </object_component>
      <object_component id="oc-90">
         <name>.debug_line</name>
         <load_address>0xabf</load_address>
         <run_address>0xabf</run_address>
         <size>0x34a</size>
         <input_file_ref idref="fl-9e"/>
      </object_component>
      <object_component id="oc-93">
         <name>.debug_line</name>
         <load_address>0xe09</load_address>
         <run_address>0xe09</run_address>
         <size>0x3f</size>
         <input_file_ref idref="fl-9f"/>
      </object_component>
      <object_component id="oc-98">
         <name>.debug_line</name>
         <load_address>0xe48</load_address>
         <run_address>0xe48</run_address>
         <size>0x53</size>
         <input_file_ref idref="fl-a0"/>
      </object_component>
      <object_component id="oc-9b">
         <name>.debug_line</name>
         <load_address>0xe9b</load_address>
         <run_address>0xe9b</run_address>
         <size>0x45</size>
         <input_file_ref idref="fl-a1"/>
      </object_component>
      <object_component id="oc-9e">
         <name>.debug_line</name>
         <load_address>0xee0</load_address>
         <run_address>0xee0</run_address>
         <size>0x49</size>
         <input_file_ref idref="fl-a2"/>
      </object_component>
      <object_component id="oc-a1">
         <name>.debug_line</name>
         <load_address>0xf29</load_address>
         <run_address>0xf29</run_address>
         <size>0x45</size>
         <input_file_ref idref="fl-a3"/>
      </object_component>
      <object_component id="oc-a4">
         <name>.debug_line</name>
         <load_address>0xf6e</load_address>
         <run_address>0xf6e</run_address>
         <size>0x44</size>
         <input_file_ref idref="fl-a4"/>
      </object_component>
      <object_component id="oc-ad">
         <name>.debug_line</name>
         <load_address>0xfb2</load_address>
         <run_address>0xfb2</run_address>
         <size>0x44</size>
         <input_file_ref idref="fl-a7"/>
      </object_component>
      <object_component id="oc-b0">
         <name>.debug_line</name>
         <load_address>0xff6</load_address>
         <run_address>0xff6</run_address>
         <size>0x3d</size>
         <input_file_ref idref="fl-a8"/>
      </object_component>
      <object_component id="oc-b3">
         <name>.debug_line</name>
         <load_address>0x1033</load_address>
         <run_address>0x1033</run_address>
         <size>0x3d</size>
         <input_file_ref idref="fl-a9"/>
      </object_component>
      <object_component id="oc-b6">
         <name>.debug_line</name>
         <load_address>0x1070</load_address>
         <run_address>0x1070</run_address>
         <size>0x3c</size>
         <input_file_ref idref="fl-aa"/>
      </object_component>
      <object_component id="oc-b9">
         <name>.debug_line</name>
         <load_address>0x10ac</load_address>
         <run_address>0x10ac</run_address>
         <size>0x71</size>
         <input_file_ref idref="fl-ab"/>
      </object_component>
      <object_component id="oc-bc">
         <name>.debug_line</name>
         <load_address>0x111d</load_address>
         <run_address>0x111d</run_address>
         <size>0x5e</size>
         <input_file_ref idref="fl-ac"/>
      </object_component>
      <object_component id="oc-bf">
         <name>.debug_line</name>
         <load_address>0x117b</load_address>
         <run_address>0x117b</run_address>
         <size>0x40</size>
         <input_file_ref idref="fl-ad"/>
      </object_component>
      <object_component id="oc-c2">
         <name>.debug_line</name>
         <load_address>0x11bb</load_address>
         <run_address>0x11bb</run_address>
         <size>0x3f</size>
         <input_file_ref idref="fl-ae"/>
      </object_component>
      <object_component id="oc-c5">
         <name>.debug_line</name>
         <load_address>0x11fa</load_address>
         <run_address>0x11fa</run_address>
         <size>0x3f</size>
         <input_file_ref idref="fl-af"/>
      </object_component>
      <object_component id="oc-c8">
         <name>.debug_line</name>
         <load_address>0x1239</load_address>
         <run_address>0x1239</run_address>
         <size>0x23</size>
         <input_file_ref idref="fl-b0"/>
      </object_component>
      <object_component id="oc-cd">
         <name>.debug_line</name>
         <load_address>0x125c</load_address>
         <run_address>0x125c</run_address>
         <size>0xcc</size>
         <input_file_ref idref="fl-b8"/>
      </object_component>
      <object_component id="oc-d1">
         <name>.debug_line</name>
         <load_address>0x1328</load_address>
         <run_address>0x1328</run_address>
         <size>0x5d</size>
         <input_file_ref idref="fl-b9"/>
      </object_component>
      <object_component id="oc-d5">
         <name>.debug_line</name>
         <load_address>0x1385</load_address>
         <run_address>0x1385</run_address>
         <size>0x6b</size>
         <input_file_ref idref="fl-ba"/>
      </object_component>
      <object_component id="oc-27">
         <name>.debug_abbrev</name>
         <load_address>0x0</load_address>
         <run_address>0x0</run_address>
         <size>0xbf</size>
         <input_file_ref idref="fl-81"/>
      </object_component>
      <object_component id="oc-2b">
         <name>.debug_abbrev</name>
         <load_address>0xbf</load_address>
         <run_address>0xbf</run_address>
         <size>0xfe</size>
         <input_file_ref idref="fl-82"/>
      </object_component>
      <object_component id="oc-2e">
         <name>.debug_abbrev</name>
         <load_address>0x1bd</load_address>
         <run_address>0x1bd</run_address>
         <size>0xf5</size>
         <input_file_ref idref="fl-83"/>
      </object_component>
      <object_component id="oc-32">
         <name>.debug_abbrev</name>
         <load_address>0x2b2</load_address>
         <run_address>0x2b2</run_address>
         <size>0x44</size>
         <input_file_ref idref="fl-84"/>
      </object_component>
      <object_component id="oc-37">
         <name>.debug_abbrev</name>
         <load_address>0x2f6</load_address>
         <run_address>0x2f6</run_address>
         <size>0x119</size>
         <input_file_ref idref="fl-85"/>
      </object_component>
      <object_component id="oc-3a">
         <name>.debug_abbrev</name>
         <load_address>0x40f</load_address>
         <run_address>0x40f</run_address>
         <size>0x130</size>
         <input_file_ref idref="fl-86"/>
      </object_component>
      <object_component id="oc-3d">
         <name>.debug_abbrev</name>
         <load_address>0x53f</load_address>
         <run_address>0x53f</run_address>
         <size>0x12d</size>
         <input_file_ref idref="fl-87"/>
      </object_component>
      <object_component id="oc-40">
         <name>.debug_abbrev</name>
         <load_address>0x66c</load_address>
         <run_address>0x66c</run_address>
         <size>0xba</size>
         <input_file_ref idref="fl-88"/>
      </object_component>
      <object_component id="oc-43">
         <name>.debug_abbrev</name>
         <load_address>0x726</load_address>
         <run_address>0x726</run_address>
         <size>0xa6</size>
         <input_file_ref idref="fl-89"/>
      </object_component>
      <object_component id="oc-48">
         <name>.debug_abbrev</name>
         <load_address>0x7cc</load_address>
         <run_address>0x7cc</run_address>
         <size>0x1cd</size>
         <input_file_ref idref="fl-8a"/>
      </object_component>
      <object_component id="oc-4b">
         <name>.debug_abbrev</name>
         <load_address>0x999</load_address>
         <run_address>0x999</run_address>
         <size>0x14f</size>
         <input_file_ref idref="fl-8b"/>
[...]
      <symbol id="sm-14">
         <name>.data</name>
         <value>0xffffffff</value>
      </symbol>
      <symbol id="sm-15">
         <name>___data__</name>
         <value>0xffffffff</value>
      </symbol>
      <symbol id="sm-16">
         <name>edata</name>
         <value>0xffffffff</value>
      </symbol>
      <symbol id="sm-17">
         <name>___edata__</name>
         <value>0xffffffff</value>
      </symbol>
      <symbol id="sm-18">
         <name>.bss</name>
         <value>0x800000</value>
      </symbol>
      <symbol id="sm-19">
         <name>___bss__</name>
         <value>0x800000</value>
      </symbol>
      <symbol id="sm-1a">
         <name>end</name>
         <value>0x800000</value>
      </symbol>
      <symbol id="sm-1b">
         <name>___end__</name>
         <value>0x800000</value>
      </symbol>
      <symbol id="sm-1c">
         <name>___TI_pprof_out_hndl</name>
         <value>0xffffffff</value>
      </symbol>
      <symbol id="sm-1d">
         <name>___TI_prof_data_start</name>
         <value>0xffffffff</value>
      </symbol>
      <symbol id="sm-1e">
         <name>___TI_prof_data_size</name>
         <value>0xffffffff</value>
      </symbol>
      <symbol id="sm-1f">
         <name>$bss</name>
         <value>0x800000</value>
      </symbol>
      <symbol id="sm-55">
         <name>_logtable</name>
         <value>0x8249b8</value>
         <object_component_ref idref="oc-1d"/>
      </symbol>
      <symbol id="sm-56">
         <name>_kTable</name>
         <value>0x8249f8</value>
         <object_component_ref idref="oc-1d"/>
      </symbol>
      <symbol id="sm-57">
         <name>_jTable</name>
         <value>0x824a18</value>
         <object_component_ref idref="oc-1d"/>
      </symbol>
      <symbol id="sm-58">
         <name>_V</name>
         <value>0x824a38</value>
         <object_component_ref idref="oc-1d"/>
      </symbol>
      <symbol id="sm-76">
         <name>_input_data</name>
         <value>0x81bbd8</value>
         <object_component_ref idref="oc-1f"/>
      </symbol>
      <symbol id="sm-77">
         <name>_output_data</name>
         <value>0x808340</value>
         <object_component_ref idref="oc-1f"/>
      </symbol>
      <symbol id="sm-78">
         <name>_b_sc</name>
         <value>0x808020</value>
         <object_component_ref idref="oc-1f"/>
      </symbol>
      <symbol id="sm-79">
         <name>_a_sc</name>
         <value>0x807d00</value>
         <object_component_ref idref="oc-1f"/>
      </symbol>
      <symbol id="sm-7a">
         <name>_a_ext</name>
         <value>0x800000</value>
         <object_component_ref idref="oc-1f"/>
      </symbol>
      <symbol id="sm-7b">
         <name>_b_ext</name>
         <value>0x803e80</value>
         <object_component_ref idref="oc-1f"/>
      </symbol>
      <symbol id="sm-7c">
         <name>_output</name>
         <value>0x81bbc0</value>
         <object_component_ref idref="oc-1f"/>
      </symbol>
      <symbol id="sm-7d">
         <name>_isequal</name>
         <value>0x833f28</value>
         <object_component_ref idref="oc-ee"/>
      </symbol>
      <symbol id="sm-7e">
         <name>_input</name>
         <value>0x8238d8</value>
         <object_component_ref idref="oc-1f"/>
      </symbol>
      <symbol id="sm-7f">
         <name>_gimme_random</name>
         <value>0x8341f8</value>
         <object_component_ref idref="oc-ee"/>
      </symbol>
      <symbol id="sm-c1">
         <name>_print_test_results</name>
         <value>0x832160</value>
         <object_component_ref idref="oc-e9"/>
      </symbol>
      <symbol id="sm-c2">
         <name>_fcn_pass</name>
         <value>0x824aa0</value>
         <object_component_ref idref="oc-20"/>
      </symbol>
      <symbol id="sm-c3">
         <name>_print_memory_results</name>
         <value>0x83262c</value>
         <object_component_ref idref="oc-e9"/>
      </symbol>
      <symbol id="sm-c4">
         <name>_driver_init</name>
         <value>0x83270c</value>
         <object_component_ref idref="oc-e9"/>
      </symbol>
      <symbol id="sm-c5">
         <name>_fp</name>
         <value>0x824a5c</value>
         <object_component_ref idref="oc-20"/>
      </symbol>
      <symbol id="sm-c6">
         <name>_print_profile_results</name>
         <value>0x83250c</value>
         <object_component_ref idref="oc-e9"/>
      </symbol>
      <symbol id="sm-c7">
         <name>_all_pass</name>
         <value>0x824ab4</value>
         <object_component_ref idref="oc-20"/>
      </symbol>
      <symbol id="sm-c8">
         <name>_t_stop</name>
         <value>0x824a68</value>
         <object_component_ref idref="oc-20"/>
      </symbol>
      <symbol id="sm-c9">
         <name>_t_offset</name>
         <value>0x824a70</value>
         <object_component_ref idref="oc-20"/>
      </symbol>
      <symbol id="sm-ca">
         <name>_seed</name>
         <value>0x824a58</value>
         <object_component_ref idref="oc-20"/>
      </symbol>
      <symbol id="sm-cb">
         <name>_cycle_counts</name>
         <value>0x824a78</value>
         <object_component_ref idref="oc-20"/>
      </symbol>
      <symbol id="sm-cc">
         <name>_t_start</name>
         <value>0x824a60</value>
         <object_component_ref idref="oc-20"/>
      </symbol>
      <symbol id="sm-101">
         <name>_main</name>
         <value>0x830b60</value>
         <object_component_ref idref="oc-e5"/>
      </symbol>
      <symbol id="sm-102">
         <name>_b</name>
         <value>0x823f28</value>
         <object_component_ref idref="oc-23"/>
      </symbol>
      <symbol id="sm-103">
         <name>_a</name>
         <value>0x8238e0</value>
         <object_component_ref idref="oc-23"/>
      </symbol>
      <symbol id="sm-112">
         <name>_atan2</name>
         <value>0x8369a0</value>
         <object_component_ref idref="oc-ea"/>
      </symbol>
      <symbol id="sm-121">
         <name>_c_int00</name>
         <value>0x839020</value>
         <object_component_ref idref="oc-1b"/>
      </symbol>
      <symbol id="sm-122">
         <name>__stack</name>
         <value>0x824b48</value>
         <object_component_ref idref="oc-29"/>
      </symbol>
      <symbol id="sm-133">
         <name>__divd</name>
         <value>0x8327c0</value>
         <object_component_ref idref="oc-f8"/>
      </symbol>
      <symbol id="sm-13d">
         <name>_errno</name>
         <value>0x824894</value>
         <object_component_ref idref="oc-31"/>
      </symbol>
      <symbol id="sm-154">
         <name>C$$EXIT</name>
         <value>0x8397a0</value>
         <object_component_ref idref="oc-e6"/>
      </symbol>
      <symbol id="sm-155">
         <name>_exit</name>
         <value>0x8385a0</value>
         <object_component_ref idref="oc-d9"/>
      </symbol>
      <symbol id="sm-156">
         <name>___TI_enable_exit_profile_output</name>
         <value>0x824b20</value>
         <object_component_ref idref="oc-35"/>
      </symbol>
      <symbol id="sm-157">
         <name>_abort</name>
         <value>0x8397a0</value>
         <object_component_ref idref="oc-e6"/>
      </symbol>
      <symbol id="sm-158">
         <name>__cleanup_ptr</name>
         <value>0x824b18</value>
         <object_component_ref idref="oc-35"/>
      </symbol>
      <symbol id="sm-159">
         <name>__dtors_ptr</name>
         <value>0x824b1c</value>
         <object_component_ref idref="oc-35"/>
      </symbol>
      <symbol id="sm-16f">
         <name>__closefile</name>
         <value>0x8370a0</value>
         <object_component_ref idref="oc-105"/>
      </symbol>
      <symbol id="sm-170">
         <name>_fclose</name>
         <value>0x8393a0</value>
         <object_component_ref idref="oc-f5"/>
      </symbol>
      <symbol id="sm-17d">
         <name>__doflush</name>
         <value>0x8384e0</value>
         <object_component_ref idref="oc-110"/>
      </symbol>
      <symbol id="sm-18d">
         <name>__fixdlli</name>
         <value>0x837620</value>
         <object_component_ref idref="oc-f0"/>
      </symbol>
      <symbol id="sm-19b">
         <name>__fltllif</name>
         <value>0x837be0</value>
         <object_component_ref idref="oc-ef"/>
      </symbol>
      <symbol id="sm-1c4">
         <name>__cleanup</name>
         <value>0x838700</value>
         <object_component_ref idref="oc-10e"/>
      </symbol>
      <symbol id="sm-1c5">
         <name>_fopen</name>
         <value>0x839400</value>
         <object_component_ref idref="oc-f3"/>
      </symbol>
      <symbol id="sm-1da">
         <name>_fprintf</name>
         <value>0x837820</value>
         <object_component_ref idref="oc-f4"/>
      </symbol>
      <symbol id="sm-1f5">
         <name>_putc</name>
         <value>0x835b00</value>
         <object_component_ref idref="oc-10c"/>
      </symbol>
      <symbol id="sm-1f6">
         <name>_fputc</name>
         <value>0x835b00</value>
         <object_component_ref idref="oc-10c"/>
      </symbol>
      <symbol id="sm-218">
         <name>_fputs</name>
         <value>0x833b60</value>
         <object_component_ref idref="oc-107"/>
      </symbol>
      <symbol id="sm-222">
         <name>__frcmpyd_div</name>
         <value>0x839280</value>
         <object_component_ref idref="oc-106"/>
      </symbol>
      <symbol id="sm-231">
         <name>_frexp</name>
         <value>0x837920</value>
         <object_component_ref idref="oc-f7"/>
      </symbol>
      <symbol id="sm-23b">
         <name>___isinf</name>
         <value>0x8395e0</value>
         <object_component_ref idref="oc-fa"/>
      </symbol>
      <symbol id="sm-249">
         <name>__llshl</name>
         <value>0x838fa0</value>
         <object_component_ref idref="oc-fc"/>
      </symbol>
      <symbol id="sm-24a">
         <name>__llshru</name>
         <value>0x8392e0</value>
         <object_component_ref idref="oc-fd"/>
      </symbol>
      <symbol id="sm-298">
         <name>_unlink</name>
         <value>0x8391a0</value>
         <object_component_ref idref="oc-11e"/>
      </symbol>
      <symbol id="sm-299">
         <name>_open</name>
         <value>0x836ca0</value>
         <object_component_ref idref="oc-10f"/>
      </symbol>
      <symbol id="sm-29a">
         <name>_lseek</name>
         <value>0x838c00</value>
         <object_component_ref idref="oc-129"/>
      </symbol>
      <symbol id="sm-29b">
         <name>_close</name>
         <value>0x837da0</value>
         <object_component_ref idref="oc-112"/>
      </symbol>
      <symbol id="sm-29c">
         <name>_write</name>
         <value>0x838e80</value>
         <object_component_ref idref="oc-115"/>
      </symbol>
      <symbol id="sm-2a4">
         <name>_memcpy</name>
         <value>0x838ca0</value>
         <object_component_ref idref="oc-e3"/>
      </symbol>
      <symbol id="sm-2dd">
         <name>__sys_memory</name>
         <value>0x839820</value>
         <object_component_ref idref="oc-6a"/>
      </symbol>
      <symbol id="sm-2de">
         <name>_free</name>
         <value>0x834d40</value>
         <object_component_ref idref="oc-111"/>
      </symbol>
      <symbol id="sm-2df">
         <name>_malloc</name>
         <value>0x836b20</value>
         <object_component_ref idref="oc-12a"/>
      </symbol>
      <symbol id="sm-2ea">
         <name>_memset</name>
         <value>0x837f60</value>
         <object_component_ref idref="oc-10d"/>
      </symbol>
      <symbol id="sm-2f4">
         <name>__negll</name>
         <value>0x8396e0</value>
         <object_component_ref idref="oc-fb"/>
      </symbol>
      <symbol id="sm-309">
         <name>_printf</name>
         <value>0x838040</value>
         <object_component_ref idref="oc-f1"/>
      </symbol>
      <symbol id="sm-31e">
         <name>_rand</name>
         <value>0x8390a0</value>
         <object_component_ref idref="oc-f2"/>
      </symbol>
      <symbol id="sm-31f">
         <name>_srand</name>
         <value>0x8394c0</value>
         <object_component_ref idref="oc-f6"/>
      </symbol>
      <symbol id="sm-329">
         <name>_remove</name>
         <value>0x8397c0</value>
         <object_component_ref idref="oc-113"/>
      </symbol>
      <symbol id="sm-352">
         <name>_HOSTopen</name>
         <value>0x837a20</value>
         <object_component_ref idref="oc-da"/>
      </symbol>
      <symbol id="sm-353">
         <name>_HOSTread</name>
         <value>0x838120</value>
         <object_component_ref idref="oc-dc"/>
      </symbol>
      <symbol id="sm-354">
         <name>_HOSTrename</name>
         <value>0x836660</value>
         <object_component_ref idref="oc-e0"/>
      </symbol>
      <symbol id="sm-355">
         <name>_HOSTwrite</name>
         <value>0x8382a0</value>
         <object_component_ref idref="oc-dd"/>
      </symbol>
      <symbol id="sm-356">
         <name>_HOSTlseek</name>
         <value>0x837520</value>
         <object_component_ref idref="oc-de"/>
      </symbol>
      <symbol id="sm-357">
         <name>_HOSTunlink</name>
         <value>0x8381e0</value>
         <object_component_ref idref="oc-df"/>
      </symbol>
      <symbol id="sm-358">
         <name>_HOSTclose</name>
         <value>0x838660</value>
         <object_component_ref idref="oc-db"/>
      </symbol>
      <symbol id="sm-368">
         <name>C$$IO$$</name>
         <value>0x8395d8</value>
         <object_component_ref idref="oc-e7"/>
      </symbol>
      <symbol id="sm-369">
         <name>__CIOBUF_</name>
         <value>0x842b20</value>
         <object_component_ref idref="oc-83"/>
      </symbol>
      <symbol id="sm-36a">
         <name>_readmsg</name>
         <value>0x839120</value>
         <object_component_ref idref="oc-e8"/>
      </symbol>
      <symbol id="sm-36b">
         <name>_writemsg</name>
         <value>0x839580</value>
         <object_component_ref idref="oc-e7"/>
      </symbol>
      <symbol id="sm-37a">
         <name>__wrt_ok</name>
         <value>0x837720</value>
         <object_component_ref idref="oc-114"/>
      </symbol>
      <symbol id="sm-388">
         <name>__unlock</name>
         <value>0x824b28</value>
         <object_component_ref idref="oc-8b"/>
      </symbol>
      <symbol id="sm-389">
         <name>__lock</name>
         <value>0x824b24</value>
         <object_component_ref idref="oc-8b"/>
      </symbol>
      <symbol id="sm-38a">
         <name>__nop</name>
         <value>0x839700</value>
         <object_component_ref idref="oc-e1"/>
      </symbol>
      <symbol id="sm-494">
         <name>__printfi</name>
         <value>0x8332e0</value>
         <object_component_ref idref="oc-ff"/>
      </symbol>
      <symbol id="sm-49e">
         <name>__args_main</name>
         <value>0x839660</value>
         <object_component_ref idref="oc-d8"/>
      </symbol>
      <symbol id="sm-49f">
         <name>__TI_args_main</name>
         <value>0x1</value>
      </symbol>
      <symbol id="sm-4b4">
         <name>_atan</name>
         <value>0x8364a0</value>
         <object_component_ref idref="oc-f9"/>
      </symbol>
      <symbol id="sm-4c2">
         <name>_atoi</name>
         <value>0x837cc0</value>
         <object_component_ref idref="oc-116"/>
      </symbol>
      <symbol id="sm-4d1">
         <name>__auto_init</name>
         <value>0x838360</value>
         <object_component_ref idref="oc-d7"/>
      </symbol>
      <symbol id="sm-4de">
         <name>___TI_cpp_init</name>
         <value>0x839220</value>
         <object_component_ref idref="oc-e4"/>
      </symbol>
      <symbol id="sm-4ec">
         <name>_copy_in</name>
         <value>0x838ac0</value>
         <object_component_ref idref="oc-e2"/>
      </symbol>
      <symbol id="sm-4f4">
         <name>__ctypes_</name>
         <value>0x8429a0</value>
         <object_component_ref idref="oc-121"/>
      </symbol>
      <symbol id="sm-4fe">
         <name>__tmpnams</name>
         <value>0x824750</value>
         <object_component_ref idref="oc-aa"/>
      </symbol>
      <symbol id="sm-4ff">
         <name>__ft_end</name>
         <value>0x824890</value>
         <object_component_ref idref="oc-aa"/>
      </symbol>
      <symbol id="sm-500">
         <name>__ftable</name>
         <value>0x824570</value>
         <object_component_ref idref="oc-aa"/>
      </symbol>
      <symbol id="sm-509">
         <name>__c6xabi_divu</name>
         <value>0x838420</value>
         <object_component_ref idref="oc-134"/>
      </symbol>
      <symbol id="sm-50a">
         <name>__divu</name>
         <value>0x838420</value>
         <object_component_ref idref="oc-134"/>
      </symbol>
      <symbol id="sm-517">
         <name>__fixdli</name>
         <value>0x838980</value>
         <object_component_ref idref="oc-131"/>
      </symbol>
      <symbol id="sm-522">
         <name>__fltlid</name>
         <value>0x838f20</value>
         <object_component_ref idref="oc-133"/>
      </symbol>
      <symbol id="sm-533">
         <name>_fseek</name>
         <value>0x837400</value>
         <object_component_ref idref="oc-11f"/>
      </symbol>
      <symbol id="sm-543">
         <name>__divul</name>
         <value>0x836800</value>
         <object_component_ref idref="oc-135"/>
      </symbol>
      <symbol id="sm-544">
         <name>__remli</name>
         <value>0x8396a0</value>
         <object_component_ref idref="oc-137"/>
      </symbol>
      <symbol id="sm-545">
         <name>__divli</name>
         <value>0x8387a0</value>
         <object_component_ref idref="oc-138"/>
      </symbol>
      <symbol id="sm-558">
         <name>__subcull</name>
         <value>0x839340</value>
         <object_component_ref idref="oc-139"/>
      </symbol>
      <symbol id="sm-559">
         <name>__divull</name>
         <value>0x835220</value>
         <object_component_ref idref="oc-136"/>
      </symbol>
      <symbol id="sm-566">
         <name>_ltoa</name>
         <value>0x837e80</value>
         <object_component_ref idref="oc-132"/>
      </symbol>
      <symbol id="sm-573">
         <name>_memccpy</name>
         <value>0x839460</value>
         <object_component_ref idref="oc-119"/>
      </symbol>
      <symbol id="sm-589">
         <name>_setvbuf</name>
         <value>0x835f20</value>
         <object_component_ref idref="oc-120"/>
      </symbol>
      <symbol id="sm-595">
         <name>_atan2dp_c</name>
         <value>0x843500</value>
         <object_component_ref idref="oc-eb"/>
      </symbol>
      <symbol id="sm-59e">
         <name>_atan2dp_v</name>
         <value>0x842cc0</value>
         <object_component_ref idref="oc-ed"/>
      </symbol>
      <symbol id="sm-5b0">
         <name>_atan2dp</name>
         <value>0x843310</value>
         <object_component_ref idref="oc-cb"/>
      </symbol>
      <symbol id="sm-5b1">
         <name>Vatn2dp</name>
         <value>0x842c40</value>
         <object_component_ref idref="oc-ca"/>
      </symbol>
      <symbol id="sm-5ba">
         <name>_divdp</name>
         <value>0x843400</value>
         <object_component_ref idref="oc-cf"/>
      </symbol>
      <symbol id="sm-5c2">
         <name>_recipdp</name>
         <value>0x843480</value>
         <object_component_ref idref="oc-d3"/>
      </symbol>
   </symbol_table>
</link_info>
