<?xml version="1.0"?>
<link_info>
   <banner>TMS320C6x Linker PC v7.4.2</banner>
   <copyright>Copyright (c) 1996-2012 Texas Instruments Incorporated</copyright>
   <link_time>0x527865d2</link_time>
   <output_file>coshsp_66_BE_COFF.out</output_file>
   <entry_point>
      <name>_c_int00</name>
      <address>0x8268c0</address>
   </entry_point>
   <input_file_list>
      <input_file id="fl-2">
         <path>.\</path>
         <kind>object</kind>
         <file>tables.obj</file>
         <name>tables.obj</name>
      </input_file>
      <input_file id="fl-3">
         <path>.\</path>
         <kind>object</kind>
         <file>drvsp.obj</file>
         <name>drvsp.obj</name>
      </input_file>
      <input_file id="fl-4">
         <path>.\</path>
         <kind>object</kind>
         <file>driver.obj</file>
         <name>driver.obj</name>
      </input_file>
      <input_file id="fl-5">
         <path>.\</path>
         <kind>object</kind>
         <file>coshsp_d.obj</file>
         <name>coshsp_d.obj</name>
      </input_file>
      <input_file id="fl-81">
         <path>C:\MATHLIB_Tools\CCSV5_4_0\ccsv5\tools\compiler\c6000_7.4.2\lib\</path>
         <kind>archive</kind>
         <file>rts6600e_coff.lib</file>
         <name>boot.obj</name>
      </input_file>
      <input_file id="fl-82">
         <path>C:\MATHLIB_Tools\CCSV5_4_0\ccsv5\tools\compiler\c6000_7.4.2\lib\</path>
         <kind>archive</kind>
         <file>rts6600e_coff.lib</file>
         <name>coshf.obj</name>
      </input_file>
      <input_file id="fl-83">
         <path>C:\MATHLIB_Tools\CCSV5_4_0\ccsv5\tools\compiler\c6000_7.4.2\lib\</path>
         <kind>archive</kind>
         <file>rts6600e_coff.lib</file>
         <name>divd.obj</name>
      </input_file>
      <input_file id="fl-84">
         <path>C:\MATHLIB_Tools\CCSV5_4_0\ccsv5\tools\compiler\c6000_7.4.2\lib\</path>
         <kind>archive</kind>
         <file>rts6600e_coff.lib</file>
         <name>divf.obj</name>
      </input_file>
      <input_file id="fl-85">
         <path>C:\MATHLIB_Tools\CCSV5_4_0\ccsv5\tools\compiler\c6000_7.4.2\lib\</path>
         <kind>archive</kind>
         <file>rts6600e_coff.lib</file>
         <name>errno.obj</name>
      </input_file>
      <input_file id="fl-86">
         <path>C:\MATHLIB_Tools\CCSV5_4_0\ccsv5\tools\compiler\c6000_7.4.2\lib\</path>
         <kind>archive</kind>
         <file>rts6600e_coff.lib</file>
         <name>exit.obj</name>
      </input_file>
      <input_file id="fl-87">
         <path>C:\MATHLIB_Tools\CCSV5_4_0\ccsv5\tools\compiler\c6000_7.4.2\lib\</path>
         <kind>archive</kind>
         <file>rts6600e_coff.lib</file>
         <name>expf.obj</name>
      </input_file>
      <input_file id="fl-88">
         <path>C:\MATHLIB_Tools\CCSV5_4_0\ccsv5\tools\compiler\c6000_7.4.2\lib\</path>
         <kind>archive</kind>
         <file>rts6600e_coff.lib</file>
         <name>fclose.obj</name>
      </input_file>
      <input_file id="fl-89">
         <path>C:\MATHLIB_Tools\CCSV5_4_0\ccsv5\tools\compiler\c6000_7.4.2\lib\</path>
         <kind>archive</kind>
         <file>rts6600e_coff.lib</file>
         <name>fflush.obj</name>
      </input_file>
      <input_file id="fl-8a">
         <path>C:\MATHLIB_Tools\CCSV5_4_0\ccsv5\tools\compiler\c6000_7.4.2\lib\</path>
         <kind>archive</kind>
         <file>rts6600e_coff.lib</file>
         <name>fixdlli.obj</name>
      </input_file>
      <input_file id="fl-8b">
         <path>C:\MATHLIB_Tools\CCSV5_4_0\ccsv5\tools\compiler\c6000_7.4.2\lib\</path>
         <kind>archive</kind>
         <file>rts6600e_coff.lib</file>
         <name>fltllif.obj</name>
      </input_file>
      <input_file id="fl-8c">
         <path>C:\MATHLIB_Tools\CCSV5_4_0\ccsv5\tools\compiler\c6000_7.4.2\lib\</path>
         <kind>archive</kind>
         <file>rts6600e_coff.lib</file>
         <name>fopen.obj</name>
      </input_file>
      <input_file id="fl-8d">
         <path>C:\MATHLIB_Tools\CCSV5_4_0\ccsv5\tools\compiler\c6000_7.4.2\lib\</path>
         <kind>archive</kind>
         <file>rts6600e_coff.lib</file>
         <name>fprintf.obj</name>
      </input_file>
      <input_file id="fl-8e">
         <path>C:\MATHLIB_Tools\CCSV5_4_0\ccsv5\tools\compiler\c6000_7.4.2\lib\</path>
         <kind>archive</kind>
         <file>rts6600e_coff.lib</file>
         <name>fputc.obj</name>
      </input_file>
      <input_file id="fl-8f">
         <path>C:\MATHLIB_Tools\CCSV5_4_0\ccsv5\tools\compiler\c6000_7.4.2\lib\</path>
         <kind>archive</kind>
         <file>rts6600e_coff.lib</file>
         <name>fputs.obj</name>
      </input_file>
      <input_file id="fl-90">
         <path>C:\MATHLIB_Tools\CCSV5_4_0\ccsv5\tools\compiler\c6000_7.4.2\lib\</path>
         <kind>archive</kind>
         <file>rts6600e_coff.lib</file>
         <name>frcmpyd_div.obj</name>
      </input_file>
      <input_file id="fl-91">
         <path>C:\MATHLIB_Tools\CCSV5_4_0\ccsv5\tools\compiler\c6000_7.4.2\lib\</path>
         <kind>archive</kind>
         <file>rts6600e_coff.lib</file>
         <name>isinff.obj</name>
      </input_file>
      <input_file id="fl-92">
         <path>C:\MATHLIB_Tools\CCSV5_4_0\ccsv5\tools\compiler\c6000_7.4.2\lib\</path>
         <kind>archive</kind>
         <file>rts6600e_coff.lib</file>
         <name>ldexpf.obj</name>
      </input_file>
      <input_file id="fl-93">
         <path>C:\MATHLIB_Tools\CCSV5_4_0\ccsv5\tools\compiler\c6000_7.4.2\lib\</path>
         <kind>archive</kind>
         <file>rts6600e_coff.lib</file>
         <name>llshift.obj</name>
      </input_file>
      <input_file id="fl-94">
         <path>C:\MATHLIB_Tools\CCSV5_4_0\ccsv5\tools\compiler\c6000_7.4.2\lib\</path>
         <kind>archive</kind>
         <file>rts6600e_coff.lib</file>
         <name>lowlev.obj</name>
      </input_file>
      <input_file id="fl-95">
         <path>C:\MATHLIB_Tools\CCSV5_4_0\ccsv5\tools\compiler\c6000_7.4.2\lib\</path>
         <kind>archive</kind>
         <file>rts6600e_coff.lib</file>
         <name>memcpy64.obj</name>
      </input_file>
      <input_file id="fl-96">
         <path>C:\MATHLIB_Tools\CCSV5_4_0\ccsv5\tools\compiler\c6000_7.4.2\lib\</path>
         <kind>archive</kind>
         <file>rts6600e_coff.lib</file>
         <name>memory.obj</name>
      </input_file>
      <input_file id="fl-97">
         <path>C:\MATHLIB_Tools\CCSV5_4_0\ccsv5\tools\compiler\c6000_7.4.2\lib\</path>
         <kind>archive</kind>
         <file>rts6600e_coff.lib</file>
         <name>memset.obj</name>
      </input_file>
      <input_file id="fl-98">
         <path>C:\MATHLIB_Tools\CCSV5_4_0\ccsv5\tools\compiler\c6000_7.4.2\lib\</path>
         <kind>archive</kind>
         <file>rts6600e_coff.lib</file>
         <name>modff.obj</name>
      </input_file>
      <input_file id="fl-99">
         <path>C:\MATHLIB_Tools\CCSV5_4_0\ccsv5\tools\compiler\c6000_7.4.2\lib\</path>
         <kind>archive</kind>
         <file>rts6600e_coff.lib</file>
         <name>negll.obj</name>
      </input_file>
      <input_file id="fl-9a">
         <path>C:\MATHLIB_Tools\CCSV5_4_0\ccsv5\tools\compiler\c6000_7.4.2\lib\</path>
         <kind>archive</kind>
         <file>rts6600e_coff.lib</file>
         <name>printf.obj</name>
      </input_file>
      <input_file id="fl-9b">
         <path>C:\MATHLIB_Tools\CCSV5_4_0\ccsv5\tools\compiler\c6000_7.4.2\lib\</path>
         <kind>archive</kind>
         <file>rts6600e_coff.lib</file>
         <name>rand.obj</name>
      </input_file>
      <input_file id="fl-9c">
         <path>C:\MATHLIB_Tools\CCSV5_4_0\ccsv5\tools\compiler\c6000_7.4.2\lib\</path>
         <kind>archive</kind>
         <file>rts6600e_coff.lib</file>
         <name>remove.obj</name>
      </input_file>
      <input_file id="fl-9d">
         <path>C:\MATHLIB_Tools\CCSV5_4_0\ccsv5\tools\compiler\c6000_7.4.2\lib\</path>
         <kind>archive</kind>
         <file>rts6600e_coff.lib</file>
         <name>trgdrv.obj</name>
      </input_file>
      <input_file id="fl-9e">
         <path>C:\MATHLIB_Tools\CCSV5_4_0\ccsv5\tools\compiler\c6000_7.4.2\lib\</path>
         <kind>archive</kind>
         <file>rts6600e_coff.lib</file>
         <name>trgmsg.obj</name>
      </input_file>
      <input_file id="fl-9f">
         <path>C:\MATHLIB_Tools\CCSV5_4_0\ccsv5\tools\compiler\c6000_7.4.2\lib\</path>
         <kind>archive</kind>
         <file>rts6600e_coff.lib</file>
         <name>_io_perm.obj</name>
      </input_file>
      <input_file id="fl-a0">
         <path>C:\MATHLIB_Tools\CCSV5_4_0\ccsv5\tools\compiler\c6000_7.4.2\lib\</path>
         <kind>archive</kind>
         <file>rts6600e_coff.lib</file>
         <name>_lock.obj</name>
      </input_file>
      <input_file id="fl-a1">
         <path>C:\MATHLIB_Tools\CCSV5_4_0\ccsv5\tools\compiler\c6000_7.4.2\lib\</path>
         <kind>archive</kind>
         <file>rts6600e_coff.lib</file>
         <name>_printfi.obj</name>
      </input_file>
      <input_file id="fl-a2">
         <path>C:\MATHLIB_Tools\CCSV5_4_0\ccsv5\tools\compiler\c6000_7.4.2\lib\</path>
         <kind>archive</kind>
         <file>rts6600e_coff.lib</file>
         <name>args_main.obj</name>
      </input_file>
      <input_file id="fl-a3">
         <path>C:\MATHLIB_Tools\CCSV5_4_0\ccsv5\tools\compiler\c6000_7.4.2\lib\</path>
         <kind>archive</kind>
         <file>rts6600e_coff.lib</file>
         <name>atoi.obj</name>
      </input_file>
      <input_file id="fl-a4">
         <path>C:\MATHLIB_Tools\CCSV5_4_0\ccsv5\tools\compiler\c6000_7.4.2\lib\</path>
         <kind>archive</kind>
         <file>rts6600e_coff.lib</file>
         <name>autoinit.obj</name>
      </input_file>
      <input_file id="fl-a5">
         <path>C:\MATHLIB_Tools\CCSV5_4_0\ccsv5\tools\compiler\c6000_7.4.2\lib\</path>
         <kind>archive</kind>
         <file>rts6600e_coff.lib</file>
         <name>cpp_init.obj</name>
      </input_file>
      <input_file id="fl-a6">
         <path>C:\MATHLIB_Tools\CCSV5_4_0\ccsv5\tools\compiler\c6000_7.4.2\lib\</path>
         <kind>archive</kind>
         <file>rts6600e_coff.lib</file>
         <name>cpy_tbl.obj</name>
      </input_file>
      <input_file id="fl-a7">
         <path>C:\MATHLIB_Tools\CCSV5_4_0\ccsv5\tools\compiler\c6000_7.4.2\lib\</path>
         <kind>archive</kind>
         <file>rts6600e_coff.lib</file>
         <name>ctype.obj</name>
      </input_file>
      <input_file id="fl-a8">
         <path>C:\MATHLIB_Tools\CCSV5_4_0\ccsv5\tools\compiler\c6000_7.4.2\lib\</path>
         <kind>archive</kind>
         <file>rts6600e_coff.lib</file>
         <name>defs.obj</name>
      </input_file>
      <input_file id="fl-a9">
         <path>C:\MATHLIB_Tools\CCSV5_4_0\ccsv5\tools\compiler\c6000_7.4.2\lib\</path>
         <kind>archive</kind>
         <file>rts6600e_coff.lib</file>
         <name>divu.obj</name>
      </input_file>
      <input_file id="fl-aa">
         <path>C:\MATHLIB_Tools\CCSV5_4_0\ccsv5\tools\compiler\c6000_7.4.2\lib\</path>
         <kind>archive</kind>
         <file>rts6600e_coff.lib</file>
         <name>fixdli.obj</name>
      </input_file>
      <input_file id="fl-ab">
         <path>C:\MATHLIB_Tools\CCSV5_4_0\ccsv5\tools\compiler\c6000_7.4.2\lib\</path>
         <kind>archive</kind>
         <file>rts6600e_coff.lib</file>
         <name>fltlid.obj</name>
      </input_file>
      <input_file id="fl-ac">
         <path>C:\MATHLIB_Tools\CCSV5_4_0\ccsv5\tools\compiler\c6000_7.4.2\lib\</path>
         <kind>archive</kind>
         <file>rts6600e_coff.lib</file>
         <name>fseek.obj</name>
      </input_file>
      <input_file id="fl-ad">
         <path>C:\MATHLIB_Tools\CCSV5_4_0\ccsv5\tools\compiler\c6000_7.4.2\lib\</path>
         <kind>archive</kind>
         <file>rts6600e_coff.lib</file>
         <name>imath40.obj</name>
      </input_file>
      <input_file id="fl-ae">
         <path>C:\MATHLIB_Tools\CCSV5_4_0\ccsv5\tools\compiler\c6000_7.4.2\lib\</path>
         <kind>archive</kind>
         <file>rts6600e_coff.lib</file>
         <name>imath64.obj</name>
      </input_file>
      <input_file id="fl-af">
         <path>C:\MATHLIB_Tools\CCSV5_4_0\ccsv5\tools\compiler\c6000_7.4.2\lib\</path>
         <kind>archive</kind>
         <file>rts6600e_coff.lib</file>
         <name>isinf.obj</name>
      </input_file>
      <input_file id="fl-b0">
         <path>C:\MATHLIB_Tools\CCSV5_4_0\ccsv5\tools\compiler\c6000_7.4.2\lib\</path>
         <kind>archive</kind>
         <file>rts6600e_coff.lib</file>
         <name>ltoa.obj</name>
      </input_file>
      <input_file id="fl-b1">
         <path>C:\MATHLIB_Tools\CCSV5_4_0\ccsv5\tools\compiler\c6000_7.4.2\lib\</path>
         <kind>archive</kind>
         <file>rts6600e_coff.lib</file>
         <name>memccpy.obj</name>
      </input_file>
      <input_file id="fl-b2">
         <path>C:\MATHLIB_Tools\CCSV5_4_0\ccsv5\tools\compiler\c6000_7.4.2\lib\</path>
         <kind>archive</kind>
         <file>rts6600e_coff.lib</file>
         <name>setvbuf.obj</name>
      </input_file>
      <input_file id="fl-b3">
         <path>C:\MATHLIB_Tools\CCSV5_4_0\ccsv5\tools\compiler\c6000_7.4.2\lib\</path>
         <kind>archive</kind>
         <file>rts6600e_coff.lib</file>
         <name>abs.obj</name>
      </input_file>
      <input_file id="fl-b9">
         <path>..\..\..\..\..\lib\</path>
         <kind>archive</kind>
         <file>mathlib.a66e</file>
         <name>coshsp.o66e</name>
      </input_file>
      <input_file id="fl-ba">
         <path>..\..\..\..\..\lib\</path>
         <kind>archive</kind>
         <file>mathlib.a66e</file>
         <name>coshsp_c.o66e</name>
      </input_file>
      <input_file id="fl-bb">
         <path>..\..\..\..\..\lib\</path>
         <kind>archive</kind>
         <file>mathlib.a66e</file>
         <name>coshsp_v.o66e</name>
      </input_file>
   </input_file_list>
   <object_component_list>
      <object_component id="oc-ea">
         <name>.text:optvec</name>
         <load_address>0x82fbc0</load_address>
         <run_address>0x82fbc0</run_address>
         <size>0xc80</size>
         <input_file_ref idref="fl-bb"/>
      </object_component>
      <object_component id="oc-e7">
         <name>.text:optci</name>
         <load_address>0x830840</load_address>
         <run_address>0x830840</run_address>
         <size>0x2e0</size>
         <input_file_ref idref="fl-b9"/>
      </object_component>
      <object_component id="oc-e8">
         <name>.text:optci</name>
         <load_address>0x830b20</load_address>
         <run_address>0x830b20</run_address>
         <size>0x2e0</size>
         <input_file_ref idref="fl-ba"/>
      </object_component>
      <object_component id="oc-e1">
         <name>.text</name>
         <load_address>0x81e540</load_address>
         <run_address>0x81e540</run_address>
         <size>0x1400</size>
         <input_file_ref idref="fl-5"/>
      </object_component>
      <object_component id="oc-e5">
         <name>.text</name>
         <load_address>0x81f940</load_address>
         <run_address>0x81f940</run_address>
         <size>0x660</size>
         <input_file_ref idref="fl-4"/>
      </object_component>
      <object_component id="oc-f6">
         <name>.text:__divd</name>
         <load_address>0x81ffa0</load_address>
         <run_address>0x81ffa0</run_address>
         <size>0x5c0</size>
         <input_file_ref idref="fl-83"/>
      </object_component>
      <object_component id="oc-126">
         <name>.text:__getarg_diouxp</name>
         <load_address>0x820560</load_address>
         <run_address>0x820560</run_address>
         <size>0x560</size>
         <input_file_ref idref="fl-a1"/>
      </object_component>
      <object_component id="oc-fc">
         <name>.text:__printfi</name>
         <load_address>0x820ac0</load_address>
         <run_address>0x820ac0</run_address>
         <size>0x440</size>
         <input_file_ref idref="fl-a1"/>
      </object_component>
      <object_component id="oc-109">
         <name>.text:__setfield</name>
         <load_address>0x820f00</load_address>
         <run_address>0x820f00</run_address>
         <size>0x440</size>
         <input_file_ref idref="fl-a1"/>
      </object_component>
      <object_component id="oc-106">
         <name>.text:_fputs</name>
         <load_address>0x821340</load_address>
         <run_address>0x821340</run_address>
         <size>0x3a0</size>
         <input_file_ref idref="fl-8f"/>
      </object_component>
      <object_component id="oc-eb">
         <name>.text</name>
         <load_address>0x8216e0</load_address>
         <run_address>0x8216e0</run_address>
         <size>0x340</size>
         <input_file_ref idref="fl-3"/>
      </object_component>
      <object_component id="oc-116">
         <name>.text:__pproc_fge</name>
         <load_address>0x821a20</load_address>
         <run_address>0x821a20</run_address>
         <size>0x320</size>
         <input_file_ref idref="fl-a1"/>
      </object_component>
      <object_component id="oc-108">
         <name>.text:__pproc_fwp</name>
         <load_address>0x821d40</load_address>
         <run_address>0x821d40</run_address>
         <size>0x2c0</size>
         <input_file_ref idref="fl-a1"/>
      </object_component>
      <object_component id="oc-f5">
         <name>.text:__divf</name>
         <load_address>0x822000</load_address>
         <run_address>0x822000</run_address>
         <size>0x280</size>
         <input_file_ref idref="fl-84"/>
      </object_component>
      <object_component id="oc-12b">
         <name>.text:_ecvt</name>
         <load_address>0x822280</load_address>
         <run_address>0x822280</run_address>
         <size>0x280</size>
         <input_file_ref idref="fl-a1"/>
      </object_component>
      <object_component id="oc-12e">
         <name>.text:_fcvt</name>
         <load_address>0x822500</load_address>
         <run_address>0x822500</run_address>
         <size>0x280</size>
         <input_file_ref idref="fl-a1"/>
      </object_component>
      <object_component id="oc-110">
         <name>.text:_free</name>
         <load_address>0x822780</load_address>
         <run_address>0x822780</run_address>
         <size>0x280</size>
         <input_file_ref idref="fl-96"/>
      </object_component>
      <object_component id="oc-136">
         <name>.text:__divull</name>
         <load_address>0x822a00</load_address>
         <run_address>0x822a00</run_address>
         <size>0x240</size>
         <input_file_ref idref="fl-ae"/>
      </object_component>
      <object_component id="oc-125">
         <name>.text:__pconv_e</name>
         <load_address>0x822c40</load_address>
         <run_address>0x822c40</run_address>
         <size>0x240</size>
         <input_file_ref idref="fl-a1"/>
      </object_component>
      <object_component id="oc-117">
         <name>.text:__pproc_diouxp</name>
         <load_address>0x822e80</load_address>
         <run_address>0x822e80</run_address>
         <size>0x240</size>
         <input_file_ref idref="fl-a1"/>
      </object_component>
      <object_component id="oc-10a">
         <name>.text:__pproc_str</name>
         <load_address>0x8230c0</load_address>
         <run_address>0x8230c0</run_address>
         <size>0x220</size>
         <input_file_ref idref="fl-a1"/>
      </object_component>
      <object_component id="oc-10b">
         <name>.text:_fputc</name>
         <load_address>0x8232e0</load_address>
         <run_address>0x8232e0</run_address>
         <size>0x220</size>
         <input_file_ref idref="fl-8e"/>
      </object_component>
      <object_component id="oc-123">
         <name>.text:__pconv_g</name>
         <load_address>0x823500</load_address>
         <run_address>0x823500</run_address>
         <size>0x200</size>
         <input_file_ref idref="fl-a1"/>
      </object_component>
      <object_component id="oc-11f">
         <name>.text:_setvbuf</name>
         <load_address>0x823700</load_address>
         <run_address>0x823700</run_address>
         <size>0x200</size>
         <input_file_ref idref="fl-b2"/>
      </object_component>
      <object_component id="oc-12d">
         <name>.text:__mcpy</name>
         <load_address>0x823900</load_address>
         <run_address>0x823900</run_address>
         <size>0x1c0</size>
         <input_file_ref idref="fl-a1"/>
      </object_component>
      <object_component id="oc-ff">
         <name>.text:__openfile</name>
         <load_address>0x823ac0</load_address>
         <run_address>0x823ac0</run_address>
         <size>0x1c0</size>
         <input_file_ref idref="fl-8c"/>
      </object_component>
      <object_component id="oc-dc">
         <name>.text:_HOSTrename</name>
         <load_address>0x823c80</load_address>
         <run_address>0x823c80</run_address>
         <size>0x1a0</size>
         <input_file_ref idref="fl-9d"/>
      </object_component>
      <object_component id="oc-135">
         <name>.text:__divul</name>
         <load_address>0x823e20</load_address>
         <run_address>0x823e20</run_address>
         <size>0x1a0</size>
         <input_file_ref idref="fl-ad"/>
      </object_component>
      <object_component id="oc-f4">
         <name>.text:_expf</name>
         <load_address>0x823fc0</load_address>
         <run_address>0x823fc0</run_address>
         <size>0x1a0</size>
         <input_file_ref idref="fl-87"/>
      </object_component>
      <object_component id="oc-12a">
         <name>.text:_malloc</name>
         <load_address>0x824160</load_address>
         <run_address>0x824160</run_address>
         <size>0x180</size>
         <input_file_ref idref="fl-96"/>
      </object_component>
      <object_component id="oc-10e">
         <name>.text:_open</name>
         <load_address>0x8242e0</load_address>
         <run_address>0x8242e0</run_address>
         <size>0x180</size>
         <input_file_ref idref="fl-94"/>
      </object_component>
      <object_component id="oc-107">
         <name>.text:__pproc_fflags</name>
         <load_address>0x824460</load_address>
         <run_address>0x824460</run_address>
         <size>0x140</size>
         <input_file_ref idref="fl-a1"/>
      </object_component>
      <object_component id="oc-e6">
         <name>.text:_coshf</name>
         <load_address>0x8245a0</load_address>
         <run_address>0x8245a0</run_address>
         <size>0x140</size>
         <input_file_ref idref="fl-82"/>
      </object_component>
      <object_component id="oc-11a">
         <name>.text:_getdevice</name>
         <load_address>0x8246e0</load_address>
         <run_address>0x8246e0</run_address>
         <size>0x140</size>
         <input_file_ref idref="fl-94"/>
      </object_component>
      <object_component id="oc-102">
         <name>.text:__closefile</name>
         <load_address>0x824820</load_address>
         <run_address>0x824820</run_address>
         <size>0x120</size>
         <input_file_ref idref="fl-88"/>
      </object_component>
      <object_component id="oc-127">
         <name>.text:__ltostr</name>
         <load_address>0x824940</load_address>
         <run_address>0x824940</run_address>
         <size>0x120</size>
         <input_file_ref idref="fl-a1"/>
      </object_component>
      <object_component id="oc-fe">
         <name>.text:__search_fp</name>
         <load_address>0x824a60</load_address>
         <run_address>0x824a60</run_address>
         <size>0x120</size>
         <input_file_ref idref="fl-8c"/>
      </object_component>
      <object_component id="oc-11e">
         <name>.text:_fseek</name>
         <load_address>0x824b80</load_address>
         <run_address>0x824b80</run_address>
         <size>0x120</size>
         <input_file_ref idref="fl-ac"/>
      </object_component>
      <object_component id="oc-104">
         <name>.text:_ldexpf</name>
         <load_address>0x824ca0</load_address>
         <run_address>0x824ca0</run_address>
         <size>0x120</size>
         <input_file_ref idref="fl-92"/>
      </object_component>
      <object_component id="oc-da">
         <name>.text:_HOSTlseek</name>
         <load_address>0x824dc0</load_address>
         <run_address>0x824dc0</run_address>
         <size>0x100</size>
         <input_file_ref idref="fl-9d"/>
      </object_component>
      <object_component id="oc-ed">
         <name>.text:__fixdlli</name>
         <load_address>0x824ec0</load_address>
         <run_address>0x824ec0</run_address>
         <size>0x100</size>
         <input_file_ref idref="fl-8a"/>
      </object_component>
      <object_component id="oc-113">
         <name>.text:__wrt_ok</name>
         <load_address>0x824fc0</load_address>
         <run_address>0x824fc0</run_address>
         <size>0x100</size>
         <input_file_ref idref="fl-9f"/>
      </object_component>
      <object_component id="oc-f1">
         <name>.text:_fprintf</name>
         <load_address>0x8250c0</load_address>
         <run_address>0x8250c0</run_address>
         <size>0x100</size>
         <input_file_ref idref="fl-8d"/>
      </object_component>
      <object_component id="oc-e9">
         <name>.text:optci</name>
         <load_address>0x8251c0</load_address>
         <run_address>0x8251c0</run_address>
         <size>0x100</size>
         <input_file_ref idref="fl-5"/>
      </object_component>
      <object_component id="oc-d6">
         <name>.text:_HOSTopen</name>
         <load_address>0x8252c0</load_address>
         <run_address>0x8252c0</run_address>
         <size>0xe0</size>
         <input_file_ref idref="fl-9d"/>
      </object_component>
      <object_component id="oc-130">
         <name>.text:__div</name>
         <load_address>0x8253a0</load_address>
         <run_address>0x8253a0</run_address>
         <size>0xe0</size>
         <input_file_ref idref="fl-a1"/>
      </object_component>
      <object_component id="oc-ec">
         <name>.text:__fltllif</name>
         <load_address>0x825480</load_address>
         <run_address>0x825480</run_address>
         <size>0xe0</size>
         <input_file_ref idref="fl-8b"/>
      </object_component>
      <object_component id="oc-115">
         <name>.text:_atoi</name>
         <load_address>0x825560</load_address>
         <run_address>0x825560</run_address>
         <size>0xe0</size>
         <input_file_ref idref="fl-a3"/>
      </object_component>
      <object_component id="oc-111">
         <name>.text:_close</name>
         <load_address>0x825640</load_address>
         <run_address>0x825640</run_address>
         <size>0xe0</size>
         <input_file_ref idref="fl-94"/>
      </object_component>
      <object_component id="oc-132">
         <name>.text:_ltoa</name>
         <load_address>0x825720</load_address>
         <run_address>0x825720</run_address>
         <size>0xe0</size>
         <input_file_ref idref="fl-b0"/>
      </object_component>
      <object_component id="oc-10c">
         <name>.text:_memset</name>
         <load_address>0x825800</load_address>
         <run_address>0x825800</run_address>
         <size>0xe0</size>
         <input_file_ref idref="fl-97"/>
      </object_component>
      <object_component id="oc-ee">
         <name>.text:_printf</name>
         <load_address>0x8258e0</load_address>
         <run_address>0x8258e0</run_address>
         <size>0xe0</size>
         <input_file_ref idref="fl-9a"/>
      </object_component>
      <object_component id="oc-d8">
         <name>.text:_HOSTread</name>
         <load_address>0x8259c0</load_address>
         <run_address>0x8259c0</run_address>
         <size>0xc0</size>
         <input_file_ref idref="fl-9d"/>
      </object_component>
      <object_component id="oc-db">
         <name>.text:_HOSTunlink</name>
         <load_address>0x825a80</load_address>
         <run_address>0x825a80</run_address>
         <size>0xc0</size>
         <input_file_ref idref="fl-9d"/>
      </object_component>
      <object_component id="oc-d9">
         <name>.text:_HOSTwrite</name>
         <load_address>0x825b40</load_address>
         <run_address>0x825b40</run_address>
         <size>0xc0</size>
         <input_file_ref idref="fl-9d"/>
      </object_component>
      <object_component id="oc-d3">
         <name>.text:__auto_init</name>
         <load_address>0x825c00</load_address>
         <run_address>0x825c00</run_address>
         <size>0xc0</size>
         <input_file_ref idref="fl-a4"/>
      </object_component>
      <object_component id="oc-134">
         <name>.text:__divu</name>
         <load_address>0x825cc0</load_address>
         <run_address>0x825cc0</run_address>
         <size>0xc0</size>
         <input_file_ref idref="fl-a9"/>
      </object_component>
      <object_component id="oc-10f">
         <name>.text:__doflush</name>
         <load_address>0x825d80</load_address>
         <run_address>0x825d80</run_address>
         <size>0xc0</size>
         <input_file_ref idref="fl-89"/>
      </object_component>
      <object_component id="oc-d5">
         <name>.text:_exit</name>
         <load_address>0x825e40</load_address>
         <run_address>0x825e40</run_address>
         <size>0xc0</size>
         <input_file_ref idref="fl-86"/>
      </object_component>
      <object_component id="oc-d7">
         <name>.text:_HOSTclose</name>
         <load_address>0x825f00</load_address>
         <run_address>0x825f00</run_address>
         <size>0xa0</size>
         <input_file_ref idref="fl-9d"/>
      </object_component>
      <object_component id="oc-10d">
         <name>.text:__cleanup</name>
         <load_address>0x825fa0</load_address>
         <run_address>0x825fa0</run_address>
         <size>0xa0</size>
         <input_file_ref idref="fl-8c"/>
      </object_component>
      <object_component id="oc-138">
         <name>.text:__divli</name>
         <load_address>0x826040</load_address>
         <run_address>0x826040</run_address>
         <size>0xa0</size>
         <input_file_ref idref="fl-ad"/>
      </object_component>
      <object_component id="oc-12c">
         <name>.text:__ecpy</name>
         <load_address>0x8260e0</load_address>
         <run_address>0x8260e0</run_address>
         <size>0xa0</size>
         <input_file_ref idref="fl-a1"/>
      </object_component>
      <object_component id="oc-12f">
         <name>.text:__fcpy</name>
         <load_address>0x826180</load_address>
         <run_address>0x826180</run_address>
         <size>0xa0</size>
         <input_file_ref idref="fl-a1"/>
      </object_component>
      <object_component id="oc-131">
         <name>.text:__fixdli</name>
         <load_address>0x826220</load_address>
         <run_address>0x826220</run_address>
         <size>0xa0</size>
         <input_file_ref idref="fl-aa"/>
      </object_component>
      <object_component id="oc-124">
         <name>.text:__pconv_f</name>
         <load_address>0x8262c0</load_address>
         <run_address>0x8262c0</run_address>
         <size>0xa0</size>
         <input_file_ref idref="fl-a1"/>
      </object_component>
      <object_component id="oc-de">
         <name>.text:_copy_in</name>
         <load_address>0x826360</load_address>
         <run_address>0x826360</run_address>
         <size>0xa0</size>
         <input_file_ref idref="fl-a6"/>
      </object_component>
      <object_component id="oc-128">
         <name>.text:_finddevice</name>
         <load_address>0x826400</load_address>
         <run_address>0x826400</run_address>
         <size>0xa0</size>
         <input_file_ref idref="fl-94"/>
      </object_component>
      <object_component id="oc-129">
         <name>.text:_lseek</name>
         <load_address>0x8264a0</load_address>
         <run_address>0x8264a0</run_address>
         <size>0xa0</size>
         <input_file_ref idref="fl-94"/>
      </object_component>
      <object_component id="oc-df">
         <name>.text:_memcpy</name>
         <load_address>0x826540</load_address>
         <run_address>0x826540</run_address>
         <size>0xa0</size>
         <input_file_ref idref="fl-95"/>
      </object_component>
      <object_component id="oc-11c">
         <name>.text:_minsert</name>
         <load_address>0x8265e0</load_address>
         <run_address>0x8265e0</run_address>
         <size>0xa0</size>
         <input_file_ref idref="fl-96"/>
      </object_component>
      <object_component id="oc-11b">
         <name>.text:_mremove</name>
         <load_address>0x826680</load_address>
         <run_address>0x826680</run_address>
         <size>0xa0</size>
         <input_file_ref idref="fl-96"/>
      </object_component>
      <object_component id="oc-114">
         <name>.text:_write</name>
         <load_address>0x826720</load_address>
         <run_address>0x826720</run_address>
         <size>0xa0</size>
         <input_file_ref idref="fl-94"/>
      </object_component>
      <object_component id="oc-133">
         <name>.text:__fltlid</name>
         <load_address>0x8267c0</load_address>
         <run_address>0x8267c0</run_address>
         <size>0x80</size>
         <input_file_ref idref="fl-ab"/>
      </object_component>
      <object_component id="oc-f9">
         <name>.text:__llshl</name>
         <load_address>0x826840</load_address>
         <run_address>0x826840</run_address>
         <size>0x80</size>
         <input_file_ref idref="fl-93"/>
      </object_component>
      <object_component id="oc-1b">
         <name>.text:_c_int00</name>
         <load_address>0x8268c0</load_address>
         <run_address>0x8268c0</run_address>
         <size>0x80</size>
         <input_file_ref idref="fl-81"/>
      </object_component>
      <object_component id="oc-ef">
         <name>.text:_rand</name>
         <load_address>0x826940</load_address>
         <run_address>0x826940</run_address>
         <size>0x80</size>
         <input_file_ref idref="fl-9b"/>
      </object_component>
      <object_component id="oc-e4">
         <name>.text:_readmsg</name>
         <load_address>0x8269c0</load_address>
         <run_address>0x8269c0</run_address>
         <size>0x80</size>
         <input_file_ref idref="fl-9e"/>
      </object_component>
      <object_component id="oc-11d">
         <name>.text:_unlink</name>
         <load_address>0x826a40</load_address>
         <run_address>0x826a40</run_address>
         <size>0x80</size>
         <input_file_ref idref="fl-94"/>
      </object_component>
      <object_component id="oc-e0">
         <name>.text:___TI_cpp_init</name>
         <load_address>0x826ac0</load_address>
         <run_address>0x826ac0</run_address>
         <size>0x60</size>
         <input_file_ref idref="fl-a5"/>
      </object_component>
      <object_component id="oc-105">
         <name>.text:__frcmpyd_div</name>
         <load_address>0x826b20</load_address>
         <run_address>0x826b20</run_address>
         <size>0x60</size>
         <input_file_ref idref="fl-90"/>
      </object_component>
      <object_component id="oc-fa">
         <name>.text:__llshru</name>
         <load_address>0x826b80</load_address>
         <run_address>0x826b80</run_address>
         <size>0x60</size>
         <input_file_ref idref="fl-93"/>
      </object_component>
      <object_component id="oc-139">
         <name>.text:__subcull</name>
         <load_address>0x826be0</load_address>
         <run_address>0x826be0</run_address>
         <size>0x60</size>
         <input_file_ref idref="fl-ae"/>
      </object_component>
      <object_component id="oc-f2">
         <name>.text:_fclose</name>
         <load_address>0x826c40</load_address>
         <run_address>0x826c40</run_address>
         <size>0x60</size>
         <input_file_ref idref="fl-88"/>
      </object_component>
      <object_component id="oc-f0">
         <name>.text:_fopen</name>
         <load_address>0x826ca0</load_address>
         <run_address>0x826ca0</run_address>
         <size>0x60</size>
         <input_file_ref idref="fl-8c"/>
      </object_component>
      <object_component id="oc-118">
         <name>.text:_memccpy</name>
         <load_address>0x826d00</load_address>
         <run_address>0x826d00</run_address>
         <size>0x60</size>
         <input_file_ref idref="fl-b1"/>
      </object_component>
      <object_component id="oc-103">
         <name>.text:_modff</name>
         <load_address>0x826d60</load_address>
         <run_address>0x826d60</run_address>
         <size>0x60</size>
         <input_file_ref idref="fl-98"/>
      </object_component>
      <object_component id="oc-f3">
         <name>.text:_srand</name>
         <load_address>0x826dc0</load_address>
         <run_address>0x826dc0</run_address>
         <size>0x60</size>
         <input_file_ref idref="fl-9b"/>
      </object_component>
      <object_component id="oc-119">
         <name>.text:_tabinit</name>
         <load_address>0x826e20</load_address>
         <run_address>0x826e20</run_address>
         <size>0x60</size>
         <input_file_ref idref="fl-94"/>
      </object_component>
      <object_component id="oc-e3">
         <name>.text:_writemsg</name>
         <load_address>0x826e80</load_address>
         <run_address>0x826e80</run_address>
         <size>0x60</size>
         <input_file_ref idref="fl-9e"/>
      </object_component>
      <object_component id="oc-122">
         <name>.text:___isinf</name>
         <load_address>0x826ee0</load_address>
         <run_address>0x826ee0</run_address>
         <size>0x40</size>
         <input_file_ref idref="fl-af"/>
      </object_component>
      <object_component id="oc-121">
         <name>.text:___isnan</name>
         <load_address>0x826f20</load_address>
         <run_address>0x826f20</run_address>
         <size>0x40</size>
         <input_file_ref idref="fl-a1"/>
      </object_component>
      <object_component id="oc-d4">
         <name>.text:__args_main</name>
         <load_address>0x826f60</load_address>
         <run_address>0x826f60</run_address>
         <size>0x40</size>
         <input_file_ref idref="fl-a2"/>
      </object_component>
      <object_component id="oc-137">
         <name>.text:__remli</name>
         <load_address>0x826fa0</load_address>
         <run_address>0x826fa0</run_address>
         <size>0x40</size>
         <input_file_ref idref="fl-ad"/>
      </object_component>
      <object_component id="oc-f7">
         <name>.text:___isinff</name>
         <load_address>0x826fe0</load_address>
         <run_address>0x826fe0</run_address>
         <size>0x20</size>
         <input_file_ref idref="fl-91"/>
      </object_component>
      <object_component id="oc-f8">
         <name>.text:__negll</name>
         <load_address>0x827000</load_address>
         <run_address>0x827000</run_address>
         <size>0x20</size>
         <input_file_ref idref="fl-99"/>
      </object_component>
      <object_component id="oc-dd">
         <name>.text:__nop</name>
         <load_address>0x827020</load_address>
         <run_address>0x827020</run_address>
         <size>0x20</size>
         <input_file_ref idref="fl-a0"/>
      </object_component>
      <object_component id="oc-101">
         <name>.text:__outc</name>
         <load_address>0x827040</load_address>
         <run_address>0x827040</run_address>
         <size>0x20</size>
         <input_file_ref idref="fl-8d"/>
      </object_component>
      <object_component id="oc-fd">
         <name>.text:__outc</name>
         <load_address>0x827060</load_address>
         <run_address>0x827060</run_address>
         <size>0x20</size>
         <input_file_ref idref="fl-9a"/>
      </object_component>
      <object_component id="oc-100">
         <name>.text:__outs</name>
         <load_address>0x827080</load_address>
         <run_address>0x827080</run_address>
         <size>0x20</size>
         <input_file_ref idref="fl-8d"/>
      </object_component>
      <object_component id="oc-fb">
         <name>.text:__outs</name>
         <load_address>0x8270a0</load_address>
         <run_address>0x8270a0</run_address>
         <size>0x20</size>
         <input_file_ref idref="fl-9a"/>
      </object_component>
      <object_component id="oc-e2">
         <name>.text:_abort</name>
         <load_address>0x8270c0</load_address>
         <run_address>0x8270c0</run_address>
         <size>0x20</size>
         <input_file_ref idref="fl-86"/>
      </object_component>
      <object_component id="oc-112">
         <name>.text:_remove</name>
         <load_address>0x8270e0</load_address>
         <run_address>0x8270e0</run_address>
         <size>0x20</size>
         <input_file_ref idref="fl-9c"/>
      </object_component>
      <object_component id="oc-15a">
         <name>$Tramp$S$$_coshsp_v</name>
         <load_address>0x827100</load_address>
         <run_address>0x827100</run_address>
         <size>0x10</size>
         <input_file_ref idref="fl-bb"/>
      </object_component>
      <object_component id="oc-159">
         <name>$Tramp$S$$_coshsp_c</name>
         <load_address>0x827110</load_address>
         <run_address>0x827110</run_address>
         <size>0x10</size>
         <input_file_ref idref="fl-ba"/>
      </object_component>
      <object_component id="oc-158">
         <name>$Tramp$S$$_coshsp</name>
         <load_address>0x827120</load_address>
         <run_address>0x827120</run_address>
         <size>0x10</size>
         <input_file_ref idref="fl-b9"/>
      </object_component>
      <object_component id="oc-1f">
         <name>.far</name>
         <uninitialized>true</uninitialized>
         <run_address>0x800000</run_address>
         <size>0x11c80</size>
         <input_file_ref idref="fl-3"/>
      </object_component>
      <object_component id="oc-23">
         <name>.far</name>
         <uninitialized>true</uninitialized>
         <run_address>0x811c80</run_address>
         <size>0x324</size>
         <input_file_ref idref="fl-5"/>
      </object_component>
      <object_component id="oc-34">
         <name>.far</name>
         <uninitialized>true</uninitialized>
         <run_address>0x811fa4</run_address>
         <size>0x4</size>
         <input_file_ref idref="fl-85"/>
      </object_component>
      <object_component id="oc-b0">
         <name>.far</name>
         <uninitialized>true</uninitialized>
         <run_address>0x811fa8</run_address>
         <size>0x324</size>
         <input_file_ref idref="fl-a8"/>
      </object_component>
      <object_component id="oc-4e">
         <name>.far</name>
         <uninitialized>true</uninitialized>
         <run_address>0x8122cc</run_address>
         <size>0x4</size>
         <input_file_ref idref="fl-8c"/>
      </object_component>
      <object_component id="oc-69">
         <name>.far</name>
         <uninitialized>true</uninitialized>
         <run_address>0x8122d0</run_address>
         <size>0x11c</size>
         <input_file_ref idref="fl-94"/>
      </object_component>
      <object_component id="oc-1d">
         <name>.far</name>
         <uninitialized>true</uninitialized>
         <run_address>0x8123f0</run_address>
         <size>0xa0</size>
         <input_file_ref idref="fl-2"/>
      </object_component>
      <object_component id="oc-20">
         <name>.far</name>
         <uninitialized>true</uninitialized>
         <run_address>0x812490</run_address>
         <size>0x60</size>
         <input_file_ref idref="fl-4"/>
      </object_component>
      <object_component id="oc-3d">
         <name>.far</name>
         <uninitialized>true</uninitialized>
         <run_address>0x8124f0</run_address>
         <size>0x1c</size>
         <input_file_ref idref="fl-87"/>
      </object_component>
      <object_component id="oc-38">
         <name>.far</name>
         <uninitialized>true</uninitialized>
         <run_address>0x81250c</run_address>
         <size>0xc</size>
         <input_file_ref idref="fl-86"/>
      </object_component>
      <object_component id="oc-96">
         <name>.far</name>
         <uninitialized>true</uninitialized>
         <run_address>0x812518</run_address>
         <size>0x8</size>
         <input_file_ref idref="fl-a0"/>
      </object_component>
      <object_component id="oc-71">
         <name>.far</name>
         <uninitialized>true</uninitialized>
         <run_address>0x812520</run_address>
         <size>0x8</size>
         <input_file_ref idref="fl-96"/>
      </object_component>
      <object_component id="oc-83">
         <name>.far</name>
         <uninitialized>true</uninitialized>
         <run_address>0x812528</run_address>
         <size>0x8</size>
         <input_file_ref idref="fl-9b"/>
      </object_component>
      <object_component id="oc-8a">
         <name>.far</name>
         <uninitialized>true</uninitialized>
         <run_address>0x812530</run_address>
         <size>0x8</size>
         <input_file_ref idref="fl-9d"/>
      </object_component>
      <object_component id="oc-26">
         <name>.stack</name>
         <uninitialized>true</uninitialized>
         <run_address>0x812538</run_address>
         <size>0x8</size>
         <input_file_ref idref="fl-81"/>
      </object_component>
      <object_component id="oc-156">
         <name>.stack</name>
         <uninitialized>true</uninitialized>
         <run_address>0x812538</run_address>
         <size>0x0</size>
      </object_component>
      <object_component id="oc-72">
         <name>.sysmem</name>
         <uninitialized>true</uninitialized>
         <run_address>0x827140</run_address>
         <size>0x8</size>
         <input_file_ref idref="fl-96"/>
      </object_component>
      <object_component id="oc-157">
         <name>.sysmem</name>
         <uninitialized>true</uninitialized>
         <run_address>0x827140</run_address>
         <size>0x0</size>
      </object_component>
      <object_component id="oc-22">
         <name>.cinit</name>
         <load_address>0x82f140</load_address>
         <run_address>0x82f140</run_address>
         <size>0x32c</size>
         <input_file_ref idref="fl-5"/>
      </object_component>
      <object_component id="oc-1c">
         <name>.cinit</name>
         <load_address>0x82f470</load_address>
         <run_address>0x82f470</run_address>
         <size>0xc0</size>
         <input_file_ref idref="fl-2"/>
      </object_component>
      <object_component id="oc-af">
         <name>.cinit</name>
         <load_address>0x82f530</load_address>
         <run_address>0x82f530</run_address>
         <size>0x5c</size>
         <input_file_ref idref="fl-a8"/>
      </object_component>
      <object_component id="oc-68">
         <name>.cinit</name>
         <load_address>0x82f590</load_address>
         <run_address>0x82f590</run_address>
         <size>0x5c</size>
         <input_file_ref idref="fl-94"/>
      </object_component>
      <object_component id="oc-1e">
         <name>.cinit</name>
         <load_address>0x82f5f0</load_address>
         <run_address>0x82f5f0</run_address>
         <size>0x30</size>
         <input_file_ref idref="fl-3"/>
      </object_component>
      <object_component id="oc-37">
         <name>.cinit</name>
         <load_address>0x82f620</load_address>
         <run_address>0x82f620</run_address>
         <size>0x2c</size>
         <input_file_ref idref="fl-86"/>
      </object_component>
      <object_component id="oc-70">
         <name>.cinit</name>
         <load_address>0x82f650</load_address>
         <run_address>0x82f650</run_address>
         <size>0x2c</size>
         <input_file_ref idref="fl-96"/>
      </object_component>
      <object_component id="oc-3c">
         <name>.cinit</name>
         <load_address>0x82f680</load_address>
         <run_address>0x82f680</run_address>
         <size>0x24</size>
         <input_file_ref idref="fl-87"/>
      </object_component>
      <object_component id="oc-95">
         <name>.cinit</name>
         <load_address>0x82f6a8</load_address>
         <run_address>0x82f6a8</run_address>
         <size>0x1c</size>
         <input_file_ref idref="fl-a0"/>
      </object_component>
      <object_component id="oc-82">
         <name>.cinit</name>
         <load_address>0x82f6c8</load_address>
         <run_address>0x82f6c8</run_address>
         <size>0x10</size>
         <input_file_ref idref="fl-9b"/>
      </object_component>
      <object_component id="oc-33">
         <name>.cinit</name>
         <load_address>0x82f6d8</load_address>
         <run_address>0x82f6d8</run_address>
         <size>0xc</size>
         <input_file_ref idref="fl-85"/>
      </object_component>
      <object_component id="oc-4d">
         <name>.cinit</name>
         <load_address>0x82f6e8</load_address>
         <run_address>0x82f6e8</run_address>
         <size>0xc</size>
         <input_file_ref idref="fl-8c"/>
      </object_component>
      <object_component id="oc-21">
         <name>.const:.string</name>
         <load_address>0x82f700</load_address>
         <run_address>0x82f700</run_address>
         <size>0x203</size>
         <input_file_ref idref="fl-4"/>
      </object_component>
      <object_component id="oc-58">
         <name>.const:.string</name>
         <load_address>0x82f903</load_address>
         <run_address>0x82f903</run_address>
         <size>0x2</size>
         <input_file_ref idref="fl-8f"/>
      </object_component>
      <object_component id="oc-120">
         <name>.const:.string:__ctypes_</name>
         <load_address>0x82f908</load_address>
         <run_address>0x82f908</run_address>
         <size>0x101</size>
         <input_file_ref idref="fl-a7"/>
      </object_component>
      <object_component id="oc-24">
         <name>.const:.string</name>
         <load_address>0x82fa09</load_address>
         <run_address>0x82fa09</run_address>
         <size>0x5a</size>
         <input_file_ref idref="fl-5"/>
      </object_component>
      <object_component id="oc-9a">
         <name>.const:.string</name>
         <load_address>0x82fa63</load_address>
         <run_address>0x82fa63</run_address>
         <size>0x23</size>
         <input_file_ref idref="fl-a1"/>
      </object_component>
      <object_component id="oc-8e">
         <name>.cio</name>
         <uninitialized>true</uninitialized>
         <run_address>0x82fa88</run_address>
         <size>0x120</size>
         <input_file_ref idref="fl-9e"/>
      </object_component>
      <object_component id="oc-25">
         <name>.debug_info</name>
         <load_address>0x0</load_address>
         <run_address>0x0</run_address>
         <size>0x708</size>
         <input_file_ref idref="fl-81"/>
      </object_component>
      <object_component id="oc-29">
         <name>.debug_info</name>
         <load_address>0x708</load_address>
         <run_address>0x708</run_address>
         <size>0x67a</size>
         <input_file_ref idref="fl-82"/>
      </object_component>
      <object_component id="oc-2c">
         <name>.debug_info</name>
         <load_address>0xd82</load_address>
         <run_address>0xd82</run_address>
         <size>0x980</size>
         <input_file_ref idref="fl-83"/>
      </object_component>
      <object_component id="oc-2f">
         <name>.debug_info</name>
         <load_address>0x1702</load_address>
         <run_address>0x1702</run_address>
         <size>0x8cb</size>
         <input_file_ref idref="fl-84"/>
      </object_component>
      <object_component id="oc-32">
         <name>.debug_info</name>
         <load_address>0x1fcd</load_address>
         <run_address>0x1fcd</run_address>
         <size>0x5df</size>
         <input_file_ref idref="fl-85"/>
      </object_component>
      <object_component id="oc-36">
         <name>.debug_info</name>
         <load_address>0x25ac</load_address>
         <run_address>0x25ac</run_address>
         <size>0x7ed</size>
         <input_file_ref idref="fl-86"/>
      </object_component>
      <object_component id="oc-3b">
         <name>.debug_info</name>
         <load_address>0x2d99</load_address>
         <run_address>0x2d99</run_address>
         <size>0x6fc</size>
         <input_file_ref idref="fl-87"/>
      </object_component>
      <object_component id="oc-40">
         <name>.debug_info</name>
         <load_address>0x3495</load_address>
         <run_address>0x3495</run_address>
         <size>0x87d</size>
         <input_file_ref idref="fl-88"/>
      </object_component>
      <object_component id="oc-43">
         <name>.debug_info</name>
         <load_address>0x3d12</load_address>
         <run_address>0x3d12</run_address>
         <size>0x77e</size>
         <input_file_ref idref="fl-89"/>
      </object_component>
      <object_component id="oc-46">
         <name>.debug_info</name>
         <load_address>0x4490</load_address>
         <run_address>0x4490</run_address>
         <size>0x6b4</size>
         <input_file_ref idref="fl-8a"/>
      </object_component>
      <object_component id="oc-49">
         <name>.debug_info</name>
         <load_address>0x4b44</load_address>
         <run_address>0x4b44</run_address>
         <size>0x68c</size>
         <input_file_ref idref="fl-8b"/>
      </object_component>
      <object_component id="oc-4c">
         <name>.debug_info</name>
         <load_address>0x51d0</load_address>
         <run_address>0x51d0</run_address>
         <size>0xaf0</size>
         <input_file_ref idref="fl-8c"/>
      </object_component>
      <object_component id="oc-51">
         <name>.debug_info</name>
         <load_address>0x5cc0</load_address>
         <run_address>0x5cc0</run_address>
         <size>0x8f5</size>
         <input_file_ref idref="fl-8d"/>
      </object_component>
      <object_component id="oc-54">
         <name>.debug_info</name>
         <load_address>0x65b5</load_address>
         <run_address>0x65b5</run_address>
         <size>0x827</size>
         <input_file_ref idref="fl-8e"/>
      </object_component>
      <object_component id="oc-57">
         <name>.debug_info</name>
         <load_address>0x6ddc</load_address>
         <run_address>0x6ddc</run_address>
         <size>0xb73</size>
         <input_file_ref idref="fl-8f"/>
      </object_component>
      <object_component id="oc-5b">
         <name>.debug_info</name>
         <load_address>0x794f</load_address>
         <run_address>0x794f</run_address>
         <size>0x669</size>
         <input_file_ref idref="fl-90"/>
      </object_component>
      <object_component id="oc-5e">
         <name>.debug_info</name>
         <load_address>0x7fb8</load_address>
         <run_address>0x7fb8</run_address>
         <size>0x818</size>
         <input_file_ref idref="fl-91"/>
      </object_component>
      <object_component id="oc-61">
         <name>.debug_info</name>
         <load_address>0x87d0</load_address>
         <run_address>0x87d0</run_address>
         <size>0x67c</size>
         <input_file_ref idref="fl-92"/>
      </object_component>
      <object_component id="oc-64">
         <name>.debug_info</name>
         <load_address>0x8e4c</load_address>
         <run_address>0x8e4c</run_address>
         <size>0x6fe</size>
         <input_file_ref idref="fl-93"/>
      </object_component>
      <object_component id="oc-67">
         <name>.debug_info</name>
         <load_address>0x954a</load_address>
         <run_address>0x954a</run_address>
         <size>0x1149</size>
         <input_file_ref idref="fl-94"/>
      </object_component>
      <object_component id="oc-6c">
         <name>.debug_info</name>
         <load_address>0xa693</load_address>
         <run_address>0xa693</run_address>
         <size>0xe2</size>
         <input_file_ref idref="fl-95"/>
      </object_component>
      <object_component id="oc-6f">
         <name>.debug_info</name>
         <load_address>0xa775</load_address>
         <run_address>0xa775</run_address>
         <size>0xb35</size>
         <input_file_ref idref="fl-96"/>
      </object_component>
      <object_component id="oc-75">
         <name>.debug_info</name>
         <load_address>0xb2aa</load_address>
         <run_address>0xb2aa</run_address>
         <size>0x7cb</size>
         <input_file_ref idref="fl-97"/>
      </object_component>
      <object_component id="oc-78">
         <name>.debug_info</name>
         <load_address>0xba75</load_address>
         <run_address>0xba75</run_address>
         <size>0x66b</size>
         <input_file_ref idref="fl-98"/>
      </object_component>
      <object_component id="oc-7b">
         <name>.debug_info</name>
         <load_address>0xc0e0</load_address>
         <run_address>0xc0e0</run_address>
         <size>0x615</size>
         <input_file_ref idref="fl-99"/>
      </object_component>
      <object_component id="oc-7e">
         <name>.debug_info</name>
         <load_address>0xc6f5</load_address>
         <run_address>0xc6f5</run_address>
         <size>0x8ff</size>
         <input_file_ref idref="fl-9a"/>
      </object_component>
      <object_component id="oc-81">
         <name>.debug_info</name>
         <load_address>0xcff4</load_address>
         <run_address>0xcff4</run_address>
         <size>0x6c4</size>
         <input_file_ref idref="fl-9b"/>
      </object_component>
      <object_component id="oc-86">
         <name>.debug_info</name>
         <load_address>0xd6b8</load_address>
         <run_address>0xd6b8</run_address>
         <size>0x661</size>
         <input_file_ref idref="fl-9c"/>
      </object_component>
      <object_component id="oc-89">
         <name>.debug_info</name>
         <load_address>0xdd19</load_address>
         <run_address>0xdd19</run_address>
         <size>0xef9</size>
         <input_file_ref idref="fl-9d"/>
      </object_component>
      <object_component id="oc-8d">
         <name>.debug_info</name>
         <load_address>0xec12</load_address>
         <run_address>0xec12</run_address>
         <size>0x8c6</size>
         <input_file_ref idref="fl-9e"/>
      </object_component>
      <object_component id="oc-91">
         <name>.debug_info</name>
         <load_address>0xf4d8</load_address>
         <run_address>0xf4d8</run_address>
         <size>0x757</size>
         <input_file_ref idref="fl-9f"/>
      </object_component>
      <object_component id="oc-94">
         <name>.debug_info</name>
         <load_address>0xfc2f</load_address>
         <run_address>0xfc2f</run_address>
         <size>0x649</size>
         <input_file_ref idref="fl-a0"/>
      </object_component>
      <object_component id="oc-99">
         <name>.debug_info</name>
         <load_address>0x10278</load_address>
         <run_address>0x10278</run_address>
         <size>0x2b51</size>
         <input_file_ref idref="fl-a1"/>
      </object_component>
      <object_component id="oc-9d">
         <name>.debug_info</name>
         <load_address>0x12dc9</load_address>
         <run_address>0x12dc9</run_address>
         <size>0x6de</size>
         <input_file_ref idref="fl-a2"/>
      </object_component>
      <object_component id="oc-a0">
         <name>.debug_info</name>
         <load_address>0x134a7</load_address>
         <run_address>0x134a7</run_address>
         <size>0x71b</size>
         <input_file_ref idref="fl-a3"/>
      </object_component>
      <object_component id="oc-a3">
         <name>.debug_info</name>
         <load_address>0x13bc2</load_address>
         <run_address>0x13bc2</run_address>
         <size>0x86c</size>
         <input_file_ref idref="fl-a4"/>
      </object_component>
      <object_component id="oc-a6">
         <name>.debug_info</name>
         <load_address>0x1442e</load_address>
         <run_address>0x1442e</run_address>
         <size>0x6e4</size>
         <input_file_ref idref="fl-a5"/>
      </object_component>
      <object_component id="oc-a9">
         <name>.debug_info</name>
         <load_address>0x14b12</load_address>
         <run_address>0x14b12</run_address>
         <size>0x7da</size>
         <input_file_ref idref="fl-a6"/>
      </object_component>
      <object_component id="oc-ac">
         <name>.debug_info</name>
         <load_address>0x152ec</load_address>
         <run_address>0x152ec</run_address>
         <size>0x5f7</size>
         <input_file_ref idref="fl-a7"/>
      </object_component>
      <object_component id="oc-ae">
         <name>.debug_info</name>
         <load_address>0x158e3</load_address>
         <run_address>0x158e3</run_address>
         <size>0x6e4</size>
         <input_file_ref idref="fl-a8"/>
      </object_component>
      <object_component id="oc-b2">
         <name>.debug_info</name>
         <load_address>0x15fc7</load_address>
         <run_address>0x15fc7</run_address>
         <size>0xd3</size>
         <input_file_ref idref="fl-a9"/>
      </object_component>
      <object_component id="oc-b5">
         <name>.debug_info</name>
         <load_address>0x1609a</load_address>
         <run_address>0x1609a</run_address>
         <size>0x68e</size>
         <input_file_ref idref="fl-aa"/>
      </object_component>
      <object_component id="oc-b8">
         <name>.debug_info</name>
         <load_address>0x16728</load_address>
         <run_address>0x16728</run_address>
         <size>0x6a7</size>
         <input_file_ref idref="fl-ab"/>
      </object_component>
      <object_component id="oc-bb">
         <name>.debug_info</name>
         <load_address>0x16dcf</load_address>
         <run_address>0x16dcf</run_address>
         <size>0x7b6</size>
         <input_file_ref idref="fl-ac"/>
      </object_component>
      <object_component id="oc-be">
         <name>.debug_info</name>
         <load_address>0x17585</load_address>
         <run_address>0x17585</run_address>
         <size>0x7b8</size>
         <input_file_ref idref="fl-ad"/>
      </object_component>
      <object_component id="oc-c1">
         <name>.debug_info</name>
         <load_address>0x17d3d</load_address>
         <run_address>0x17d3d</run_address>
         <size>0x7b3</size>
         <input_file_ref idref="fl-ae"/>
      </object_component>
      <object_component id="oc-c4">
         <name>.debug_info</name>
         <load_address>0x184f0</load_address>
         <run_address>0x184f0</run_address>
         <size>0x813</size>
         <input_file_ref idref="fl-af"/>
      </object_component>
      <object_component id="oc-c7">
         <name>.debug_info</name>
         <load_address>0x18d03</load_address>
         <run_address>0x18d03</run_address>
         <size>0x744</size>
         <input_file_ref idref="fl-b0"/>
      </object_component>
      <object_component id="oc-ca">
         <name>.debug_info</name>
         <load_address>0x19447</load_address>
         <run_address>0x19447</run_address>
         <size>0x6e7</size>
         <input_file_ref idref="fl-b1"/>
      </object_component>
      <object_component id="oc-cd">
         <name>.debug_info</name>
         <load_address>0x19b2e</load_address>
         <run_address>0x19b2e</run_address>
         <size>0x809</size>
         <input_file_ref idref="fl-b2"/>
      </object_component>
      <object_component id="oc-d0">
         <name>.debug_info</name>
         <load_address>0x1a337</load_address>
         <run_address>0x1a337</run_address>
         <size>0x5c9</size>
         <input_file_ref idref="fl-b3"/>
      </object_component>
      <object_component id="oc-15f">
         <name>.debug_info</name>
         <load_address>0x1a900</load_address>
         <run_address>0x1a900</run_address>
         <size>0x106</size>
      </object_component>
      <object_component id="oc-27">
         <name>.debug_line</name>
         <load_address>0x0</load_address>
         <run_address>0x0</run_address>
         <size>0x3d</size>
         <input_file_ref idref="fl-81"/>
      </object_component>
      <object_component id="oc-2a">
         <name>.debug_line</name>
         <load_address>0x3d</load_address>
         <run_address>0x3d</run_address>
         <size>0x38</size>
         <input_file_ref idref="fl-82"/>
      </object_component>
      <object_component id="oc-2d">
         <name>.debug_line</name>
         <load_address>0x75</load_address>
         <run_address>0x75</run_address>
         <size>0x3c</size>
         <input_file_ref idref="fl-83"/>
      </object_component>
      <object_component id="oc-30">
         <name>.debug_line</name>
         <load_address>0xb1</load_address>
         <run_address>0xb1</run_address>
         <size>0x3c</size>
         <input_file_ref idref="fl-84"/>
      </object_component>
      <object_component id="oc-39">
         <name>.debug_line</name>
         <load_address>0xed</load_address>
         <run_address>0xed</run_address>
         <size>0x4f</size>
         <input_file_ref idref="fl-86"/>
      </object_component>
      <object_component id="oc-3e">
         <name>.debug_line</name>
         <load_address>0x13c</load_address>
         <run_address>0x13c</run_address>
         <size>0x54</size>
         <input_file_ref idref="fl-87"/>
      </object_component>
      <object_component id="oc-41">
         <name>.debug_line</name>
         <load_address>0x190</load_address>
         <run_address>0x190</run_address>
         <size>0x53</size>
         <input_file_ref idref="fl-88"/>
      </object_component>
      <object_component id="oc-44">
         <name>.debug_line</name>
         <load_address>0x1e3</load_address>
         <run_address>0x1e3</run_address>
         <size>0x3e</size>
         <input_file_ref idref="fl-89"/>
      </object_component>
      <object_component id="oc-47">
         <name>.debug_line</name>
         <load_address>0x221</load_address>
         <run_address>0x221</run_address>
         <size>0x3d</size>
         <input_file_ref idref="fl-8a"/>
      </object_component>
      <object_component id="oc-4a">
         <name>.debug_line</name>
         <load_address>0x25e</load_address>
         <run_address>0x25e</run_address>
         <size>0x3d</size>
         <input_file_ref idref="fl-8b"/>
      </object_component>
      <object_component id="oc-4f">
         <name>.debug_line</name>
         <load_address>0x29b</load_address>
         <run_address>0x29b</run_address>
         <size>0x92</size>
         <input_file_ref idref="fl-8c"/>
      </object_component>
      <object_component id="oc-52">
         <name>.debug_line</name>
         <load_address>0x32d</load_address>
         <run_address>0x32d</run_address>
         <size>0x6b</size>
         <input_file_ref idref="fl-8d"/>
      </object_component>
      <object_component id="oc-55">
         <name>.debug_line</name>
         <load_address>0x398</load_address>
         <run_address>0x398</run_address>
         <size>0x3f</size>
         <input_file_ref idref="fl-8e"/>
      </object_component>
      <object_component id="oc-59">
         <name>.debug_line</name>
         <load_address>0x3d7</load_address>
         <run_address>0x3d7</run_address>
         <size>0xad</size>
         <input_file_ref idref="fl-8f"/>
      </object_component>
      <object_component id="oc-5c">
         <name>.debug_line</name>
         <load_address>0x484</load_address>
         <run_address>0x484</run_address>
         <size>0x3e</size>
         <input_file_ref idref="fl-90"/>
      </object_component>
      <object_component id="oc-5f">
         <name>.debug_line</name>
         <load_address>0x4c2</load_address>
         <run_address>0x4c2</run_address>
         <size>0x39</size>
         <input_file_ref idref="fl-91"/>
      </object_component>
      <object_component id="oc-62">
         <name>.debug_line</name>
         <load_address>0x4fb</load_address>
         <run_address>0x4fb</run_address>
         <size>0x39</size>
         <input_file_ref idref="fl-92"/>
      </object_component>
      <object_component id="oc-65">
         <name>.debug_line</name>
         <load_address>0x534</load_address>
         <run_address>0x534</run_address>
         <size>0x56</size>
         <input_file_ref idref="fl-93"/>
      </object_component>
      <object_component id="oc-6a">
         <name>.debug_line</name>
         <load_address>0x58a</load_address>
         <run_address>0x58a</run_address>
         <size>0x148</size>
         <input_file_ref idref="fl-94"/>
      </object_component>
      <object_component id="oc-6d">
         <name>.debug_line</name>
         <load_address>0x6d2</load_address>
         <run_address>0x6d2</run_address>
         <size>0x4a</size>
         <input_file_ref idref="fl-95"/>
      </object_component>
      <object_component id="oc-73">
         <name>.debug_line</name>
         <load_address>0x71c</load_address>
         <run_address>0x71c</run_address>
         <size>0xa7</size>
         <input_file_ref idref="fl-96"/>
      </object_component>
      <object_component id="oc-76">
         <name>.debug_line</name>
         <load_address>0x7c3</load_address>
         <run_address>0x7c3</run_address>
         <size>0x46</size>
         <input_file_ref idref="fl-97"/>
      </object_component>
      <object_component id="oc-79">
         <name>.debug_line</name>
         <load_address>0x809</load_address>
         <run_address>0x809</run_address>
         <size>0x38</size>
         <input_file_ref idref="fl-98"/>
      </object_component>
      <object_component id="oc-7c">
         <name>.debug_line</name>
         <load_address>0x841</load_address>
         <run_address>0x841</run_address>
         <size>0x39</size>
         <input_file_ref idref="fl-99"/>
      </object_component>
      <object_component id="oc-7f">
         <name>.debug_line</name>
         <load_address>0x87a</load_address>
         <run_address>0x87a</run_address>
         <size>0x6a</size>
         <input_file_ref idref="fl-9a"/>
      </object_component>
      <object_component id="oc-84">
         <name>.debug_line</name>
         <load_address>0x8e4</load_address>
         <run_address>0x8e4</run_address>
         <size>0x51</size>
         <input_file_ref idref="fl-9b"/>
      </object_component>
      <object_component id="oc-87">
         <name>.debug_line</name>
         <load_address>0x935</load_address>
         <run_address>0x935</run_address>
         <size>0x39</size>
         <input_file_ref idref="fl-9c"/>
      </object_component>
      <object_component id="oc-8b">
         <name>.debug_line</name>
         <load_address>0x96e</load_address>
         <run_address>0x96e</run_address>
         <size>0x13e</size>
         <input_file_ref idref="fl-9d"/>
      </object_component>
      <object_component id="oc-8f">
         <name>.debug_line</name>
         <load_address>0xaac</load_address>
         <run_address>0xaac</run_address>
         <size>0x66</size>
         <input_file_ref idref="fl-9e"/>
      </object_component>
      <object_component id="oc-92">
         <name>.debug_line</name>
         <load_address>0xb12</load_address>
         <run_address>0xb12</run_address>
         <size>0x40</size>
         <input_file_ref idref="fl-9f"/>
      </object_component>
      <object_component id="oc-97">
         <name>.debug_line</name>
         <load_address>0xb52</load_address>
         <run_address>0xb52</run_address>
         <size>0x35</size>
         <input_file_ref idref="fl-a0"/>
      </object_component>
      <object_component id="oc-9b">
         <name>.debug_line</name>
         <load_address>0xb87</load_address>
         <run_address>0xb87</run_address>
         <size>0x34a</size>
         <input_file_ref idref="fl-a1"/>
      </object_component>
      <object_component id="oc-9e">
         <name>.debug_line</name>
         <load_address>0xed1</load_address>
         <run_address>0xed1</run_address>
         <size>0x3f</size>
         <input_file_ref idref="fl-a2"/>
      </object_component>
      <object_component id="oc-a1">
         <name>.debug_line</name>
         <load_address>0xf10</load_address>
         <run_address>0xf10</run_address>
         <size>0x45</size>
         <input_file_ref idref="fl-a3"/>
      </object_component>
      <object_component id="oc-a4">
         <name>.debug_line</name>
         <load_address>0xf55</load_address>
         <run_address>0xf55</run_address>
         <size>0x49</size>
         <input_file_ref idref="fl-a4"/>
      </object_component>
      <object_component id="oc-a7">
         <name>.debug_line</name>
         <load_address>0xf9e</load_address>
         <run_address>0xf9e</run_address>
         <size>0x45</size>
         <input_file_ref idref="fl-a5"/>
      </object_component>
      <object_component id="oc-aa">
         <name>.debug_line</name>
         <load_address>0xfe3</load_address>
         <run_address>0xfe3</run_address>
         <size>0x44</size>
         <input_file_ref idref="fl-a6"/>
      </object_component>
      <object_component id="oc-b3">
         <name>.debug_line</name>
         <load_address>0x1027</load_address>
         <run_address>0x1027</run_address>
         <size>0x44</size>
         <input_file_ref idref="fl-a9"/>
      </object_component>
      <object_component id="oc-b6">
         <name>.debug_line</name>
         <load_address>0x106b</load_address>
         <run_address>0x106b</run_address>
         <size>0x3d</size>
         <input_file_ref idref="fl-aa"/>
      </object_component>
      <object_component id="oc-b9">
         <name>.debug_line</name>
         <load_address>0x10a8</load_address>
         <run_address>0x10a8</run_address>
         <size>0x3d</size>
         <input_file_ref idref="fl-ab"/>
      </object_component>
      <object_component id="oc-bc">
         <name>.debug_line</name>
         <load_address>0x10e5</load_address>
         <run_address>0x10e5</run_address>
         <size>0x3c</size>
         <input_file_ref idref="fl-ac"/>
      </object_component>
      <object_component id="oc-bf">
         <name>.debug_line</name>
         <load_address>0x1121</load_address>
         <run_address>0x1121</run_address>
         <size>0x71</size>
         <input_file_ref idref="fl-ad"/>
      </object_component>
      <object_component id="oc-c2">
         <name>.debug_line</name>
         <load_address>0x1192</load_address>
         <run_address>0x1192</run_address>
         <size>0x5e</size>
         <input_file_ref idref="fl-ae"/>
      </object_component>
      <object_component id="oc-c5">
         <name>.debug_line</name>
         <load_address>0x11f0</load_address>
         <run_address>0x11f0</run_address>
         <size>0x38</size>
         <input_file_ref idref="fl-af"/>
      </object_component>
      <object_component id="oc-c8">
         <name>.debug_line</name>
         <load_address>0x1228</load_address>
         <run_address>0x1228</run_address>
         <size>0x40</size>
         <input_file_ref idref="fl-b0"/>
      </object_component>
      <object_component id="oc-cb">
         <name>.debug_line</name>
         <load_address>0x1268</load_address>
         <run_address>0x1268</run_address>
         <size>0x3f</size>
         <input_file_ref idref="fl-b1"/>
      </object_component>
      <object_component id="oc-ce">
         <name>.debug_line</name>
         <load_address>0x12a7</load_address>
         <run_address>0x12a7</run_address>
         <size>0x3f</size>
         <input_file_ref idref="fl-b2"/>
      </object_component>
      <object_component id="oc-d1">
         <name>.debug_line</name>
         <load_address>0x12e6</load_address>
         <run_address>0x12e6</run_address>
         <size>0x23</size>
         <input_file_ref idref="fl-b3"/>
      </object_component>
      <object_component id="oc-28">
         <name>.debug_abbrev</name>
         <load_address>0x0</load_address>
         <run_address>0x0</run_address>
         <size>0xfe</size>
         <input_file_ref idref="fl-81"/>
      </object_component>
      <object_component id="oc-2b">
         <name>.debug_abbrev</name>
         <load_address>0xfe</load_address>
         <run_address>0xfe</run_address>
         <size>0xb6</size>
         <input_file_ref idref="fl-82"/>
      </object_component>
      <object_component id="oc-2e">
         <name>.debug_abbrev</name>
         <load_address>0x1b4</load_address>
         <run_address>0x1b4</run_address>
         <size>0xf5</size>
         <input_file_ref idref="fl-83"/>
      </object_component>
      <object_component id="oc-31">
         <name>.debug_abbrev</name>
         <load_address>0x2a9</load_address>
         <run_address>0x2a9</run_address>
         <size>0xe7</size>
         <input_file_ref idref="fl-84"/>
      </object_component>
      <object_component id="oc-35">
         <name>.debug_abbrev</name>
         <load_address>0x390</load_address>
         <run_address>0x390</run_address>
         <size>0x44</size>
         <input_file_ref idref="fl-85"/>
      </object_component>
      <object_component id="oc-3a">
         <name>.debug_abbrev</name>
         <load_address>0x3d4</load_address>
         <run_address>0x3d4</run_address>
         <size>0x119</size>
         <input_file_ref idref="fl-86"/>
      </object_component>
      <object_component id="oc-3f">
         <name>.debug_abbrev</name>
         <load_address>0x4ed</load_address>
         <run_address>0x4ed</run_address>
         <size>0xdc</size>
         <input_file_ref idref="fl-87"/>
      </object_component>
      <object_component id="oc-42">
         <name>.debug_abbrev</name>
         <load_address>0x5c9</load_address>
         <run_address>0x5c9</run_address>
         <size>0x130</size>
         <input_file_ref idref="fl-88"/>
      </object_component>
      <object_component id="oc-45">
         <name>.debug_abbrev</name>
         <load_address>0x6f9</load_address>
         <run_address>0x6f9</run_address>
         <size>0x12d</size>
         <input_file_ref idref="fl-89"/>
      </object_component>
      <object_component id="oc-48">
         <name>.debug_abbrev</name>
[...]
         <value>0xffffffff</value>
      </symbol>
      <symbol id="sm-13">
         <name>___etext__</name>
         <value>0xffffffff</value>
      </symbol>
      <symbol id="sm-14">
         <name>.data</name>
         <value>0xffffffff</value>
      </symbol>
      <symbol id="sm-15">
         <name>___data__</name>
         <value>0xffffffff</value>
      </symbol>
      <symbol id="sm-16">
         <name>edata</name>
         <value>0xffffffff</value>
      </symbol>
      <symbol id="sm-17">
         <name>___edata__</name>
         <value>0xffffffff</value>
      </symbol>
      <symbol id="sm-18">
         <name>.bss</name>
         <value>0x800000</value>
      </symbol>
      <symbol id="sm-19">
         <name>___bss__</name>
         <value>0x800000</value>
      </symbol>
      <symbol id="sm-1a">
         <name>end</name>
         <value>0x800000</value>
      </symbol>
      <symbol id="sm-1b">
         <name>___end__</name>
         <value>0x800000</value>
      </symbol>
      <symbol id="sm-1c">
         <name>___TI_pprof_out_hndl</name>
         <value>0xffffffff</value>
      </symbol>
      <symbol id="sm-1d">
         <name>___TI_prof_data_start</name>
         <value>0xffffffff</value>
      </symbol>
      <symbol id="sm-1e">
         <name>___TI_prof_data_size</name>
         <value>0xffffffff</value>
      </symbol>
      <symbol id="sm-1f">
         <name>$bss</name>
         <value>0x800000</value>
      </symbol>
      <symbol id="sm-55">
         <name>_logtable</name>
         <value>0x8123f0</value>
         <object_component_ref idref="oc-1d"/>
      </symbol>
      <symbol id="sm-56">
         <name>_kTable</name>
         <value>0x812430</value>
         <object_component_ref idref="oc-1d"/>
      </symbol>
      <symbol id="sm-57">
         <name>_jTable</name>
         <value>0x812450</value>
         <object_component_ref idref="oc-1d"/>
      </symbol>
      <symbol id="sm-58">
         <name>_V</name>
         <value>0x812470</value>
         <object_component_ref idref="oc-1d"/>
      </symbol>
      <symbol id="sm-76">
         <name>_input_data</name>
         <value>0x80ddf8</value>
         <object_component_ref idref="oc-1f"/>
      </symbol>
      <symbol id="sm-77">
         <name>_output_data</name>
         <value>0x8041a0</value>
         <object_component_ref idref="oc-1f"/>
      </symbol>
      <symbol id="sm-78">
         <name>_b_sc</name>
         <value>0x804010</value>
         <object_component_ref idref="oc-1f"/>
      </symbol>
      <symbol id="sm-79">
         <name>_a_sc</name>
         <value>0x803e80</value>
         <object_component_ref idref="oc-1f"/>
      </symbol>
      <symbol id="sm-7a">
         <name>_a_ext</name>
         <value>0x800000</value>
         <object_component_ref idref="oc-1f"/>
      </symbol>
      <symbol id="sm-7b">
         <name>_b_ext</name>
         <value>0x801f40</value>
         <object_component_ref idref="oc-1f"/>
      </symbol>
      <symbol id="sm-7c">
         <name>_output</name>
         <value>0x80dde0</value>
         <object_component_ref idref="oc-1f"/>
      </symbol>
      <symbol id="sm-7d">
         <name>_isequal</name>
         <value>0x821704</value>
         <object_component_ref idref="oc-eb"/>
      </symbol>
      <symbol id="sm-7e">
         <name>_input</name>
         <value>0x811c78</value>
         <object_component_ref idref="oc-1f"/>
      </symbol>
      <symbol id="sm-7f">
         <name>_gimme_random</name>
         <value>0x8219e4</value>
         <object_component_ref idref="oc-eb"/>
      </symbol>
      <symbol id="sm-c1">
         <name>_print_test_results</name>
         <value>0x81f940</value>
         <object_component_ref idref="oc-e5"/>
      </symbol>
      <symbol id="sm-c2">
         <name>_fcn_pass</name>
         <value>0x8124d8</value>
         <object_component_ref idref="oc-20"/>
      </symbol>
      <symbol id="sm-c3">
         <name>_print_memory_results</name>
         <value>0x81fe0c</value>
         <object_component_ref idref="oc-e5"/>
      </symbol>
      <symbol id="sm-c4">
         <name>_driver_init</name>
         <value>0x81feec</value>
         <object_component_ref idref="oc-e5"/>
      </symbol>
      <symbol id="sm-c5">
         <name>_fp</name>
         <value>0x812494</value>
         <object_component_ref idref="oc-20"/>
      </symbol>
      <symbol id="sm-c6">
         <name>_print_profile_results</name>
         <value>0x81fcec</value>
         <object_component_ref idref="oc-e5"/>
      </symbol>
      <symbol id="sm-c7">
         <name>_all_pass</name>
         <value>0x8124ec</value>
         <object_component_ref idref="oc-20"/>
      </symbol>
      <symbol id="sm-c8">
         <name>_t_stop</name>
         <value>0x8124a0</value>
         <object_component_ref idref="oc-20"/>
      </symbol>
      <symbol id="sm-c9">
         <name>_t_offset</name>
         <value>0x8124a8</value>
         <object_component_ref idref="oc-20"/>
      </symbol>
      <symbol id="sm-ca">
         <name>_seed</name>
         <value>0x812490</value>
         <object_component_ref idref="oc-20"/>
      </symbol>
      <symbol id="sm-cb">
         <name>_cycle_counts</name>
         <value>0x8124b0</value>
         <object_component_ref idref="oc-20"/>
      </symbol>
      <symbol id="sm-cc">
         <name>_t_start</name>
         <value>0x812498</value>
         <object_component_ref idref="oc-20"/>
      </symbol>
      <symbol id="sm-114">
         <name>_main</name>
         <value>0x81e540</value>
         <object_component_ref idref="oc-e1"/>
      </symbol>
      <symbol id="sm-115">
         <name>_a</name>
         <value>0x811c80</value>
         <object_component_ref idref="oc-23"/>
      </symbol>
      <symbol id="sm-124">
         <name>_c_int00</name>
         <value>0x8268c0</value>
         <object_component_ref idref="oc-1b"/>
      </symbol>
      <symbol id="sm-125">
         <name>__stack</name>
         <value>0x812538</value>
         <object_component_ref idref="oc-26"/>
      </symbol>
      <symbol id="sm-133">
         <name>_coshf</name>
         <value>0x8245a0</value>
         <object_component_ref idref="oc-e6"/>
      </symbol>
      <symbol id="sm-144">
         <name>__divd</name>
         <value>0x81ffa0</value>
         <object_component_ref idref="oc-f6"/>
      </symbol>
      <symbol id="sm-154">
         <name>__divf</name>
         <value>0x822000</value>
         <object_component_ref idref="oc-f5"/>
      </symbol>
      <symbol id="sm-15e">
         <name>_errno</name>
         <value>0x811fa4</value>
         <object_component_ref idref="oc-34"/>
      </symbol>
      <symbol id="sm-175">
         <name>C$$EXIT</name>
         <value>0x8270c0</value>
         <object_component_ref idref="oc-e2"/>
      </symbol>
      <symbol id="sm-176">
         <name>_exit</name>
         <value>0x825e40</value>
         <object_component_ref idref="oc-d5"/>
      </symbol>
      <symbol id="sm-177">
         <name>___TI_enable_exit_profile_output</name>
         <value>0x812514</value>
         <object_component_ref idref="oc-38"/>
      </symbol>
      <symbol id="sm-178">
         <name>_abort</name>
         <value>0x8270c0</value>
         <object_component_ref idref="oc-e2"/>
      </symbol>
      <symbol id="sm-179">
         <name>__cleanup_ptr</name>
         <value>0x81250c</value>
         <object_component_ref idref="oc-38"/>
      </symbol>
      <symbol id="sm-17a">
         <name>__dtors_ptr</name>
         <value>0x812510</value>
         <object_component_ref idref="oc-38"/>
      </symbol>
      <symbol id="sm-18c">
         <name>_expf</name>
         <value>0x823fc0</value>
         <object_component_ref idref="oc-f4"/>
      </symbol>
      <symbol id="sm-1a2">
         <name>__closefile</name>
         <value>0x824820</value>
         <object_component_ref idref="oc-102"/>
      </symbol>
      <symbol id="sm-1a3">
         <name>_fclose</name>
         <value>0x826c40</value>
         <object_component_ref idref="oc-f2"/>
      </symbol>
      <symbol id="sm-1b0">
         <name>__doflush</name>
         <value>0x825d80</value>
         <object_component_ref idref="oc-10f"/>
      </symbol>
      <symbol id="sm-1c0">
         <name>__fixdlli</name>
         <value>0x824ec0</value>
         <object_component_ref idref="oc-ed"/>
      </symbol>
      <symbol id="sm-1ce">
         <name>__fltllif</name>
         <value>0x825480</value>
         <object_component_ref idref="oc-ec"/>
      </symbol>
      <symbol id="sm-1f7">
         <name>__cleanup</name>
         <value>0x825fa0</value>
         <object_component_ref idref="oc-10d"/>
      </symbol>
      <symbol id="sm-1f8">
         <name>_fopen</name>
         <value>0x826ca0</value>
         <object_component_ref idref="oc-f0"/>
      </symbol>
      <symbol id="sm-20d">
         <name>_fprintf</name>
         <value>0x8250c0</value>
         <object_component_ref idref="oc-f1"/>
      </symbol>
      <symbol id="sm-228">
         <name>_putc</name>
         <value>0x8232e0</value>
         <object_component_ref idref="oc-10b"/>
      </symbol>
      <symbol id="sm-229">
         <name>_fputc</name>
         <value>0x8232e0</value>
         <object_component_ref idref="oc-10b"/>
      </symbol>
      <symbol id="sm-24b">
         <name>_fputs</name>
         <value>0x821340</value>
         <object_component_ref idref="oc-106"/>
      </symbol>
      <symbol id="sm-255">
         <name>__frcmpyd_div</name>
         <value>0x826b20</value>
         <object_component_ref idref="oc-105"/>
      </symbol>
      <symbol id="sm-25f">
         <name>___isinff</name>
         <value>0x826fe0</value>
         <object_component_ref idref="oc-f7"/>
      </symbol>
      <symbol id="sm-26d">
         <name>_ldexpf</name>
         <value>0x824ca0</value>
         <object_component_ref idref="oc-104"/>
      </symbol>
      <symbol id="sm-27b">
         <name>__llshl</name>
         <value>0x826840</value>
         <object_component_ref idref="oc-f9"/>
      </symbol>
      <symbol id="sm-27c">
         <name>__llshru</name>
         <value>0x826b80</value>
         <object_component_ref idref="oc-fa"/>
      </symbol>
      <symbol id="sm-2ca">
         <name>_unlink</name>
         <value>0x826a40</value>
         <object_component_ref idref="oc-11d"/>
      </symbol>
      <symbol id="sm-2cb">
         <name>_open</name>
         <value>0x8242e0</value>
         <object_component_ref idref="oc-10e"/>
      </symbol>
      <symbol id="sm-2cc">
         <name>_lseek</name>
         <value>0x8264a0</value>
         <object_component_ref idref="oc-129"/>
      </symbol>
      <symbol id="sm-2cd">
         <name>_close</name>
         <value>0x825640</value>
         <object_component_ref idref="oc-111"/>
      </symbol>
      <symbol id="sm-2ce">
         <name>_write</name>
         <value>0x826720</value>
         <object_component_ref idref="oc-114"/>
      </symbol>
      <symbol id="sm-2d6">
         <name>_memcpy</name>
         <value>0x826540</value>
         <object_component_ref idref="oc-df"/>
      </symbol>
      <symbol id="sm-30f">
         <name>__sys_memory</name>
         <value>0x827140</value>
         <object_component_ref idref="oc-72"/>
      </symbol>
      <symbol id="sm-310">
         <name>_free</name>
         <value>0x822780</value>
         <object_component_ref idref="oc-110"/>
      </symbol>
      <symbol id="sm-311">
         <name>_malloc</name>
         <value>0x824160</value>
         <object_component_ref idref="oc-12a"/>
      </symbol>
      <symbol id="sm-31c">
         <name>_memset</name>
         <value>0x825800</value>
         <object_component_ref idref="oc-10c"/>
      </symbol>
      <symbol id="sm-327">
         <name>_modff</name>
         <value>0x826d60</value>
         <object_component_ref idref="oc-103"/>
      </symbol>
      <symbol id="sm-331">
         <name>__negll</name>
         <value>0x827000</value>
         <object_component_ref idref="oc-f8"/>
      </symbol>
      <symbol id="sm-346">
         <name>_printf</name>
         <value>0x8258e0</value>
         <object_component_ref idref="oc-ee"/>
      </symbol>
      <symbol id="sm-35b">
         <name>_rand</name>
         <value>0x826940</value>
         <object_component_ref idref="oc-ef"/>
      </symbol>
      <symbol id="sm-35c">
         <name>_srand</name>
         <value>0x826dc0</value>
         <object_component_ref idref="oc-f3"/>
      </symbol>
      <symbol id="sm-366">
         <name>_remove</name>
         <value>0x8270e0</value>
         <object_component_ref idref="oc-112"/>
      </symbol>
      <symbol id="sm-38f">
         <name>_HOSTopen</name>
         <value>0x8252c0</value>
         <object_component_ref idref="oc-d6"/>
      </symbol>
      <symbol id="sm-390">
         <name>_HOSTread</name>
         <value>0x8259c0</value>
         <object_component_ref idref="oc-d8"/>
      </symbol>
      <symbol id="sm-391">
         <name>_HOSTrename</name>
         <value>0x823c80</value>
         <object_component_ref idref="oc-dc"/>
      </symbol>
      <symbol id="sm-392">
         <name>_HOSTwrite</name>
         <value>0x825b40</value>
         <object_component_ref idref="oc-d9"/>
      </symbol>
      <symbol id="sm-393">
         <name>_HOSTlseek</name>
         <value>0x824dc0</value>
         <object_component_ref idref="oc-da"/>
      </symbol>
      <symbol id="sm-394">
         <name>_HOSTunlink</name>
         <value>0x825a80</value>
         <object_component_ref idref="oc-db"/>
      </symbol>
      <symbol id="sm-395">
         <name>_HOSTclose</name>
         <value>0x825f00</value>
         <object_component_ref idref="oc-d7"/>
      </symbol>
      <symbol id="sm-3a5">
         <name>C$$IO$$</name>
         <value>0x826ed8</value>
         <object_component_ref idref="oc-e3"/>
      </symbol>
      <symbol id="sm-3a6">
         <name>__CIOBUF_</name>
         <value>0x82fa88</value>
         <object_component_ref idref="oc-8e"/>
      </symbol>
      <symbol id="sm-3a7">
         <name>_readmsg</name>
         <value>0x8269c0</value>
         <object_component_ref idref="oc-e4"/>
      </symbol>
      <symbol id="sm-3a8">
         <name>_writemsg</name>
         <value>0x826e80</value>
         <object_component_ref idref="oc-e3"/>
      </symbol>
      <symbol id="sm-3b7">
         <name>__wrt_ok</name>
         <value>0x824fc0</value>
         <object_component_ref idref="oc-113"/>
      </symbol>
      <symbol id="sm-3c5">
         <name>__unlock</name>
         <value>0x81251c</value>
         <object_component_ref idref="oc-96"/>
      </symbol>
      <symbol id="sm-3c6">
         <name>__lock</name>
         <value>0x812518</value>
         <object_component_ref idref="oc-96"/>
      </symbol>
      <symbol id="sm-3c7">
         <name>__nop</name>
         <value>0x827020</value>
         <object_component_ref idref="oc-dd"/>
      </symbol>
      <symbol id="sm-4d1">
         <name>__printfi</name>
         <value>0x820ac0</value>
         <object_component_ref idref="oc-fc"/>
      </symbol>
      <symbol id="sm-4db">
         <name>__args_main</name>
         <value>0x826f60</value>
         <object_component_ref idref="oc-d4"/>
      </symbol>
      <symbol id="sm-4dc">
         <name>__TI_args_main</name>
         <value>0x1</value>
      </symbol>
      <symbol id="sm-4ea">
         <name>_atoi</name>
         <value>0x825560</value>
         <object_component_ref idref="oc-115"/>
      </symbol>
      <symbol id="sm-4f9">
         <name>__auto_init</name>
         <value>0x825c00</value>
         <object_component_ref idref="oc-d3"/>
      </symbol>
      <symbol id="sm-506">
         <name>___TI_cpp_init</name>
         <value>0x826ac0</value>
         <object_component_ref idref="oc-e0"/>
      </symbol>
      <symbol id="sm-514">
         <name>_copy_in</name>
         <value>0x826360</value>
         <object_component_ref idref="oc-de"/>
      </symbol>
      <symbol id="sm-51c">
         <name>__ctypes_</name>
         <value>0x82f908</value>
         <object_component_ref idref="oc-120"/>
      </symbol>
      <symbol id="sm-526">
         <name>__tmpnams</name>
         <value>0x812188</value>
         <object_component_ref idref="oc-b0"/>
      </symbol>
      <symbol id="sm-527">
         <name>__ft_end</name>
         <value>0x8122c8</value>
         <object_component_ref idref="oc-b0"/>
      </symbol>
      <symbol id="sm-528">
         <name>__ftable</name>
         <value>0x811fa8</value>
         <object_component_ref idref="oc-b0"/>
      </symbol>
      <symbol id="sm-531">
         <name>__c6xabi_divu</name>
         <value>0x825cc0</value>
         <object_component_ref idref="oc-134"/>
      </symbol>
      <symbol id="sm-532">
         <name>__divu</name>
         <value>0x825cc0</value>
         <object_component_ref idref="oc-134"/>
      </symbol>
      <symbol id="sm-53f">
         <name>__fixdli</name>
         <value>0x826220</value>
         <object_component_ref idref="oc-131"/>
      </symbol>
      <symbol id="sm-54a">
         <name>__fltlid</name>
         <value>0x8267c0</value>
         <object_component_ref idref="oc-133"/>
      </symbol>
      <symbol id="sm-55b">
         <name>_fseek</name>
         <value>0x824b80</value>
         <object_component_ref idref="oc-11e"/>
      </symbol>
      <symbol id="sm-56b">
         <name>__divul</name>
         <value>0x823e20</value>
         <object_component_ref idref="oc-135"/>
      </symbol>
      <symbol id="sm-56c">
         <name>__remli</name>
         <value>0x826fa0</value>
         <object_component_ref idref="oc-137"/>
      </symbol>
      <symbol id="sm-56d">
         <name>__divli</name>
         <value>0x826040</value>
         <object_component_ref idref="oc-138"/>
      </symbol>
      <symbol id="sm-580">
         <name>__subcull</name>
         <value>0x826be0</value>
         <object_component_ref idref="oc-139"/>
      </symbol>
      <symbol id="sm-581">
         <name>__divull</name>
         <value>0x822a00</value>
         <object_component_ref idref="oc-136"/>
      </symbol>
      <symbol id="sm-58b">
         <name>___isinf</name>
         <value>0x826ee0</value>
         <object_component_ref idref="oc-122"/>
      </symbol>
      <symbol id="sm-598">
         <name>_ltoa</name>
         <value>0x825720</value>
         <object_component_ref idref="oc-132"/>
      </symbol>
      <symbol id="sm-5a5">
         <name>_memccpy</name>
         <value>0x826d00</value>
         <object_component_ref idref="oc-118"/>
      </symbol>
      <symbol id="sm-5bb">
         <name>_setvbuf</name>
         <value>0x823700</value>
         <object_component_ref idref="oc-11f"/>
      </symbol>
      <symbol id="sm-5ca">
         <name>_coshsp</name>
         <value>0x830840</value>
         <object_component_ref idref="oc-e7"/>
      </symbol>
      <symbol id="sm-5d3">
         <name>_coshsp_c</name>
         <value>0x830b20</value>
         <object_component_ref idref="oc-e8"/>
      </symbol>
      <symbol id="sm-5dc">
         <name>_coshsp_v</name>
         <value>0x82fbc0</value>
         <object_component_ref idref="oc-ea"/>
      </symbol>
   </symbol_table>
</link_info>
